Archive member included because of file (symbol)

mac_core/tests/apidemo/.output/AR6320/hw.3/lib/libapidemo.a(app_start.o)
                              (app_start)
mac_core/tests/apidemo/.output/AR6320/hw.3/lib/libapidemo.a(apidemo.o)
                              mac_core/tests/apidemo/.output/AR6320/hw.3/lib/libapidemo.a(app_start.o) (apidemo_main)
mac_core/apps/lib/.output/AR6320/hw.3/lib/libapp.a(shadow_register.o)
                              mac_core/tests/apidemo/.output/AR6320/hw.3/lib/libapidemo.a(apidemo.o) (shadow_register)

Memory Configuration

Name             Origin             Length             Attributes
lit_seg          0x0097b000         0x0000a000
iram_seg         0x00985000         0x00093000
dram_seg         0x004144d0         0x0003bb30
strip_seg        0x01000000         0x00100000
*default*        0x00000000         0xffffffff

Linker script and memory map

START GROUP
LOAD mac_core/apps/lib/.output/AR6320/hw.3/lib/libapp.a
LOAD mac_core/tests/apidemo/.output/AR6320/hw.3/lib/libapidemo.a
END GROUP

.lit4           0x0097b000     0x5000
                0x0097b000                _lit4_start = ABSOLUTE (.)
                0x0097b000                _lit4_end = ABSOLUTE (.)
                0x0097b000                _rom_literal_start = ABSOLUTE (.)
                0x00980000                . = (. + 0x5000)
 *fill*         0x0097b000     0x5000 00
                0x00980000                _rom_literal_end = ABSOLUTE (.)

.dport0.literal
                0x00980000        0x0
                0x00980000                _dport0_literal_start = ABSOLUTE (.)
 *(.dport0.literal)
 *(.dport.literal)
                0x00980000                _dport0_literal_end = ABSOLUTE (.)

.literals       0x00980000       0xec
                0x00980000                _literals_start = ABSOLUTE (.)
 *(*.lit4)
 .lit4          0x00980000       0x18 mac_core/tests/apidemo/.output/AR6320/hw.3/lib/libapidemo.a(app_start.o)
                                 0x1c (size before relaxing)
 .lit4          0x00980018       0xd4 mac_core/tests/apidemo/.output/AR6320/hw.3/lib/libapidemo.a(apidemo.o)
                                0x10c (size before relaxing)
 *(.gnu.linkonce.lit4.*)
                0x009800ec                _literals_end = ABSOLUTE (.)

.dram0.literal  0x009800ec        0x0
                0x009800ec                _dram0_literal_start = ABSOLUTE (.)
 *(.dram0.literal)
 *(.dram.literal)
                0x009800ec                _dram0_literal_end = ABSOLUTE (.)

.dport0.rodata  0x004144d0        0x0
                0x004144d0                _dport0_rodata_start = ABSOLUTE (.)
 *(.dport0.rodata)
 *(.dport.rodata)
                0x004144d0                _dport0_rodata_end = ABSOLUTE (.)

.dram0.rodata   0x004144d0        0x0
                0x004144d0                _dram0_rodata_start = ABSOLUTE (.)
 *(.dram0.rodata)
 *(.dram.rodata)
                0x004144d0                _dram0_rodata_end = ABSOLUTE (.)

.rodata         0x004144d0       0x38
                0x004144d0                _rodata_start = ABSOLUTE (.)
 *(.rodata)
 *(.rodata.*)
 .rodata.str1.4
                0x004144d0       0x28 mac_core/tests/apidemo/.output/AR6320/hw.3/lib/libapidemo.a(apidemo.o)
                                 0x29 (size before relaxing)
 *(.gnu.linkonce.r.*)
 *(.rodata1)
                0x004144f8                __XT_EXCEPTION_TABLE__ = ABSOLUTE (.)
 *(.xt_except_table)
 *(.gcc_except_table)
 *(.gnu.linkonce.e.*)
 *(.gnu.version_r)
                0x004144f8                . = ALIGN (0x4)
                0x004144f8                _bss_table_start = ABSOLUTE (.)
                0x004144f8        0x4 LONG 0x414508 _dport0_bss_start
                0x004144fc        0x4 LONG 0x414508 _dport0_bss_end
                0x00414500        0x4 LONG 0x414540 _bss_start
                0x00414504        0x4 LONG 0x414568 _bss_end
                0x00414508                _bss_table_end = ABSOLUTE (.)
                0x00414508                _rodata_end = ABSOLUTE (.)

.dport0.data    0x00414508        0x0
                0x00414508                _dport0_data_start = ABSOLUTE (.)
 *(.dport0.data)
 *(.dport.data)
                0x00414508                _dport0_data_end = ABSOLUTE (.)

.dport0.bss     0x00414508        0x0
                0x00414508                . = ALIGN (0x8)
                0x00414508                _dport0_bss_start = ABSOLUTE (.)
 *(.dport0.bss)
                0x00414508                . = ALIGN (0x8)
                0x00414508                _dport0_bss_end = ABSOLUTE (.)

.dram0.data     0x00414508        0x0
                0x00414508                _dram0_data_start = ABSOLUTE (.)
 *(.dram0.data)
 *(.dram.data)
                0x00414508                _dram0_data_end = ABSOLUTE (.)

.data           0x00414510       0x28
                0x00414510                _data_start = ABSOLUTE (.)
 *(.data)
 .data          0x00414510        0x0 mac_core/tests/apidemo/.output/AR6320/hw.3/lib/libapidemo.a(app_start.o)
 .data          0x00414510       0x28 mac_core/tests/apidemo/.output/AR6320/hw.3/lib/libapidemo.a(apidemo.o)
                0x00414510                LF_timer_tests_remaining
                0x00414514                junk
                0x00414520                refclk_strings
 .data          0x00414538        0x0 mac_core/apps/lib/.output/AR6320/hw.3/lib/libapp.a(shadow_register.o)
 *(.data.*)
 *(.gnu.linkonce.d.*)
 *(.data1)
 *(.sdata)
 *(.sdata.*)
 *(.gnu.linkonce.s.*)
 *(.sdata2)
 *(.sdata2.*)
 *(.gnu.linkonce.s2.*)
 *(.jcr)
 *(.eh_frame)
 *crtbegin.o(.ctors)
 *(EXCLUDE_FILE(*crtend.o) .ctors)
 *(SORT(.ctors.*))
 *(.ctors)
 *crtbegin.o(.dtors)
 *(EXCLUDE_FILE(*crtend.o) .dtors)
 *(SORT(.dtors.*))
 *(.dtors)
                0x00414538                __XT_EXCEPTION_DESCS__ = ABSOLUTE (.)
 *(.xt_except_desc)
 *(.gnu.linkonce.h.*)
                0x00414538                __XT_EXCEPTION_DESCS_END__ = ABSOLUTE (.)
 *(.xt_except_desc_end)
 *(.dynamic)
 *(.gnu.version_d)
                0x00414538                _data_end = ABSOLUTE (.)

.bss            0x00414540       0x28
                0x00414540                . = ALIGN (0x8)
                0x00414540                _bss_start = ABSOLUTE (.)
 *(.dynsbss)
 *(.sbss)
 *(.sbss.*)
 *(.gnu.linkonce.sb.*)
 *(.scommon)
 *(.sbss2)
 *(.sbss2.*)
 *(.gnu.linkonce.sb2.*)
 *(.dynbss)
 *(.bss)
 .bss           0x00414540        0x0 mac_core/tests/apidemo/.output/AR6320/hw.3/lib/libapidemo.a(app_start.o)
 .bss           0x00414540       0x28 mac_core/tests/apidemo/.output/AR6320/hw.3/lib/libapidemo.a(apidemo.o)
                0x00414540                start_timer_test
                0x00414548                alarm_count
                0x00414550                my_alarm
 .bss           0x00414568        0x0 mac_core/apps/lib/.output/AR6320/hw.3/lib/libapp.a(shadow_register.o)
 *(.bss.*)
 *(.gnu.linkonce.b.*)
 *(COMMON)
 *(.dram0.bss)
                0x00414568                . = ALIGN (0x8)
                0x00414568                _bss_end = ABSOLUTE (.)
                0x00414568                _end = ALIGN (0x8)
                0x00414568                PROVIDE (end, ALIGN (0x8))
                0x00414568                _stack_sentry = ALIGN (0x8)

.iram0.text     0x00985000        0x0
                0x00985000                _iram0_text_start = ABSOLUTE (.)
 *(.iram0.literal .iram.literal .iram.text.literal .iram0.text .iram.text)
                0x00985000                _iram0_text_end = ABSOLUTE (.)

.text           0x00985000      0x824
                0x00985000                _stext = .
                0x00985000                _text_start = ABSOLUTE (.)
 *(.entry.text)
 *(.init.literal)
 *(.init)
 *(.literal .text .text.* .stub .gnu.warning .gnu.linkonce.literal.* .gnu.linkonce.t.*.literal .gnu.linkonce.t.*)
 .text          0x00985000       0x56 mac_core/tests/apidemo/.output/AR6320/hw.3/lib/libapidemo.a(app_start.o)
                                 0x59 (size before relaxing)
                0x00985000                app_start
 *fill*         0x00985056        0x2 00
 .text          0x00985058      0x404 mac_core/tests/apidemo/.output/AR6320/hw.3/lib/libapidemo.a(apidemo.o)
                0x00985058                cmnos_allocram_ex
                0x0098506c                my_timer_handler
                0x009850b8                more_tests1
                0x0098515c                more_tests2
                0x00985260                my_alarm_func
                0x009852ac                apidemo_main
 *fill*         0x0098545c        0x0 00
 .text          0x0098545c        0xa mac_core/apps/lib/.output/AR6320/hw.3/lib/libapp.a(shadow_register.o)
                0x0098545c                shadow_register
 *(.fini.literal)
 *(.fini)
 *(.gnu.version)
                0x00985466                _text_end = ABSOLUTE (.)
                0x00985466                _etext = .
                0x00985468                . = ALIGN (0x4)
 *fill*         0x00985466        0x2 00
 *(.unpatchable.rodata)
 *fill*         0x00985468        0x8 00
 .unpatchable.rodata
                0x00985470       0x12 mac_core/tests/apidemo/.output/AR6320/hw.3/lib/libapidemo.a(app_start.o)
 *fill*         0x00985482        0xe 00
 .unpatchable.rodata
                0x00985490      0x392 mac_core/tests/apidemo/.output/AR6320/hw.3/lib/libapidemo.a(apidemo.o)
                0x00985824                . = ALIGN (0x4)
 *fill*         0x00985822        0x2 00
 *(.iram_rwdata)
                0x00985824                . = ALIGN (0x4)
                0x00985824                _eiram_data = .

.debug
 *(.debug)

.line
 *(.line)

.debug_srcinfo
 *(.debug_srcinfo)

.debug_sfnames
 *(.debug_sfnames)

.comment        0x00000000       0xd9
 .comment       0x00000000       0x47 mac_core/tests/apidemo/.output/AR6320/hw.3/lib/libapidemo.a(app_start.o)
                                 0x48 (size before relaxing)
 .comment       0x00000047       0x45 mac_core/tests/apidemo/.output/AR6320/hw.3/lib/libapidemo.a(apidemo.o)
                                 0x46 (size before relaxing)
 .comment       0x0000008c       0x4d mac_core/apps/lib/.output/AR6320/hw.3/lib/libapp.a(shadow_register.o)
                                 0x4e (size before relaxing)

.xtensa.info    0x00000000      0x1bc
 .xtensa.info   0x00000000      0x1bc mac_core/tests/apidemo/.output/AR6320/hw.3/lib/libapidemo.a(app_start.o)
 .xtensa.info   0x00000000        0x0 mac_core/tests/apidemo/.output/AR6320/hw.3/lib/libapidemo.a(apidemo.o)
 .xtensa.info   0x00000000        0x0 mac_core/apps/lib/.output/AR6320/hw.3/lib/libapp.a(shadow_register.o)

.debug_aranges  0x00000000       0x60
 *(.debug_aranges)
 .debug_aranges
                0x00000000       0x20 mac_core/tests/apidemo/.output/AR6320/hw.3/lib/libapidemo.a(app_start.o)
 .debug_aranges
                0x00000020       0x20 mac_core/tests/apidemo/.output/AR6320/hw.3/lib/libapidemo.a(apidemo.o)
 .debug_aranges
                0x00000040       0x20 mac_core/apps/lib/.output/AR6320/hw.3/lib/libapp.a(shadow_register.o)

.debug_pubnames
                0x00000000      0x131
 *(.debug_pubnames)
 .debug_pubnames
                0x00000000       0x20 mac_core/tests/apidemo/.output/AR6320/hw.3/lib/libapidemo.a(app_start.o)
 .debug_pubnames
                0x00000020       0xeb mac_core/tests/apidemo/.output/AR6320/hw.3/lib/libapidemo.a(apidemo.o)
 .debug_pubnames
                0x0000010b       0x26 mac_core/apps/lib/.output/AR6320/hw.3/lib/libapp.a(shadow_register.o)

.debug_info     0x00000000    0x1789e
 *(.debug_info)
 .debug_info    0x00000000     0x7aba mac_core/tests/apidemo/.output/AR6320/hw.3/lib/libapidemo.a(app_start.o)
 .debug_info    0x00007aba     0x8325 mac_core/tests/apidemo/.output/AR6320/hw.3/lib/libapidemo.a(apidemo.o)
 .debug_info    0x0000fddf     0x7abf mac_core/apps/lib/.output/AR6320/hw.3/lib/libapp.a(shadow_register.o)

.debug_abbrev   0x00000000      0x4f7
 *(.debug_abbrev)
 .debug_abbrev  0x00000000      0x184 mac_core/tests/apidemo/.output/AR6320/hw.3/lib/libapidemo.a(app_start.o)
 .debug_abbrev  0x00000184      0x201 mac_core/tests/apidemo/.output/AR6320/hw.3/lib/libapidemo.a(apidemo.o)
 .debug_abbrev  0x00000385      0x172 mac_core/apps/lib/.output/AR6320/hw.3/lib/libapp.a(shadow_register.o)

.debug_line     0x00000000      0xa0a
 *(.debug_line)
 .debug_line    0x00000000      0x2bd mac_core/tests/apidemo/.output/AR6320/hw.3/lib/libapidemo.a(app_start.o)
 .debug_line    0x000002bd      0x4ef mac_core/tests/apidemo/.output/AR6320/hw.3/lib/libapidemo.a(apidemo.o)
 .debug_line    0x000007ac      0x25e mac_core/apps/lib/.output/AR6320/hw.3/lib/libapp.a(shadow_register.o)

.debug_frame
 *(.debug_frame)

.debug_str
 *(.debug_str)

.debug_loc
 *(.debug_loc)

.debug_macinfo
 *(.debug_macinfo)

.debug_weaknames
 *(.debug_weaknames)

.debug_funcnames
 *(.debug_funcnames)

.debug_typenames
 *(.debug_typenames)

.debug_varnames
 *(.debug_varnames)

.xt.insn
 *(.xt.insn)
 *(.gnu.linkonce.x.*)

.xt.prop        0x00000000      0x480
 *(.xt.prop)
 .xt.prop       0x00000000       0x3c mac_core/tests/apidemo/.output/AR6320/hw.3/lib/libapidemo.a(app_start.o)
                                 0x84 (size before relaxing)
 .xt.prop       0x0000003c      0x42c mac_core/tests/apidemo/.output/AR6320/hw.3/lib/libapidemo.a(apidemo.o)
                                0x768 (size before relaxing)
 .xt.prop       0x00000468       0x18 mac_core/apps/lib/.output/AR6320/hw.3/lib/libapp.a(shadow_register.o)
 *(.gnu.linkonce.prop.*)

.xt.lit
 *(.xt.lit)
 *(.gnu.linkonce.p.*)

.athwlan.slc
 *(.athwlan.slc)

.athwlan.sla    0x009800ec        0x0
                0x009800ec                log_sla_start = ABSOLUTE (.)
 *(.athwlan.sla)
                0x009800ec                log_sla_finish = ABSOLUTE (.)

.athwlan.pack
 *(.athwlan.pack)

.memstats_desc  0x01000000      0x12e
                0x01000000                memstat_start = ABSOLUTE (.)
 *(.memstats_desc)
 .memstats_desc
                0x01000000      0x12e mac_core/tests/apidemo/.output/AR6320/hw.3/lib/libapidemo.a(apidemo.o)
                0x00400000                PROVIDE (_indir_tbl, 0x400000)
                0x0040445c                PROVIDE (dbglog_config, 0x40445c)
                0x0092ed58                PROVIDE (dbglog_record_log_buf, 0x92ed58)
                0x0092e910                PROVIDE (dbglog_manage_log_buffer, 0x92e910)
                0x0092e9fc                PROVIDE (dbglog_add_argument, 0x92e9fc)
                0x00917258                PROVIDE (dbglog_resume, 0x917258)
                0x00917238                PROVIDE (dbglog_suspend, 0x917238)
                0x0093f0c0                PROVIDE (whalAttach, 0x93f0c0)
                0x00407e84                PROVIDE (whalIndirectionTable, 0x407e84)
                0x00413800                PROVIDE (whalAttachTable, 0x413800)
                0x0093c86c                PROVIDE (ar6320ProgIniTables, 0x93c86c)
                0x0093c938                PROVIDE (ar6320ProgTxFirTable, 0x93c938)
                0x004137f0                PROVIDE (whalChainMaskToNumChains, 0x4137f0)
                0x00919fac                PROVIDE (mboxhw_module_install, 0x919fac)
                0x00912a6c                PROVIDE (cmnos_allocram_module_install, 0x912a6c)
                0x009183b8                PROVIDE (gpio_module_install, 0x9183b8)
                0x009177e4                PROVIDE (dbglog_module_install, 0x9177e4)
                0x0091f030                PROVIDE (md5_module_install, 0x91f030)
                0x00952cb8                PROVIDE (memcpy, 0x952cb8)
                0x00952f4c                PROVIDE (memset, 0x952f4c)
                0x00952a18                PROVIDE (__divsi3, 0x952a18)
                0x00952acc                PROVIDE (__udivsi3, 0x952acc)
                0x00952b1c                PROVIDE (__umodsi3, 0x952b1c)
                0x00952a80                PROVIDE (__modsi3, 0x952a80)
                0x009514b8                PROVIDE (__udivdi3, 0x9514b8)
                0x00952b74                PROVIDE (__ashrdi3, 0x952b74)
                0x00916af8                PROVIDE (timer_insert, 0x916af8)
                0x00952c20                PROVIDE (memcmp, 0x952c20)
                0x00952db0                PROVIDE (memmove, 0x952db0)
                0x00951c7c                PROVIDE (strcpy, 0x951c7c)
                0x00951e58                PROVIDE (strncpy, 0x951e58)
                0x00951d0c                PROVIDE (strlen, 0x951d0c)
                0x00951b58                PROVIDE (strcmp, 0x951b58)
                0x00951d70                PROVIDE (strncmp, 0x951d70)
                0x00910700                PROVIDE (athos_block_all_intrlvl, 0x910700)
                0x00910714                PROVIDE (athos_restore_intrlvl, 0x910714)
                0x00913b60                PROVIDE (cmnos_delay_us, 0x913b60)
                0x009147e8                PROVIDE (cmnos_dsr_attach, 0x9147e8)
                0x00913b94                PROVIDE (cmnos_milliseconds, 0x913b94)
                0x00915be8                PROVIDE (cmnos_printf, 0x915be8)
                0x00913bdc                PROVIDE (cmnos_refclk_speed_get, 0x913bdc)
                0x00916bcc                PROVIDE (cmnos_timer_arm, 0x916bcc)
                0x00916c08                PROVIDE (cmnos_timer_disarm, 0x916c08)
                0x00916ac4                PROVIDE (cmnos_timer_setfn, 0x916ac4)
                0x00913c40                PROVIDE (cmnos_uart_frequency, 0x913c40)
                0x00914818                PROVIDE (cmnos_dsr_detach, 0x914818)
                0x00914894                PROVIDE (cmnos_intr_mask_inum, 0x914894)
                0x009148dc                PROVIDE (cmnos_intr_unmask_inum, 0x9148dc)
                0x0091482c                PROVIDE (cmnos_isr_attach, 0x91482c)
                0x00914880                PROVIDE (cmnos_isr_detach, 0x914880)
                0x00914920                PROVIDE (cmnos_intr_invoke_isr, 0x914920)
                0x00915554                PROVIDE (cmnos_power_syssleep_control, 0x915554)
                0x00916c98                PROVIDE (cmnos_timer_done, 0x916c98)
                0x0091554c                PROVIDE (cmnos_power_uart_control, 0x91554c)
                0x009160f8                PROVIDE (cmnos_serial_getc, 0x9160f8)
                0x00916024                PROVIDE (cmnos_serial_hwinit, 0x916024)
                0x00913c84                PROVIDE (cmnos_wlan_band_set, 0x913c84)
                0x00916ec8                PROVIDE (cmnos_wdt_enable, 0x916ec8)
                0x00912ab0                PROVIDE (cmnos_bddata_addr, 0x912ab0)
                0x00916e84                PROVIDE (cmnos_wdt_current_action, 0x916e84)
                0x00912a90                PROVIDE (cmnos_bddata_setup, 0x912a90)
                0x00914c44                PROVIDE (cmnos_system_reset, 0x914c44)
                0x00913b18                PROVIDE (cmnos_dcache_flush, 0x913b18)
                0x00913b28                PROVIDE (cmnos_dcache_invalidate, 0x913b28)
                0x00915174                PROVIDE (cmnos_target_id_get, 0x915174)
                0x00915180                PROVIDE (cmnos_is_host_present, 0x915180)
                0x00916f4c                PROVIDE (cmnos_wdt_disable, 0x916f4c)
                0x00916f90                PROVIDE (cmnos_wdt_restore, 0x916f90)
                0x0091268c                PROVIDE (cmnos_allocram, 0x91268c)
                0x00914b60                PROVIDE (cmnos_mbox_word_pop, 0x914b60)
                0x00914c60                PROVIDE (cmnos_mac_reset, 0x914c60)
                0x0091612c                PROVIDE (cmnos_serial_init, 0x91612c)
                0x00915c84                PROVIDE (cmnos_printf_init, 0x915c84)
                0x00952b90                PROVIDE (__lshrdi3, 0x952b90)
                0x00404490                PROVIDE (debug_timer, 0x404490)
                0x00404494                PROVIDE (debug_timerfn, 0x404494)
                0x00916a1c                PROVIDE (cmnos_timer_intr_set, 0x916a1c)
                0x00916e90                PROVIDE (cmnos_wdt_reset, 0x916e90)
                0x004131e0                PROVIDE (rfModeArray, 0x4131e0)
                0x00413220                PROVIDE (bandArray, 0x413220)
                0x009407f4                PROVIDE (ar6000SetWapiKeyidSearch, 0x9407f4)
                0x00940be0                PROVIDE (ar6000SetChannel, 0x940be0)
                0x0094d108                PROVIDE (ar6000EepromReset, 0x94d108)
                0x004115e0                PROVIDE (curr_band, 0x4115e0)
                0x0093a544                PROVIDE (ar6000PerCalibration, 0x93a544)
                0x004058f4                PROVIDE (pWhalAniIndirectionTable, 0x4058f4)
                0x009395b4                PROVIDE (ar6000SetSleepRegisters, 0x9395b4)
                0x0094d08c                PROVIDE (ar6000SetRegulatoryDomain, 0x94d08c)
                0x009398c0                PROVIDE (ar6000Reset, 0x9398c0)
                0x0093ddf8                PROVIDE (ar6000AllocateTxQueue, 0x93ddf8)
                0x0094cc24                PROVIDE (ar6000EepromSetTransmitPower, 0x94cc24)
                0x0093d190                PROVIDE (ar6000ResetTxQueue, 0x93d190)
                0x00401fc0                PROVIDE (board_data, 0x401fc0)
                0x00919400                PROVIDE (_MboxHW_AllocDMADesc, 0x919400)
                0x00919494                PROVIDE (_MboxHW_AllocInstallDMASentinel, 0x919494)
                0x00404570                PROVIDE (g_pMboxInstances, 0x404570)
                0x0094e144                PROVIDE (ar6000SetPowerCalTable, 0x94e144)
                0x0094ae94                PROVIDE (getLowerUpperIndex, 0x94ae94)
                0x0094b264                PROVIDE (fbin2freq, 0x94b264)
                0x0094ae50                PROVIDE (interpolate_round, 0x94ae50)
                0x009160b4                PROVIDE (cmnos_serial_putc, 0x9160b4)
                0x00413f20                PROVIDE (_bfp_api, 0x413f20)
                0x009192cc                PROVIDE (_spi_wait_part_done, 0x9192cc)
                0x00918888                PROVIDE (_i2c_wait_part_done, 0x918888)
                0x009193f4                PROVIDE (spi_nvramr_module_install, 0x9193f4)
                0x00918890                PROVIDE (i2c_nvramr_module_install, 0x918890)
                0x0041190c                PROVIDE (si_api, 0x41190c)
                0x004118d8                PROVIDE (nvram_configp, 0x4118d8)
                0x0040453c                PROVIDE (nvramr_api, 0x40453c)
                0x009393dc                PROVIDE (ar6000WriteAssocid, 0x9393dc)
                0x0091a3c0                PROVIDE (efuse_module_install, 0x91a3c0)
                0x00404580                PROVIDE (efuse_api, 0x404580)
                0x0091a5d0                PROVIDE (otpstream_read_module_install, 0x91a5d0)
                0x00404bdc                PROVIDE (otpstream_api, 0x404bdc)
                0x00404bd8                PROVIDE (otpstream_max_index, 0x404bd8)
                0x00404be4                PROVIDE (otpstream_index, 0x404be4)
                0x00404bd0                PROVIDE (otpstream_remaining, 0x404bd0)
                0x00404be8                PROVIDE (otpstream_start_index, 0x404be8)
                0x00404bed                PROVIDE (otpstream_POP_symbol, 0x404bed)
                0x00404bee                PROVIDE (otpstream_END_symbol, 0x404bee)
                0x00404bec                PROVIDE (otpstream_ESCAPE_symbol, 0x404bec)
                0x00404c14                PROVIDE (otpstream_escbytes_remaining, 0x404c14)
                0x00404be0                PROVIDE (otpstream_current_op, 0x404be0)
                0x009394ac                PROVIDE (ar6000SetOperatingMode, 0x9394ac)
                0x009203c4                PROVIDE (rc4_skip, 0x9203c4)
                0x004062f8                PROVIDE (pWhalPaprdIndirectionTable, 0x4062f8)
                0x0040a850                PROVIDE (pWhalEepromIndirectionTable, 0x40a850)
                0x0094b938                PROVIDE (ar6000EepromSetBoardValues, 0x94b938)
                0x0093a9b8                PROVIDE (ar6000GetCurrentTemp, 0x93a9b8)
                0x0040ab90                PROVIDE (g_bp, 0x40ab90)
                0x00413f1c                PROVIDE (_bfp_pvt_api, 0x413f1c)
                0x00936670                PROVIDE (ar6000PaprdHwEnable, 0x936670)
                0x0091d01c                PROVIDE (hif_module_install, 0x91d01c)
                0x0040a2e0                PROVIDE (eepromStruct, 0x40a2e0)
                0x0040a850                PROVIDE (pWhalEepromIndirectionTable, 0x40a850)
                0x00400a00                PROVIDE (boot_info, 0x400a00)
                0x00408924                PROVIDE (descProductString, 0x408924)
                0x00408920                PROVIDE (descManufacturerString, 0x408920)
                0x0040a050                PROVIDE (g_usb_bmi_info, 0x40a050)
                0x00910848                PROVIDE (athos_init_part2, 0x910848)
                0x00404d04                PROVIDE (g_hifUSBCtx, 0x404d04)
                0x004120c0                PROVIDE (_hif, 0x4120c0)
                0x0091a638                PROVIDE (_i2s_attach, 0x91a638)
                0x00411870                PROVIDE (malloc_api, 0x411870)
                0x00936794                PROVIDE (ar6000PaprdSetupTraining, 0x936794)
                0x00936770                PROVIDE (ar6000PaprdTrainingStopped, 0x936770)
                0x009369dc                PROVIDE (ar6000PaprdStopTraining, 0x9369dc)
                0x00936e44                PROVIDE (ar6000PaprdTrainNextGainIndex, 0x936e44)
                0x00937ce8                PROVIDE (ar6000PaprdCalibrationResetSM, 0x937ce8)
                0x00407da4                PROVIDE (pWhalResetIndirectionTable, 0x407da4)
                0x0041380c                PROVIDE (whalInternalIndirectionTable, 0x41380c)
                0x004085cc                PROVIDE (whalPreInitFn, 0x4085cc)
                0x009355d4                PROVIDE (ar6000NfGetCalHist, 0x9355d4)
                0x009396cc                PROVIDE (ar6000Set11nRegs, 0x9396cc)
                0x00939598                PROVIDE (ar6000ChannelSetCommon, 0x939598)
                0x00407e80                PROVIDE (gpAR6000WhalStruct, 0x407e80)
                0x0093ef00                PROVIDE (ar6000Attach, 0x93ef00)
                0x00952b5c                PROVIDE (__ashldi3, 0x952b5c)
                0x0093ca40                PROVIDE (ar6000ComputeTxTime, 0x93ca40)
                0x0040402c                PROVIDE (clock_info, 0x40402c)
                0x00404048                PROVIDE (cmnos_skip_bb_pll_init, 0x404048)
                0x00404024                PROVIDE (cmnos_cpu_speed, 0x404024)
                0x004115f0                PROVIDE (cmnos_clocking_table, 0x4115f0)
                0x00404038                PROVIDE (cmnos_skip_cpu_pll_init, 0x404038)
                0x00404020                PROVIDE (cmnos_cpu_pll_init_done, 0x404020)
                0x009355f4                PROVIDE (ar6000NfLimitRange, 0x9355f4)
                0x009474b4                PROVIDE (dma_lib_module_install, 0x9474b4)
                0x004137e0                PROVIDE (whalNumChannel, 0x4137e0)
                0x004137d8                PROVIDE (cipherToDescKeyType, 0x4137d8)
                0x00404bd4                PROVIDE (otpstream_min_index, 0x404bd4)
                0x00938294                PROVIDE (ar6000PaprdReset, 0x938294)
                0x00401e8c                PROVIDE (dma_local_bits, 0x401e8c)
                0x0091ed0c                PROVIDE (CE_module_install, 0x91ed0c)
                0x004122c0                PROVIDE (CE_API, 0x4122c0)
                0x0091dea0                PROVIDE (pipecfg_module_install, 0x91dea0)
                0x004120d0                PROVIDE (pipecfg_api, 0x4120d0)
                0x00404d90                PROVIDE (CE_pipe_config, 0x404d90)
                0x0041150c                PROVIDE (pcie_state, 0x41150c)
                0x00404584                PROVIDE (efuse_cache, 0x404584)
                0x0040a2c4                PROVIDE (gpMciStruct, 0x40a2c4)
                0x004085d0                PROVIDE (pWhalStruct, 0x4085d0)
                0x00401e34                PROVIDE (debug_iframe, 0x401e34)
                0x004122cc                PROVIDE (_qheap_fn, 0x4122cc)
                0x00412344                PROVIDE (_pool_mgr_fn, 0x412344)
                0x00404028                PROVIDE (cmnos_core_clk_div, 0x404028)
                0x00913bec                PROVIDE (cmnos_speed_to_hz, 0x913bec)
                0x00405070                PROVIDE (CE_id_to_state, 0x405070)
                0x00411540                PROVIDE (pcie_clock_gate_control, 0x411540)
                0x00411594                PROVIDE (pcie_txbuf_axi_gate_control, 0x411594)
                0x004122c4                PROVIDE (CE_per_engine_iteration_limit, 0x4122c4)
                0x004122c8                PROVIDE (CE_per_engine_max_reap, 0x4122c8)
                0x0041157c                PROVIDE (pcielp_ltr_handler, 0x41157c)
                0x00912248                PROVIDE (pcielp_ltr_get_platform_msg, 0x912248)
                0x00912328                PROVIDE (pcielp_ltr_enabled, 0x912328)
                0x009122ac                PROVIDE (pcielp_ltr_request_send, 0x9122ac)
                0x00912478                PROVIDE (pcielp_buffering_cfg, 0x912478)
                0x00401eb0                PROVIDE (pcielp_notify_event, 0x401eb0)
                0x00401ea8                PROVIDE (pcielp_notify_suspend, 0x401ea8)
                0x00411580                PROVIDE (pcielp_obff_handler, 0x411580)
                0x00405070                PROVIDE (CE_id_to_state, 0x405070)
                0x00411540                PROVIDE (pcie_clock_gate_control, 0x411540)
                0x00401ee0                PROVIDE (pcie_state_s, 0x401ee0)
                0x0091e008                PROVIDE (_CE_send, 0x91e008)
                0x00413640                PROVIDE (iniTable, 0x413640)
                0x00407de0                PROVIDE (iniTableDfs, 0x407de0)
                0x00941b08                PROVIDE (ar6000BeaconInit, 0x941b08)
                0x00941c64                PROVIDE (ar6000BeaconExit, 0x941c64)
                0x00941ccc                PROVIDE (ar6000SetNDPTimer, 0x941ccc)
                0x00941d60                PROVIDE (ar6000SetStaBeaconTimers, 0x941d60)
                0x009421fc                PROVIDE (ar6000ClearStaBeaconTimers, 0x9421fc)
                0x0094273c                PROVIDE (ar6000BeaconReset, 0x94273c)
                0x00942810                PROVIDE (ar6000SetQuiet, 0x942810)
                0x00411514                PROVIDE (pcie_config_space_init, 0x411514)
                0x00401ea0                PROVIDE (pcie_is_paused, 0x401ea0)
                0x0093d574                PROVIDE (ar6000CalcBitmapFailures, 0x93d574)
                0x00407e18                PROVIDE (g_dbg_skip_bt_per, 0x407e18)
                0x00942318                PROVIDE (ar6000GetTsf32, 0x942318)
                0x009422dc                PROVIDE (ar6000GetTsf64, 0x9422dc)
                0x0040a2c0                PROVIDE (gpWhalCoexStruct, 0x40a2c0)
                0x00412310                PROVIDE (aes_wrap_api, 0x412310)
                0x00412318                PROVIDE (SHA1ApiIndirectionTable, 0x412318)
                0x00938704                PROVIDE (ar6000RecvReset, 0x938704)
                0x00413180                PROVIDE (rx_comp_sizes, 0x413180)
                0x004122e4                PROVIDE (aes_int_api, 0x4122e4)
                0x004125a8                PROVIDE (wal_peer_api_tbl, 0x4125a8)
                0x004123c0                PROVIDE (wal_ast_api_tbl, 0x4123c0)
                0x00412560                PROVIDE (wal_peer_mcast_api_tbl, 0x412560)
                0x004128f0                PROVIDE (wal_rx_api_indir_tbl, 0x4128f0)
                0x00412528                PROVIDE (wal_local_frames_api_indir_tbl, 0x412528)
                0x004126c8                PROVIDE (wal_dev_api_tbl, 0x4126c8)
                0x004127f4                PROVIDE (_wal_rc_api_fn, 0x4127f4)
                0x00412e4c                PROVIDE (_wal_thermal_mgmt_api, 0x412e4c)
                0x004123dc                PROVIDE (wal_channel_change_api, 0x4123dc)
                0x00412ab4                PROVIDE (_tx_de_api, 0x412ab4)
                0x00412bb0                PROVIDE (wal_tx_send_api_indir_tbl, 0x412bb0)
                0x004123c8                PROVIDE (wal_chain_mgmt_api, 0x4123c8)
                0x00412454                PROVIDE (wal_pause_api_tbl, 0x412454)
                0x00412cf4                PROVIDE (_wal_beacon_api, 0x412cf4)
                0x00412c10                PROVIDE (wal_vdev_api_tbl, 0x412c10)
                0x00412e6c                PROVIDE (g_timer_api_tbl, 0x412e6c)
                0x00412af0                PROVIDE (tx_send_api_indir_tbl, 0x412af0)
                0x00412a88                PROVIDE (tx_dbg_api_indir_tbl, 0x412a88)
                0x004127c0                PROVIDE (tid_to_ac_map, 0x4127c0)
                0x00412780                PROVIDE (ac_to_tid_1_map, 0x412780)
                0x004058a0                PROVIDE (g_htt_tgt_rx_pkt_sel, 0x4058a0)
                0x004058b0                PROVIDE (g_htt_tgt_rx_comp_sel, 0x4058b0)
                0x00412b98                PROVIDE (g_dbg_subfrms_max, 0x412b98)
                0x0040588c                PROVIDE (g_dbg_aggr_ok, 0x40588c)
                0x00412658                PROVIDE (g_dbg_rx_reorder, 0x412658)
                0x0041235c                PROVIDE (g_dbg_wal_max_msdus, 0x41235c)
                0x00405420                PROVIDE (g_dbg_wal_stats, 0x405420)
                0x00412dd4                PROVIDE (wal_rtt_api, 0x412dd4)
                0x004058c0                PROVIDE (g_htt_tgt_rx_comp_offset_dwords, 0x4058c0)
                0x00412d64                PROVIDE (_wal_concurrency_api, 0x412d64)
                0x00405428                PROVIDE (g_walCoexApiTable, 0x405428)
                0x00412c90                PROVIDE (_tx_sch_api, 0x412c90)
                0x00412d88                PROVIDE (wal_pps_api_tbl, 0x412d88)
                0x00404d00                PROVIDE (HIF_CE_memcpy_hdl, 0x404d00)
                0x004129d4                PROVIDE (wal_spectral_api, 0x4129d4)
                0x004085c0                PROVIDE (g_whalCoexModuleApiTable, 0x4085c0)
                0x00412610                PROVIDE (wal_peer_internal_api_tbl, 0x412610)
                0x00412400                PROVIDE (_wal_pause_internal_api_tbl, 0x412400)
                0x00404534                PROVIDE (malloc_arena_default_block, 0x404534)
                0x00412e90                PROVIDE (module_id_api, 0x412e90)
                0x00412a4c                PROVIDE (wal_txbf_api_tbl, 0x412a4c)
                0x0091d148                PROVIDE (_HIF_CE_send_buffer, 0x91d148)
                0x00911bb0                PROVIDE (pcie_pause, 0x911bb0)
                0x00911ca0                PROVIDE (pcie_resume, 0x911ca0)
                0x0041152c                PROVIDE (pcie_clock_gate_bits, 0x41152c)
                0x00401ed8                PROVIDE (pcielp_l1ss_override, 0x401ed8)
                0x00411588                PROVIDE (pcielp_clkpm_handler, 0x411588)
                0x00411584                PROVIDE (pcielp_l1ss_handler, 0x411584)
                0x00411530                PROVIDE (pcie_workaround_bits, 0x411530)
                0x0041150c                PROVIDE (pcie_state, 0x41150c)
                0x0041151c                PROVIDE (gpio_pcie_reset_intr, 0x41151c)
                0x00411510                PROVIDE (pcie_set_bias_current, 0x411510)
                0x00911e24                PROVIDE (pcie_host_wake, 0x911e24)
                0x00911ea8                PROVIDE (pcie_host_awake_ack, 0x911ea8)
                0x00407da8                PROVIDE (whalConfigFlag, 0x407da8)
                0x00407d94                PROVIDE (waitForNfCalToComplete, 0x407d94)
                0x00412b44                PROVIDE (tx_send_internal_indir_tbl, 0x412b44)
                0x0041293c                PROVIDE (rx_internal_indir_tbl, 0x41293c)
                0x004129a0                PROVIDE (rx_ring_comp_orders, 0x4129a0)
                0x0040f000                PROVIDE (wal_decap_to_whal_decap, 0x40f000)
                0x00412394                PROVIDE (wal_ast_internal_api_tbl, 0x412394)
                0x00405654                PROVIDE (_g_rc_non_data_bw, 0x405654)
                0x00405884                PROVIDE (g_dbg_no_sw_retry, 0x405884)
                0x004127a0                PROVIDE (ac_to_tid_2_map, 0x4127a0)
                0x0040a068                PROVIDE (g_usb_bmi_flags, 0x40a068)
                0x00413d6c                PROVIDE (g_usb_diag_reset_delay_us, 0x413d6c)
                0x0040a06c                PROVIDE (g_usb_diag_reset_addr, 0x40a06c)
                0x0040a070                PROVIDE (g_usb_diag_reset_value, 0x40a070)
                0x00408ab4                PROVIDE (usb_snps_api, 0x408ab4)
                0x00413d70                PROVIDE (g_usb_warm_reset_no_wait, 0x413d70)
                0x00413c3c                PROVIDE (g_USB3PcdIndirectionTable, 0x413c3c)
                0x00413890                PROVIDE (g_USB3CilIndirectionTable, 0x413890)
                0x00944e60                PROVIDE (set_vendor_post_callback, 0x944e60)
                0x004120e0                PROVIDE (USB_OUT_pipe_config, 0x4120e0)
                0x00412110                PROVIDE (USB_IN_pipe_config, 0x412110)
                0x00412140                PROVIDE (default_service_to_USB_pipe_map, 0x412140)
                0x00411820                PROVIDE (timer_type_info, 0x411820)
                0x0093ae90                PROVIDE (rom_shadow_register, 0x93ae90)
                0x0093aae8                PROVIDE (ar6000ResetAttach, 0x93aae8)
                0x0094da18                PROVIDE (ar6000EepromAttach, 0x94da18)
                0x00948260                PROVIDE (whal_coex_module_install, 0x948260)
                0x00411858                PROVIDE (dbglog_dispatch_tbl, 0x411858)
                0x00916aac                PROVIDE (cmnos_timer_register_util_functions, 0x916aac)
                0x00916cbc                PROVIDE (cmnos_timer_handler, 0x916cbc)
                0x00916a68                PROVIDE (lf_timer_now_function, 0x916a68)
                0x00916a78                PROVIDE (lf_timer_millis_to_timer_ticks, 0x916a78)
                0x00916aac                PROVIDE (cmnos_timer_register_util_functions, 0x916aac)
                0x009143e0                PROVIDE (cmnos_timer_intr_clear, 0x9143e0)
                0x00411768                PROVIDE (hang_isr_error, 0x411768)
                0x00411770                PROVIDE (cmnos_lf_timer_info, 0x411770)
                0x00404060                PROVIDE (pending_timer_intrs, 0x404060)
                0x009143e0                PROVIDE (cmnos_timer_intr_clear, 0x9143e0)
                0x00412cec                PROVIDE (_wal_beacon_internal_api, 0x412cec)
                0x00412360                PROVIDE (_tx_q_enq_api, 0x412360)
                0x00412550                PROVIDE (local_frames_api_indir_tbl, 0x412550)
                0x00412abc                PROVIDE (_tx_dm_api, 0x412abc)
                0x00412bc4                PROVIDE (_wal_vdev_internal_api_tbl, 0x412bc4)
                0x00412990                PROVIDE (rx_api_indir_tbl, 0x412990)
                0x00412754                PROVIDE (_wal_pdev_api, 0x412754)
                0x004126a0                PROVIDE (_wal_dev_internal_api_tbl, 0x4126a0)
                0x00412d48                PROVIDE (_wal_concurrency_internal_api, 0x412d48)
                0x004044c0                PROVIDE (logtimer, 0x4044c0)
                0x0093aae8                PROVIDE (ar6000ResetAttach, 0x93aae8)
                0x0094239c                PROVIDE (ar6000GetBRssi, 0x94239c)
                0x0092aa5c                PROVIDE (_rx_resume, 0x92aa5c)
                0x00405838                PROVIDE (g_wal_de_cache, 0x405838)
                0x00405864                PROVIDE (g_dbg_de_cache_disable, 0x405864)
                0x00405868                PROVIDE (g_dbg_de_cache_stored, 0x405868)
                0x00412aa4                PROVIDE (_tx_de_internal_fn, 0x412aa4)
                0x0092ca80                PROVIDE (_tx_de_cache_match, 0x92ca80)
                0x004129d0                PROVIDE (rx_offload_api_indir_tbl, 0x4129d0)
                0x00412a38                PROVIDE (wal_tdls_api_tbl, 0x412a38)
                0x0040a870                PROVIDE (g_gtx_cfg, 0x40a870)
                0x00407db0                PROVIDE (p_ar6000InitCalStruct_fn, 0x407db0)
                0x00407c78                PROVIDE (pWhalNfCalIndirectionTable, 0x407c78)
                0x00407d98                PROVIDE (pWhalCalIndirectionTable, 0x407d98)
                0x009356a0                PROVIDE (ar6000InitNfCalStruct, 0x9356a0)
                0x00407dd8                PROVIDE (pWhalAGCCalIndirectionTable, 0x407dd8)
                0x00407dac                PROVIDE (pWhalRxDcCalIndirectionTable, 0x407dac)
                0x00407dc8                PROVIDE (pWhalAdcDcCalIndirectionTable, 0x407dc8)
                0x00407dd0                PROVIDE (pWhalAdcGainCalIndirectionTable, 0x407dd0)
                0x0093ba9c                PROVIDE (ar6000InitAdcDcCalStruct, 0x93ba9c)
                0x0093bb20                PROVIDE (ar6000InitAdcGainCalStruct, 0x93bb20)
                0x0093c4d8                PROVIDE (ar6000InitAGCCalStruct, 0x93c4d8)
                0x00405354                PROVIDE (time_report, 0x405354)
                0x00401f60                PROVIDE (arenas, 0x401f60)
                0x00911928                PROVIDE (pcie_enable, 0x911928)
                0x00411548                PROVIDE (pcie_addressing_config, 0x411548)
                0x0041154c                PROVIDE (pcie_interrupt_config, 0x41154c)
                0x00411504                PROVIDE (pcie_init_timer_handler, 0x411504)
                0x00411508                PROVIDE (pcie_init_timer_stop, 0x411508)
                0x009111ec                PROVIDE (check_idle, 0x9111ec)
                0x00411500                PROVIDE (pcie_init_timer_start, 0x411500)
                0x00411550                PROVIDE (pcie_pll_polls, 0x411550)
                0x00401ea4                PROVIDE (pcie_pll_assert_required, 0x401ea4)
                0x00411558                PROVIDE (pcie_set_clk_switch_wait, 0x411558)
                0x00411574                PROVIDE (pcie_pll_settle_short, 0x411574)
                0x0041155c                PROVIDE (pcie_pll_settle_long, 0x41155c)
                0x00915d48                PROVIDE (cmnos_retention_save_isr, 0x915d48)
                0x00910940                PROVIDE (athos_interrupt_handler, 0x910940)
                0x009102bc                PROVIDE (_xtos_set_interrupt_handler, 0x9102bc)
                0x00923088                PROVIDE (_ar_connection_pause_state_pause_send_n_event, 0x923088)
                0x0092dc0c                PROVIDE (tx_send_start_pn, 0x92dc0c)
                0x0092f520                PROVIDE (tx_send_pkt_info_do_cb, 0x92f520)
                0x00412b9c                PROVIDE (g_dbg_mpdu_spacing_tx, 0x412b9c)
                0x0040587c                PROVIDE (g_dbg_fixed_delim, 0x40587c)
                0x00412a98                PROVIDE (tx_dbg_internal_indir_tbl, 0x412a98)
                0x00405880                PROVIDE (g_ndpa_rate, 0x405880)
                0x00412ba8                PROVIDE (g_ndpa_preamble_type, 0x412ba8)
                0x00405881                PROVIDE (g_ndpa_bw, 0x405881)
                0x00405882                PROVIDE (g_ndp_bw, 0x405882)
                0x00412ba9                PROVIDE (g_ndp_nss, 0x412ba9)
                0x0092fe20                PROVIDE (_tx_send_proc_ppdu_done, 0x92fe20)
                0x009169f0                PROVIDE (cmnos_lf0_timer_arm, 0x9169f0)
                0x00407dd8                PROVIDE (pWhalAGCCalIndirectionTable, 0x407dd8)
                0x00911818                PROVIDE (pcie_set_target_l1, 0x911818)
                0x00911844                PROVIDE (pcie_clock_gate_control_internal, 0x911844)
                0x00412570                PROVIDE (wal_peer_pvt_api_tbl, 0x412570)
                0x00412370                PROVIDE (wal_ast_internal_tbl, 0x412370)
                0x009265cc                PROVIDE (_ar_wal_peer_wmmac_init, 0x9265cc)
                0x004129dc                PROVIDE (wal_tdls_ct_api_tbl, 0x4129dc)
                0x00945944                PROVIDE (_dwc_usb3_function_remote_wakeup, 0x945944)
                0x009468ac                PROVIDE (_handle_usb_reset_intr, 0x9468ac)
                0x0091e4b0                PROVIDE (dump_ce_registers, 0x91e4b0)
                0x0091e524                PROVIDE (dump_debug_registers, 0x91e524)
                0x0091e6dc                PROVIDE (AXI_ERROR_DETECTED, 0x91e6dc)
                0x00411554                PROVIDE (pcie_sw_save_phy_bias_l2, 0x411554)
                0x00401ec4                PROVIDE (ce_bmi_send, 0x401ec4)
                0x00401ec8                PROVIDE (ce_bmi_recv, 0x401ec8)
                0x00405070                PROVIDE (CE_id_to_state, 0x405070)
                0x00407e14                PROVIDE (g_last_bw, 0x407e14)
                0x0040a884                PROVIDE (cur_tbl_idx, 0x40a884)
                0x00407db8                PROVIDE (g_rfkill_enabled, 0x407db8)
                0x004117ec                PROVIDE (gp_cpu_addr_to_dma_addr, 0x4117ec)
                0x004117f0                PROVIDE (gp_dma_addr_to_cpu_addr, 0x4117f0)
                0x0095bc80                PROVIDE (_data_start_in_rom, 0x95bc80)
                0x004128d8                PROVIDE (_wal_rmc_api_fn, 0x4128d8)
                0x004117f4                PROVIDE (gp_soc_addr_read, 0x4117f4)
                0x004117f8                PROVIDE (gp_soc_addr_write, 0x4117f8)
                0x00412ad8                PROVIDE (_tx_hcm_api, 0x412ad8)
                0x0040a854                PROVIDE (g_GreenTx_cfg, 0x40a854)
                0x00405820                PROVIDE (g_txbfee_param, 0x405820)
                0x00405670                PROVIDE (g_rate_info_stats, 0x405670)
                0x004129b0                PROVIDE (rx_offload_internal_indir_tbl, 0x4129b0)
                0x00412cac                PROVIDE (g_dbg_sch_max_ppdu_per_tid, 0x412cac)
                0x00412cc0                PROVIDE (g_dbg_sch_max_ppdu_per_ac, 0x412cc0)
                0x00412670                PROVIDE (wal_key_type_hw2sw, 0x412670)
                0x00412690                PROVIDE (wal_key_ivmic_size, 0x412690)
                0x004058d4                PROVIDE (g_sched, 0x4058d4)
                0x00412cb0                PROVIDE (tx_sch_internal_indir_tbl, 0x412cb0)
                0x00412ba4                PROVIDE (g_dbg_burst_txoplimit, 0x412ba4)
                0x00412ca8                PROVIDE (g_dbg_sch_max_ppdu_per_tid_vo_vi, 0x412ca8)
                0x00405888                PROVIDE (g_dbg_vht_illegal_rate_err_cnt, 0x405888)
                0x00412b90                PROVIDE (g_dbg_txop_ignore, 0x412b90)
                0x009273ec                PROVIDE (_wal_pdev_resume, 0x9273ec)
                0x009263b8                PROVIDE (_ar_wal_peer_wmmac_events_callback_complete, 0x9263b8)
                0x0092656c                PROVIDE (_ar_wal_peer_wmmac_update, 0x92656c)
                0x0092646c                PROVIDE (_ar_wal_peer_wmmac_events_callback_block, 0x92646c)
                0x00412d7c                PROVIDE (ar_wal_pps_internal_api_tbl, 0x412d7c)
                0x00931f84                PROVIDE (_tx_sched_init, 0x931f84)
                0x00412cd0                PROVIDE (tx_sch_dispatch, 0x412cd0)
                0x00413ef0                PROVIDE (ar6000SpurMitApi, 0x413ef0)
                0x00934bfc                PROVIDE (ar6000_ani_get_listen_time, 0x934bfc)
                0x00934e70                PROVIDE (patch_ar6000_ani_reset, 0x934e70)
                0x009344ac                PROVIDE (ar6000_init_ani_struct, 0x9344ac)
                0x009345e4                PROVIDE (ar6000_search_ani_state, 0x9345e4)
                0x0040aa88                PROVIDE (pWhalEepromTpcConfigIndirectionTable, 0x40aa88)
                0x00401e90                PROVIDE (pcie_sw_prevent_config_missing, 0x401e90)
                0x00411518                PROVIDE (pcie_reset_gpio_set, 0x411518)
                0x00412e38                PROVIDE (_wal_swba_pvt_api, 0x412e38)
                0x00404374                PROVIDE (save_disable_syssleep, 0x404374)
                0x00915e3c                PROVIDE (cmnos_retention_restore_isr, 0x915e3c)
                0x00405658                PROVIDE (g_test_probe_set, 0x405658)
                0x0040564c                PROVIDE (g_test_probe_reset, 0x40564c)
                0x004128c0                PROVIDE (g_rc_probe_msdu_limit, 0x4128c0)
                0x00405654                PROVIDE (_g_rc_non_data_bw, 0x405654)
                0x00927bec                PROVIDE (_wal_test_rc_params_setup, 0x927bec)
                0x00928300                PROVIDE (_wal_non_data_rc_param_setup, 0x928300)
                0x009283a8                PROVIDE (_wal_local_frame_rate_setup, 0x9283a8)
                0x00407db4                PROVIDE (gp_retention_tbls, 0x407db4)
                0x00413810                PROVIDE (_whal_rgc_api_fn, 0x413810)
                0x0040a2c8                PROVIDE (g_mwswhal, 0x40a2c8)
                0x0092633c                PROVIDE (_ar_wal_peer_wmmac_remap_txq, 0x92633c)
                0x00926300                PROVIDE (_ar_wal_peer_wmmac_remap_qid, 0x926300)
                0x004128bd                PROVIDE (_g_rc_non_data_tries, 0x4128bd)
                0x00412e44                PROVIDE (_wal_swba_api, 0x412e44)
                0x0040407c                PROVIDE (g_dbg_dsr_last, 0x40407c)
                0x00404080                PROVIDE (g_dbg_dsr_pre, 0x404080)
                0x00404070                PROVIDE (dsr_handler_pre, 0x404070)
                0x00404088                PROVIDE (dsr_handler_post, 0x404088)
                0x0040ab98                PROVIDE (kernelstack, 0x40ab98)
                0x00404078                PROVIDE (pending_dsrs, 0x404078)
                0x00404090                PROVIDE (cmnos_intr_service, 0x404090)
                0x00404074                PROVIDE (cmnos_enabled_interrupts, 0x404074)
                0x00404084                PROVIDE (stackinit_flag, 0x404084)
                0x0092a6f4                PROVIDE (_rx_attach, 0x92a6f4)
                0x0092a974                PROVIDE (_rx_ring_reque_buffers, 0x92a974)
                0x0092906c                PROVIDE (_rx_ring_msdu_pop, 0x92906c)
                0x0092a928                PROVIDE (_rx_ring_intf_mac_init_wlanbuf_fn, 0x92a928)
                0x00932718                PROVIDE (_wal_beacon_vdev_set_beacon_config, 0x932718)
                0x00931dfc                PROVIDE (_wal_vdev_get_nexttbtt, 0x931dfc)
                0x0092d98c                PROVIDE (_tx_hcm_bin_alloc, 0x92d98c)
                0x0092d930                PROVIDE (_tx_hcm_attach, 0x92d930)
                0x00412760                PROVIDE (g_bb_wdog_known_signatures, 0x412760)
                0x00412cc4                PROVIDE (g_dbg_sch_max_ppdu_per_ac_vo_vi, 0x412cc4)
                0x0093077c                PROVIDE (_tx_frame_txq_timeout, 0x93077c)
                0x00412d6c                PROVIDE (walIntrSchedulerApiIndirectionTable, 0x412d6c)
                0x009517d4                PROVIDE (__umoddi3, 0x9517d4)
                0x00952ba8                PROVIDE (__muldi3, 0x952ba8)
                0x0092ac50                PROVIDE (_rx_setup_ring_for_offload, 0x92ac50)
                0x0092ad94                PROVIDE (_rx_restore_ring_from_offload, 0x92ad94)
                0x00929670                PROVIDE (_rx_data_reorder_flush, 0x929670)
                0x0040f004                PROVIDE (rx_ring_comp_order_local_pkt, 0x40f004)
                0x0092d98c                PROVIDE (_tx_hcm_bin_alloc, 0x92d98c)
                0x0092d930                PROVIDE (_tx_hcm_attach, 0x92d930)
                0x004117e4                PROVIDE (assloop, 0x4117e4)
                0x0091e6c0                PROVIDE (dump_rtc_registers, 0x91e6c0)
                0x009115b4                PROVIDE (_athos_interrupt_pcie_host, 0x9115b4)
                0x0091073c                PROVIDE (_athos_interrupt_mbox_host, 0x91073c)
                0x00400a00                PROVIDE (boot_info, 0x400a00)
                0x004117e4                PROVIDE (assloop, 0x4117e4)
                0x00405800                PROVIDE (g_drop_all_phy_errs, 0x405800)
                0x00412980                PROVIDE (rx_default_params, 0x412980)
                0x00412d6c                PROVIDE (walIntrSchedulerApiIndirectionTable, 0x412d6c)
                0x00938368                PROVIDE (ar6000PaprdAttach, 0x938368)
                0x00405900                PROVIDE (pPaprdStruct, 0x405900)
                0x004064e0                PROVIDE (txStatus_local, 0x4064e0)
                0x009357b4                PROVIDE (my_div, 0x9357b4)
                0x009357e8                PROVIDE (my_pow, 0x9357e8)
                0x00935c04                PROVIDE (calc_G_fxp, 0x935c04)
                0x009376a0                PROVIDE (ar6000TableIndexrangeGet, 0x9376a0)
                0x00413021                PROVIDE (sqLimit, 0x413021)
                0x00413020                PROVIDE (sqBestLimit, 0x413020)
                0x00935700                PROVIDE (change_start_coarse_fine_idx, 0x935700)
                0x00406300                PROVIDE (forceclockBW2g, 0x406300)
                0x00406301                PROVIDE (forceclockBW5g, 0x406301)
                0x004062fc                PROVIDE (LNASETTING, 0x4062fc)
                0x00935f84                PROVIDE (ar6000PaprdCleanRetrainTimes, 0x935f84)
                0x00405904                PROVIDE (paprdStruct, 0x405904)
                0x00412a24                PROVIDE (wal_tdls_internal_api_tbl, 0x412a24)
                0x004087a0                PROVIDE (gRflpPriv, 0x4087a0)
                0x0092310c                PROVIDE (_ar_connection_pause_state_block_entry, 0x92310c)
                0x0040f004                PROVIDE (rx_ring_comp_order_local_pkt, 0x40f004)
                0x0093d84c                PROVIDE (ar6000ProcTxDesc, 0x93d84c)
                0x0093c990                PROVIDE (compute_ldpc_extra_sym, 0x93c990)
                0x009376fc                PROVIDE (ar6000PaprdFindUntrainedTable, 0x9376fc)
                0x004124a4                PROVIDE (_wal_pause_pvt_api_tbl, 0x4124a4)
                0x00917168                PROVIDE (dbglog_flushbuf_timer, 0x917168)
                0x00404370                PROVIDE (sleep_disable_refcnt, 0x404370)
                0x0091073c                PROVIDE (_athos_interrupt_mbox_host, 0x91073c)
                0x0040eb98                PROVIDE (__stack, 0x40eb98)
                0x0094734c                PROVIDE (__dma_remove_buf, 0x94734c)
                0x00400e30                PROVIDE (_Pri_2_Stack, 0x400e30)
                0x00401380                PROVIDE (_Pri_3_Stack, 0x401380)
                0x004018d0                PROVIDE (_Pri_4_Stack, 0x4018d0)
                0x00404050                PROVIDE (mcerr_error_valid, 0x404050)
                0x00404054                PROVIDE (mcerr_AHB_error, 0x404054)
                0x00404058                PROVIDE (mcerr_APB_error, 0x404058)
                0x00401e30                PROVIDE (debug_inum, 0x401e30)
                0x0091d624                PROVIDE (_HIF_SDIO_register_callback, 0x91d624)
                0x0092f7c8                PROVIDE (_wal_tx_send_calc_totaltries_mpdutime, 0x92f7c8)
                0x00413f50                PROVIDE (bfp_pvt_api_table, 0x413f50)
                0x0093d4a0                PROVIDE (ar6000SetTxQueueProps, 0x93d4a0)
                0x0093df64                PROVIDE (ar6000XmitReset, 0x93df64)
                0x0093c970                PROVIDE (ar6000InitXmitStruct, 0x93c970)
                0x004127e0                PROVIDE (rc_default_params, 0x4127e0)
                0x004128bf                PROVIDE (g_rc_bar_tries, 0x4128bf)
                0x00926fd4                PROVIDE (_wal_dev_baseband_timeout_handler, 0x926fd4)
                0x00927460                PROVIDE (_wal_pdev_get_cycle_counters, 0x927460)
                0x009267a4                PROVIDE (_wal_dev_attach, 0x9267a4)
                0x00915f88                PROVIDE (cmnos_retention_init, 0x915f88)
                0x0092d448                PROVIDE (_tx_de_eapol_proc, 0x92d448)
                0x0092d724                PROVIDE (_wal_tx_de_setup_dscp_mapping, 0x92d724)
                0x00923770                PROVIDE (_local_data_frame_send_with_rate, 0x923770)
                0x0092b648                PROVIDE (_rx_offload_attach, 0x92b648)
                0x0093183c                PROVIDE (_wal_vdev_up, 0x93183c)
                0x00930e9c                PROVIDE (_wal_vdev_detach, 0x930e9c)
                0x00930da0                PROVIDE (_wal_vdev_attach, 0x930da0)
                0x0093198c                PROVIDE (_wal_vdev_down, 0x93198c)
                0x009311d0                PROVIDE (_wal_vdev_reconfig, 0x9311d0)
                0x00931558                PROVIDE (_wal_vdev_start, 0x931558)
                0x00930400                PROVIDE (_tx_send_check_tx_ppdu_fail_threshold, 0x930400)
                0x0092f988                PROVIDE (_tx_send_proc_mpdu_swdone, 0x92f988)
                0x0092fa88                PROVIDE (_tx_send_remove_swdone_mpdus, 0x92fa88)
                0x0092e408                PROVIDE (_tx_send_config_ba_state, 0x92e408)
                0x00924f1c                PROVIDE (_wal_peer_get_param, 0x924f1c)
                0x00924a68                PROVIDE (_wal_peer_set_param, 0x924a68)
                0x00925abc                PROVIDE (_ar_wal_peer_free_tid, 0x925abc)
                0x00925b88                PROVIDE (_ar_wal_peer_tidq_empty, 0x925b88)
                0x0092582c                PROVIDE (_ar_wal_peer_attach, 0x92582c)
                0x009430e8                PROVIDE (ar6000TxbfeeSetCBIndex, 0x9430e8)
                0x00943160                PROVIDE (ar6000TxbfeeSetNGIndex, 0x943160)
                0x009431e8                PROVIDE (ar6000TxbfeeInit, 0x9431e8)
                0x0093ceb8                PROVIDE (ar6000StopTxDma, 0x93ceb8)
                0x00914770                PROVIDE (cmnos_intr_dsrs_pending, 0x914770)
                0x0093b0d0                PROVIDE (ar6000RetentionRadioLongshiftRestore, 0x93b0d0)
                0x0091e838                PROVIDE (_CE_send_cb_register, 0x91e838)
                0x0091e85c                PROVIDE (_CE_recv_cb_register, 0x91e85c)
                0x0091e880                PROVIDE (_CE_watermark_cb_register, 0x91e880)
                0x00932d30                PROVIDE (_wal_concurrency_vdev_attach, 0x932d30)
                0x0092c084                PROVIDE (_wal_tdls_set_param, 0x92c084)
                0x0092c198                PROVIDE (_wal_tdls_get_param, 0x92c198)
                0x009384d8                PROVIDE (ar6000SetRxFilter, 0x9384d8)
                0x00912910                PROVIDE (cmnos_allocram_append_extra_block, 0x912910)
                0x00940048                PROVIDE (ar6000EnableInterrupts, 0x940048)
                0x00940378                PROVIDE (ar6000DisableInterrupts, 0x940378)
                0x00947d30                PROVIDE (_whal_coex_cal_start, 0x947d30)
                0x00947d50                PROVIDE (_whal_coex_cal_end, 0x947d50)
                0x00915040                PROVIDE (cmnos_assfail, 0x915040)
                0x009125a0                PROVIDE (cmnos_allocram_init, 0x9125a0)
                0x009140cc                PROVIDE (cmnos_memctlr_isr, 0x9140cc)
                0x00914068                PROVIDE (cmnos_invalid_isr, 0x914068)
                0x0040404c                PROVIDE (cmnos_memctlr_isr_count, 0x40404c)
                0x00412e54                PROVIDE (g_timer_internal_api_tbl, 0x412e54)
                0x00412a80                PROVIDE (ar_wal_txbf_internal_api_tbl, 0x412a80)
                0x00408714                PROVIDE (interruptStruct, 0x408714)
                0x0092c57c                PROVIDE (_wal_txbfee_init, 0x92c57c)
                0x0093fddc                PROVIDE (ar6000GetPendingInterrupts, 0x93fddc)
                0x00413240                PROVIDE (is_mac_first_save, 0x413240)
                0x00929464                PROVIDE (_rx_pkt_info_do_cb, 0x929464)
                0x009380f4                PROVIDE (ar6000PaprdSmTimer, 0x9380f4)
                0x00406310                PROVIDE (txDesc_local, 0x406310)
                0x004065e0                PROVIDE (mpdu_local, 0x4065e0)
                0x00406610                PROVIDE (pkt_buffer_seg1_local, 0x406610)
                0x00406c00                PROVIDE (paprd_fdp_buffer, 0x406c00)
                0x00931a30                PROVIDE (_wal_vdev_set_param, 0x931a30)
                0x00405640                PROVIDE (g_dbg_num_bb_timeout, 0x405640)
                0x00405644                PROVIDE (g_dbg_spin_watchdog_sig, 0x405644)
                0x00405648                PROVIDE (g_dbg_no_bb_reset, 0x405648)
OUTPUT(.output/AR6320/hw.3/image/apidemo.out elf32-xtensa-le)
