Archive member included because of file (symbol)

protocol/src/init/.output/AR6320/hw.3/lib/libwlaninit.a(wlan_init.o)
                              mac_core/patch/AR6320/v3/.output/AR6320/hw.3/obj/app_start.o (g_extra_dram_arenas)
protocol/src/init/.output/AR6320/hw.3/lib/libwlaninit.a(wlan_peer.o)
                              protocol/src/init/.output/AR6320/hw.3/lib/libwlaninit.a(wlan_init.o) (wlan_peer_module_install)
protocol/src/init/.output/AR6320/hw.3/lib/libwlaninit.a(umac_init.o)
                              protocol/src/init/.output/AR6320/hw.3/lib/libwlaninit.a(wlan_init.o) (_umacinit_api)
protocol/src/init/.output/AR6320/hw.3/lib/libwlaninit.a(wlan_bss.o)
                              protocol/src/init/.output/AR6320/hw.3/lib/libwlaninit.a(wlan_init.o) (bssApiIndirectionTable)
protocol/src/init/.output/AR6320/hw.3/lib/libwlaninit.a(wlan_buf.o)
                              protocol/src/init/.output/AR6320/hw.3/lib/libwlaninit.a(wlan_init.o) (wlan_buf_module_install)
protocol/src/init/.output/AR6320/hw.3/lib/libwlaninit.a(wlan_dev.o)
                              protocol/src/init/.output/AR6320/hw.3/lib/libwlaninit.a(wlan_init.o) (wlandev_module_install)
mac_core/src/mac_core_init/.output/AR6320/hw.3/lib/libmaccoreinit.a(mac_core_init.o)
                              protocol/src/init/.output/AR6320/hw.3/lib/libwlaninit.a(wlan_init.o) (mac_core_init_module_install)
protocol/src/cfg/.output/AR6320/hw.3/lib/libcfg.a(cfg.o)
                              protocol/src/init/.output/AR6320/hw.3/lib/libwlaninit.a(wlan_dev.o) (gcfg_api)
mac_core/src/wal/AR/coex/.output/AR6320/hw.3/lib/wal_coex.a(wal_coex.o)
                              protocol/src/init/.output/AR6320/hw.3/lib/libwlaninit.a(wlan_dev.o) (_wal_coex_update_1ss_tx_selfgen_mask)
mac_core/src/wal/AR/coex/.output/AR6320/hw.3/lib/wal_coex.a(wal_btcoex.o)
                              mac_core/src/wal/AR/coex/.output/AR6320/hw.3/lib/wal_coex.a(wal_coex.o) (pBtCoexDev)
mac_core/src/wal/AR/coex/.output/AR6320/hw.3/lib/wal_coex.a(wal_mwscoex.o)
                              mac_core/src/wal/AR/coex/.output/AR6320/hw.3/lib/wal_coex.a(wal_coex.o) (pMwsCoexDev)
mac_core/src/wal/AR/coex/.output/AR6320/hw.3/lib/wal_coex.a(wal_mwscoex_crc.o)
                              mac_core/src/wal/AR/coex/.output/AR6320/hw.3/lib/wal_coex.a(wal_mwscoex.o) (crc_16_calc)
mac_core/src/wal/AR/coex/.output/AR6320/hw.3/lib/wal_coex.a(qmi_idl_lib.o)
                              mac_core/src/wal/AR/coex/.output/AR6320/hw.3/lib/wal_coex.a(wal_mwscoex.o) (qmi_idl_message_decode)
mac_core/src/wal/AR/coex/.output/AR6320/hw.3/lib/wal_coex.a(qmi_idl_accessor.o)
                              mac_core/src/wal/AR/coex/.output/AR6320/hw.3/lib/wal_coex.a(wal_mwscoex.o) (qmi_idl_get_max_message_len)
mac_core/src/wal/AR/coex/.output/AR6320/hw.3/lib/wal_coex.a(coexistence_service_v02.o)
                              mac_core/src/wal/AR/coex/.output/AR6320/hw.3/lib/wal_coex.a(wal_mwscoex.o) (coex_get_service_object_internal_v02)
mac_core/src/wal/whal/ini/.output/AR6320/hw.3/lib/libwhalini.a(whalini.o)
                              mac_core/src/mac_core_init/.output/AR6320/hw.3/lib/libmaccoreinit.a(mac_core_init.o) (whal_ini_module_install)
mac_core/src/data_txrx/.output/AR6320/hw.3/lib/libdatatxrx.a(data_txrx.o)
                              mac_core/src/mac_core_init/.output/AR6320/hw.3/lib/libmaccoreinit.a(mac_core_init.o) (wlan_data_txrx_api_table)
mac_core/src/data_txrx/.output/AR6320/hw.3/lib/libdatatxrx.a(ieee80211_hdr.o)
                              protocol/src/init/.output/AR6320/hw.3/lib/libwlaninit.a(umac_init.o) (ieee80211_hdr_module_install)
mac_core/src/data_txrx/.output/AR6320/hw.3/lib/libdatatxrx.a(data_rx.o)
                              protocol/src/init/.output/AR6320/hw.3/lib/libwlaninit.a(wlan_buf.o) (data_rx_indir_tbl)
mac_core/src/data_txrx/.output/AR6320/hw.3/lib/libdatatxrx.a(data_rx_peer.o)
                              mac_core/src/data_txrx/.output/AR6320/hw.3/lib/libdatatxrx.a(data_rx.o) (data_rx_peer_alloc)
mac_core/src/data_txrx/.output/AR6320/hw.3/lib/libdatatxrx.a(data_rx_pn.o)
                              mac_core/src/data_txrx/.output/AR6320/hw.3/lib/libdatatxrx.a(data_rx.o) (data_rx_pn_is_wep)
mac_core/src/data_txrx/.output/AR6320/hw.3/lib/libdatatxrx.a(data_rx_reorder.o)
                              mac_core/src/data_txrx/.output/AR6320/hw.3/lib/libdatatxrx.a(data_rx_peer.o) (data_rx_reorder_tid_free)
protocol/src/mgmt_txrx/.output/AR6320/hw.3/lib/libmgmttxrx.a(ieee_mgmt_rx.o)
                              protocol/src/init/.output/AR6320/hw.3/lib/libwlaninit.a(wlan_init.o) (ieee_mgmt_module_install)
protocol/src/mgmt_txrx/.output/AR6320/hw.3/lib/libmgmttxrx.a(wlan_mgmt_local_txrx.o)
                              protocol/src/init/.output/AR6320/hw.3/lib/libwlaninit.a(wlan_init.o) (wlan_mgmt_local_txrx_module_install)
protocol/src/mgmt_txrx/.output/AR6320/hw.3/lib/libmgmttxrx.a(wlan_mgmt_txrx.o)
[...]
Memory Configuration

Name             Origin             Length             Attributes
ex_init_seg      0x000a0400         0x00006b00
ext_iram_seg     0x000a6f00         0x00011100
ext_laddr_seg    0x0a000000         0x00010000
lit_seg          0x0097b000         0x0000a000
iram_seg         0x00985000         0x00093000
dram_seg         0x004144d0         0x0003bb30
strip_seg        0x01000000         0x00100000
*default*        0x00000000         0xffffffff

Linker script and memory map

START GROUP
LOAD /cad/tensilica/chips/peregrine/RE-2013.3-linux/peregrine/xtensa-elf/lib/xcc//libgcc.a
LOAD protocol/src/init/.output/AR6320/hw.3/lib/libwlaninit.a
LOAD mac_core/src/mac_core_init/.output/AR6320/hw.3/lib/libmaccoreinit.a
LOAD protocol/src/cfg/.output/AR6320/hw.3/lib/libcfg.a
LOAD mac_core/src/wal/AR/coex/.output/AR6320/hw.3/lib/wal_coex.a
LOAD mac_core/src/wal/whal/ini/.output/AR6320/hw.3/lib/libwhalini.a
LOAD mac_core/src/data_txrx/.output/AR6320/hw.3/lib/libdatatxrx.a
LOAD protocol/src/mgmt_txrx/.output/AR6320/hw.3/lib/libmgmttxrx.a
LOAD protocol/src/vdev_mgr/.output/AR6320/hw.3/lib/libvdevmgr.a
LOAD protocol/src/key_mgmt/.output/AR6320/hw.3/lib/libkeymgmt.a
LOAD mac_core/src/ratectrl/.output/AR6320/hw.3/lib/libratectrl_11ac.a
LOAD protocol/src/rtt/.output/AR6320/hw.3/lib/librtt.a
LOAD protocol/src/plm/.output/AR6320/hw.3/lib/libplm.a
LOAD protocol/src/phyerr/.output/AR6320/hw.3/lib/libphyerr.a
LOAD protocol/src/rfkill/.output/AR6320/hw.3/lib/librfkill.a
LOAD protocol/src/led/.output/AR6320/hw.3/lib/libled.a
LOAD protocol/src/wmi/.output/AR6320/hw.3/lib/libumacwmi.a
LOAD protocol/src/offload_mgr/.output/AR6320/hw.3/lib/liboffload_mgr.a
LOAD protocol/src/mgmt/.output/AR6320/hw.3/lib/libmgmt.a
LOAD protocol/src/power/.output/AR6320/hw.3/lib/libpower.a
LOAD protocol/src/power/smps/.output/AR6320/hw.3/lib/libsmps.a
LOAD protocol/src/resmgr/.output/AR6320/hw.3/lib/libresmgr.a
LOAD mac_core/src/hostif/htc/.output/AR6320/hw.3/lib/libhtc.a
LOAD mac_core/src/hostif/htt/.output/AR6320/hw.3/lib/libhtt.a
LOAD mac_core/src/utils/sm/.output/AR6320/hw.3/lib/libsm.a
LOAD protocol/src/coex/.output/AR6320/hw.3/lib/libcoex.a
LOAD mac_core/src/misc/profile/.output/AR6320/hw.3/lib/libprofile.a
LOAD mac_core/src/hostif/wmisvc/.output/AR6320/hw.3/lib/libwmisvc.a
LOAD protocol/src/scan/.output/AR6320/hw.3/lib/libscan.a
LOAD protocol/src/roam/.output/AR6320/hw.3/lib/libroam.a
LOAD protocol/src/pps/.output/AR6320/hw.3/lib/libpps.a
LOAD protocol/src/stats/.output/AR6320/hw.3/lib/libstats.a
LOAD mac_core/src/soc/pcielp/.output/AR6320/hw.3/lib/libpcielp.a
LOAD mac_core/src/pktlog/.output/AR6320/hw.3/lib/libpktlog.a
LOAD protocol/src/tbd/.output/AR6320/hw.3/lib/libtbd.a
LOAD protocol/src/p2p/.output/AR6320/hw.3/lib/libp2p.a
LOAD protocol/src/chatter/.output/AR6320/hw.3/lib/libchatter.a
LOAD mac_core/src/retention/.output/AR6320/hw.3/lib/libretention.a
LOAD mac_core/src/utils/buf_chunk/.output/AR6320/hw.3/lib/libbufchunk.a
LOAD protocol/src/txbf/.output/AR6320/hw.3/lib/libtxbf.a
LOAD protocol/src/tdls/.output/AR6320/hw.3/lib/libtdls.a
LOAD protocol/src/tcpip/.output/AR6320/hw.3/lib/libtcpip.a
LOAD protocol/src/wlan_hb/.output/AR6320/hw.3/lib/libwlanhb.a
LOAD mac_core/src/misc/extend_alloc/.output/AR6320/hw.3/lib/libextendalloc.a
LOAD protocol/src/thermal_mgr/.output/AR6320/hw.3/lib/libthermalmgr.a
LOAD protocol/src/rmc/.output/AR6320/hw.3/lib/librmc.a
LOAD protocol/src/ere/.output/AR6320/hw.3/lib/libere.a
LOAD mac_core/src/wal/AR/init/.output/AR6320/hw.3/lib/ar_wal_init.a
LOAD mac_core/src/wal/whal/init/.output/AR6320/hw.3/lib/libwhal_init.a
LOAD mac_core/src/hostif/wdi_ipa/.output/AR6320/hw.3/lib/libwdi_ipa.a
LOAD mac_core/src/tgt_rx2tx/.output/AR6320/hw.3/lib/libtgtrx2tx.a
LOAD mac_core/src/misc/serport/.output/AR6320/hw.3/lib/libserport.a
LOAD mac_core/src/misc/uartserp/.output/AR6320/hw.3/lib/libuartserp.a
LOAD mac_core/src/hostif/hif/hif_dbguart/.output/AR6320/hw.3/lib/lib_hif_dbguart.a
LOAD protocol/src/lpi/.output/AR6320/hw.3/lib/liblpi.a
LOAD protocol/src/profile/.output/AR6320/hw.3/lib/libwlanprofile.a
LOAD protocol/src/offload/.output/AR6320/hw.3/lib/liboffload.a
LOAD protocol/src/framegen/.output/AR6320/hw.3/lib/libframegen.a
LOAD protocol/src/offload_mgr/stub/.output/AR6320/hw.3/lib/liboffload_mgr_stub.a
LOAD mac_core/src/misc/codeswap/.output/AR6320/hw.3/lib/libcodeswap.a
LOAD protocol/src/scan/stub/.output/AR6320/hw.3/lib/libscan_stub.a
LOAD protocol/src/blockack/.output/AR6320/hw.3/lib/libblockack.a
LOAD protocol/src/init/stub/.output/AR6320/hw.3/lib/libwlaninit_stub.a
LOAD mac_core/src/data_txrx/stub/.output/AR6320/hw.3/lib/libdatatxrx_stub.a
LOAD protocol/src/vdev_mgr/stub/.output/AR6320/hw.3/lib/libvdevmgr_stub.a
LOAD protocol/src/mgmt_txrx/stub/.output/AR6320/hw.3/lib/libmgmttxrx_stub.a
LOAD protocol/src/mgmt/stub/.output/AR6320/hw.3/lib/libmgmt_stub.a
LOAD protocol/src/p2p/stub/.output/AR6320/hw.3/lib/libp2p_stub.a
LOAD mac_core/src/wal/whal/reset/.output/AR6320/hw.3/lib/ar6000_cal.a
LOAD protocol/src/supplicant/.output/AR6320/hw.3/lib/libsuppl.a
LOAD protocol/src/unit_test/.output/AR6320/hw.3/lib/libunittest.a
LOAD protocol/src/frameparse/.output/AR6320/hw.3/lib/libframeparse.a
LOAD mac_core/src/wal/AR/supplicant/.output/AR6320/hw.3/lib/ar_wal_suppl.a
LOAD mac_core/src/wal/AR/ere/.output/AR6320/hw.3/lib/ar_wal_ere.a
LOAD mac_core/src/wal/AR/nan/.output/AR6320/hw.3/lib/ar_wal_nan.a
LOAD protocol/src/nan/.output/AR6320/hw.3/lib/libnanwlan.a
LOAD protocol/src/extscan/.output/AR6320/hw.3/lib/libextscan.a
LOAD mac_core/src/wal/whal/rtt/.output/AR6320/hw.3/lib/whal_rtt.a
LOAD mac_core/src/wal/AR/rtt/.output/AR6320/hw.3/lib/ar_wal_rtt.a
LOAD mac_core/patch/AR6320/v3/.output/AR6320/hw.3/lib/lib_maccore_patches.a
LOAD mac_core/src/misc/minidump/.output/AR6320/hw.3/lib/libminidump.a
LOAD protocol/src/extwow/.output/AR6320/hw.3/lib/libextwow.a
LOAD halphy/patch/AR6320/v3/.output/AR6320/hw.3/lib/lib_halphy_patches.a
LOAD mac_core/patch/AR6320/v3/.output/AR6320/hw.3/obj/app_start.o
END GROUP

.ex_init_text   0x000a0400     0x68fd
                0x000a0400                _ex_init_text_start = ABSOLUTE (.)
 *(.ex_init_text)
 .ex_init_text  0x000a0400      0x26d mac_core/patch/AR6320/v3/.output/AR6320/hw.3/obj/app_start.o
                0x000a0400                app_start
 *fill*         0x000a066d        0x3 00
 .ex_init_text  0x000a0670      0x616 protocol/src/init/.output/AR6320/hw.3/lib/libwlaninit.a(wlan_init.o)
                                0x65a (size before relaxing)
                0x000a0670                _wlan_wmi_setupComplete
                0x000a0690                _wlan_htc_setupComplete
                0x000a06a4                wlan_extra_dram_append_init
                0x000a06d4                wlan_extra_axi_mem_append_init
                0x000a0704                wlan_allocram_init
                0x000a07b0                wlan_main_part1
                0x000a0aa0                wlan_macstfilter_init
                0x000a0ac8                _wlan_main_init
                0x000a0c54                wlan_main
 *fill*         0x000a0c86        0x2 00
 .ex_init_text  0x000a0c88       0x26 protocol/src/init/.output/AR6320/hw.3/lib/libwlaninit.a(wlan_peer.o)
                0x000a0c88                _wlan_peer_register
                0x000a0c9c                wlan_peer_module_install
 *fill*         0x000a0cae        0x2 00
 .ex_init_text  0x000a0cb0      0x1ac protocol/src/init/.output/AR6320/hw.3/lib/libwlaninit.a(umac_init.o)
                                0x1b8 (size before relaxing)
                0x000a0cb0                _umac_install
                0x000a0cb8                _umac_init
 .ex_init_text  0x000a0e5c       0x25 protocol/src/init/.output/AR6320/hw.3/lib/libwlaninit.a(wlan_bss.o)
                0x000a0e5c                _wlan_bss_module_init
 *fill*         0x000a0e81        0x3 00
 .ex_init_text  0x000a0e84      0x4de protocol/src/init/.output/AR6320/hw.3/lib/libwlaninit.a(wlan_buf.o)
                0x000a0e84                _wlan_buf_init
                0x000a0edc                _wlan_buf_init_fw
                0x000a0f94                _wlan_buf_init_bufpool_intf
                0x000a0ff4                _wlan_buf_alloc_buffer
                0x000a1350                wlan_buf_module_install
 *fill*         0x000a1362        0x2 00
 .ex_init_text  0x000a1364      0x4d2 protocol/src/init/.output/AR6320/hw.3/lib/libwlaninit.a(wlan_dev.o)
                0x000a1364                _wlan_dev_init
                0x000a14b4                _wlan_dev_attach
                0x000a1648                _wlandev_ready
                0x000a1810                _wlan_dev_register
                0x000a1824                wlandev_module_install
 *fill*         0x000a1836        0x2 00
 .ex_init_text  0x000a1838       0x13 protocol/src/cfg/.output/AR6320/hw.3/lib/libcfg.a(cfg.o)
                0x000a1838                _cfg_init
 *fill*         0x000a184b        0x1 00
 .ex_init_text  0x000a184c      0x3b3 mac_core/src/wal/AR/coex/.output/AR6320/hw.3/lib/wal_coex.a(wal_coex.o)
                                0x3b7 (size before relaxing)
                0x000a184c                _wal_coex_wb_timer_init
                0x000a1854                _wal_coex_init
                0x000a1b7c                _wal_coex_complete_init
                0x000a1b9c                _wal_coex_interrupt_init
                0x000a1bec                wal_coex_module_install
 *fill*         0x000a1bff        0x1 00
 .ex_init_text  0x000a1c00      0x24e mac_core/src/wal/AR/coex/.output/AR6320/hw.3/lib/wal_coex.a(wal_btcoex.o)
                0x000a1c00                _wal_btcoex_init
                0x000a1df4                wal_btcoex_attach
 *fill*         0x000a1e4e        0x2 00
 .ex_init_text  0x000a1e50      0x1f1 mac_core/src/wal/AR/coex/.output/AR6320/hw.3/lib/wal_coex.a(wal_mwscoex.o)
                0x000a1e50                _wal_mwscoex_init
                0x000a201c                wal_mws_attach
 *fill*         0x000a2041        0x3 00
 .ex_init_text  0x000a2044       0x3f mac_core/src/wal/whal/ini/.output/AR6320/hw.3/lib/libwhalini.a(whalini.o)
                0x000a2044                _whal_ini_init
                0x000a2074                whal_ini_module_install
 *fill*         0x000a2083        0x1 00
 .ex_init_text  0x000a2084       0x19 mac_core/src/data_txrx/.output/AR6320/hw.3/lib/libdatatxrx.a(data_txrx.o)
                0x000a2084                _data_txrx_init
 *fill*         0x000a209d        0x3 00
 .ex_init_text  0x000a20a0       0x17 mac_core/src/data_txrx/.output/AR6320/hw.3/lib/libdatatxrx.a(ieee80211_hdr.o)
                0x000a20a0                ieee80211_hdr_module_install
 *fill*         0x000a20b7        0x1 00
 .ex_init_text  0x000a20b8       0xc5 mac_core/src/data_txrx/.output/AR6320/hw.3/lib/libdatatxrx.a(data_rx.o)
                                 0xc9 (size before relaxing)
                0x000a20b8                _data_rx_module_init
 *fill*         0x000a217d        0x3 00
 .ex_init_text  0x000a2180       0x41 mac_core/src/data_txrx/.output/AR6320/hw.3/lib/libdatatxrx.a(data_rx_peer.o)
                0x000a2180                data_rx_peer_module_init
 *fill*         0x000a21c1        0x3 00
 .ex_init_text  0x000a21c4      0x115 mac_core/src/data_txrx/.output/AR6320/hw.3/lib/libdatatxrx.a(data_rx_reorder.o)
                0x000a21c4                data_rx_reorder_module_init
 *fill*         0x000a22d9        0x3 00
 .ex_init_text  0x000a22dc       0x10 protocol/src/mgmt_txrx/.output/AR6320/hw.3/lib/libmgmttxrx.a(ieee_mgmt_rx.o)
                0x000a22dc                ieee_mgmt_module_install
 .ex_init_text  0x000a22ec       0x12 protocol/src/mgmt_txrx/.output/AR6320/hw.3/lib/libmgmttxrx.a(wlan_mgmt_local_txrx.o)
                0x000a22ec                wlan_mgmt_local_txrx_module_install
 *fill*         0x000a22fe        0x2 00
 .ex_init_text  0x000a2300       0x24 protocol/src/mgmt_txrx/.output/AR6320/hw.3/lib/libmgmttxrx.a(wlan_mgmt_txrx.o)
                0x000a2300                _wlan_mgmt_txrx_register
 .ex_init_text  0x000a2324       0xdf protocol/src/vdev_mgr/.output/AR6320/hw.3/lib/libvdevmgr.a(wlan_vdev.o)
                0x000a2324                _wlan_vdev_module_init
                0x000a23dc                _wlan_vdev_register
                0x000a23f0                wlan_vdev_module_install
 *fill*         0x000a2403        0x1 00
 .ex_init_text  0x000a2404       0x76 mac_core/src/ratectrl/.output/AR6320/hw.3/lib/libratectrl_11ac.a(ratectrl_11ac_if.o)
                0x000a2404                _wlan_ratectrl_register
                0x000a2414                _RATE_Init
 *fill*         0x000a247a        0x2 00
 .ex_init_text  0x000a247c       0x22 mac_core/src/ratectrl/.output/AR6320/hw.3/lib/libratectrl_11ac.a(ratectrl_peer_state.o)
                0x000a247c                rate_ctrl_state_init
 *fill*         0x000a249e        0x2 00
 .ex_init_text  0x000a24a0      0x13b protocol/src/rtt/.output/AR6320/hw.3/lib/librtt.a(wlan_rtt.o)
                0x000a24a0                _wlan_rtt_register
                0x000a24c0                _wlan_rtt_enable
 *fill*         0x000a25db        0x1 00
 .ex_init_text  0x000a25dc       0x1d protocol/src/phyerr/.output/AR6320/hw.3/lib/libphyerr.a(wlan_phyerr.o)
                0x000a25dc                _wlan_phyerr_register
 *fill*         0x000a25f9        0x3 00
 .ex_init_text  0x000a25fc       0x9b protocol/src/rfkill/.output/AR6320/hw.3/lib/librfkill.a(wlan_rfkill.o)
                0x000a25fc                _wlan_rfkill_init
                0x000a266c                wlan_rfkill_module_install
 *fill*         0x000a2697        0x1 00
 .ex_init_text  0x000a2698      0x153 protocol/src/wmi/.output/AR6320/hw.3/lib/libumacwmi.a(wlan_wmi.o)
                0x000a2698                _wmi_intf_htc_init_wlanbuf_fn
                0x000a26b4                _wmi_target_init
                0x000a2770                WLAN_WMI_init
                0x000a27c0                WLAN_WMI_module_install
 *fill*         0x000a27eb        0x1 00
 .ex_init_text  0x000a27ec      0x214 protocol/src/wmi/.output/AR6320/hw.3/lib/libumacwmi.a(wlan_wmi_events.o)
                                0x217 (size before relaxing)
                0x000a29f8                wlan_wmi_events_module_install
 *fill*         0x000a2a00        0x0 00
 .ex_init_text  0x000a2a00       0x20 protocol/src/wmi/.output/AR6320/hw.3/lib/libumacwmi.a(wmi_gpiohook.o)
                0x000a2a00                gpio_WMI_register
 .ex_init_text  0x000a2a20      0x13a protocol/src/wmi/.output/AR6320/hw.3/lib/libumacwmi.a(wmi_tlv_helper.o)
                0x000a2a20                wmi_versions_are_compatible
                0x000a2a50                wmi_versions_can_downgrade
                0x000a2b28                wmi_cmp_and_set_abi_version
 *fill*         0x000a2b5a        0x2 00
 .ex_init_text  0x000a2b5c       0x75 protocol/src/offload_mgr/.output/AR6320/hw.3/lib/liboffload_mgr.a(beacon_filter.o)
                0x000a2b5c                _bcnfilter_init
                0x000a2bb4                _bcnfilter_register
 *fill*         0x000a2bd1        0x3 00
 .ex_init_text  0x000a2bd4       0x66 protocol/src/offload_mgr/.output/AR6320/hw.3/lib/liboffload_mgr.a(csa_offload_main.o)
                0x000a2bd4                _csa_init
                0x000a2c04                wlan_csa_offload_register
                0x000a2c24                wlan_csa_attach
 *fill*         0x000a2c3a        0x2 00
 .ex_init_text  0x000a2c3c       0xe2 protocol/src/offload_mgr/.output/AR6320/hw.3/lib/liboffload_mgr.a(offload_mgr.o)
                0x000a2c3c                _offldmgr_offload_init
                0x000a2c6c                _offldmgr_wlan_init
                0x000a2d0c                offldmgr_module_install
 *fill*         0x000a2d1e        0x2 00
 .ex_init_text  0x000a2d20       0x1d protocol/src/offload_mgr/.output/AR6320/hw.3/lib/liboffload_mgr.a(wlan_d0wow.o)
                0x000a2d20                _d0wow_register
 *fill*         0x000a2d3d        0x3 00
 .ex_init_text  0x000a2d40       0xe1 protocol/src/offload_mgr/.output/AR6320/hw.3/lib/liboffload_mgr.a(wlan_gtk_offload.o)
                0x000a2d40                _gtk_offload_register
                0x000a2d6c                _gtk_offload_init
 *fill*         0x000a2e21        0x3 00
 .ex_init_text  0x000a2e24      0x162 protocol/src/offload_mgr/.output/AR6320/hw.3/lib/liboffload_mgr.a(wlan_wow.o)
                                0x16a (size before relaxing)
                0x000a2e24                _wow_init
                0x000a2f50                _wow_register
                0x000a2f74                wlan_wow_module_install
 *fill*         0x000a2f86        0x2 00
 .ex_init_text  0x000a2f88       0xbb protocol/src/mgmt/.output/AR6320/hw.3/lib/libmgmt.a(wlan_beacon.o)
                0x000a2f88                _wlan_beacon_init
                0x000a301c                _wlan_beacon_early_rx_register
                0x000a3030                wlan_beacon_module_install
 *fill*         0x000a3043        0x1 00
 .ex_init_text  0x000a3044       0xb2 protocol/src/mgmt/.output/AR6320/hw.3/lib/libmgmt.a(wlan_early_rx_sm.o)
                0x000a3044                _wlan_early_rx_module_init
 *fill*         0x000a30f6        0x2 00
 .ex_init_text  0x000a30f8       0x10 protocol/src/mgmt/.output/AR6320/hw.3/lib/libmgmt.a(wlan_ie_utils.o)
                0x000a30f8                wlan_utils_module_install
 .ex_init_text  0x000a3108       0x2f protocol/src/power/.output/AR6320/hw.3/lib/libpower.a(wlan_pm_arbiter.o)
                0x000a3108                wlan_pm_arbiter_init
 *fill*         0x000a3137        0x1 00
 .ex_init_text  0x000a3138       0x86 protocol/src/power/.output/AR6320/hw.3/lib/libpower.a(wlan_powersave.o)
                0x000a3138                wlan_ps_init
 *fill*         0x000a31be        0x2 00
 .ex_init_text  0x000a31c0       0x26 protocol/src/power/.output/AR6320/hw.3/lib/libpower.a(wlan_powersave_ap.o)
                0x000a31c0                wlan_ps_ap_register
 *fill*         0x000a31e6        0x2 00
 .ex_init_text  0x000a31e8       0x41 protocol/src/power/.output/AR6320/hw.3/lib/libpower.a(wlan_powersave_sta.o)
                0x000a31e8                wlan_ps_sta_register
 *fill*         0x000a3229        0x3 00
 .ex_init_text  0x000a322c       0xd1 protocol/src/power/smps/.output/AR6320/hw.3/lib/libsmps.a(wlan_smps.o)
                0x000a322c                wlan_smps_init
                0x000a32e0                wlan_smps_register
 *fill*         0x000a32fd        0x3 00
 .ex_init_text  0x000a3300       0x5c protocol/src/resmgr/.output/AR6320/hw.3/lib/libresmgr.a(channel_mgr.o)
                0x000a3300                _channel_mgr_init
 .ex_init_text  0x000a335c       0x69 protocol/src/resmgr/.output/AR6320/hw.3/lib/libresmgr.a(resmgr.o)
                                 0x71 (size before relaxing)
                0x000a335c                _wlan_resmgr_register
                0x000a337c                _resmgr_init
 *fill*         0x000a33c5        0x3 00
 .ex_init_text  0x000a33c8       0x63 protocol/src/resmgr/.output/AR6320/hw.3/lib/libresmgr.a(resmgr_dyn_sch.o)
                0x000a33c8                resmgr_dyn_sch_init
 *fill*         0x000a342b        0x1 00
 .ex_init_text  0x000a342c      0x128 protocol/src/resmgr/.output/AR6320/hw.3/lib/libresmgr.a(resmgr_ocs.o)
                0x000a342c                resmgr_ocs_init
 .ex_init_text  0x000a3554       0x38 protocol/src/resmgr/.output/AR6320/hw.3/lib/libresmgr.a(virtual_channel.o)
                0x000a3554                wlan_virtual_chan_ctxt_init
 .ex_init_text  0x000a358c      0x1a5 mac_core/src/hostif/htc/.output/AR6320/hw.3/lib/libhtc.a(htc.o)
                0x000a358c                _HTCPipeAllocCtrlBuffers
                0x000a35f4                _HTCPipeInitProper
                0x000a36d4                _HTC_PipeInit
                0x000a36f0                HTC_pipe_module_Install
 *fill*         0x000a3731        0x3 00
 .ex_init_text  0x000a3734      0x2f3 mac_core/src/hostif/htt/.output/AR6320/hw.3/lib/libhtt.a(htt_tgt_hif_svc.o)
                0x000a3734                _htt_tgt_hif_svc_h2t_recv_buf_pool_attach
                0x000a3890                _htt_tgt_hif_svc_init
 *fill*         0x000a3a27        0x1 00
 .ex_init_text  0x000a3a28       0x71 mac_core/src/hostif/htt/.output/AR6320/hw.3/lib/libhtt.a(htt_tgt_rx.o)
                0x000a3a28                _htt_tgt_rx_init
 *fill*         0x000a3a99        0x3 00
 .ex_init_text  0x000a3a9c       0xc0 mac_core/src/hostif/htt/.output/AR6320/hw.3/lib/libhtt.a(htt_tgt_rx_event.o)
                0x000a3a9c                _htt_tgt_rx_event_init
 .ex_init_text  0x000a3b5c       0x1d mac_core/src/hostif/htt/.output/AR6320/hw.3/lib/libhtt.a(htt_tgt_stats.o)
                0x000a3b5c                _htt_tgt_stats_init
 *fill*         0x000a3b79        0x3 00
 .ex_init_text  0x000a3b7c      0x115 mac_core/src/hostif/htt/.output/AR6320/hw.3/lib/libhtt.a(htt_tgt_tx.o)
                0x000a3b7c                _htt_tgt_tx_init
 *fill*         0x000a3c91        0x3 00
 .ex_init_text  0x000a3c94       0x28 mac_core/src/utils/sm/.output/AR6320/hw.3/lib/libsm.a(sm.o)
                0x000a3c94                sm_module_install
 .ex_init_text  0x000a3cbc      0x237 protocol/src/coex/.output/AR6320/hw.3/lib/libcoex.a(coex.o)
                0x000a3cbc                _wlan_coex_register
                0x000a3cdc                _coex_init
 *fill*         0x000a3ef3        0x1 00
 .ex_init_text  0x000a3ef4      0x207 mac_core/src/hostif/wmisvc/.output/AR6320/hw.3/lib/libwmisvc.a(wmi_svc.o)
                0x000a40c4                WMI_service_module_install
 *fill*         0x000a40fb        0x1 00
 .ex_init_text  0x000a40fc       0x5b protocol/src/scan/.output/AR6320/hw.3/lib/libscan.a(wlan_dcs.o)
 *fill*         0x000a4157        0x1 00
 .ex_init_text  0x000a4158       0xf2 protocol/src/scan/.output/AR6320/hw.3/lib/libscan.a(wlan_scan_sch.o)
                0x000a4158                _wlan_scan_sch_register
                0x000a4178                _wlan_scan_sch_init
                0x000a4238                wlan_scan_sch_module_install
 *fill*         0x000a424a        0x2 00
 .ex_init_text  0x000a424c       0x98 protocol/src/scan/.output/AR6320/hw.3/lib/libscan.a(wlan_scan_sm.o)
                0x000a424c                _wlan_scan_sm_init
 .ex_init_text  0x000a42e4       0x8e protocol/src/scan/.output/AR6320/hw.3/lib/libscan.a(wlan_scan.o)
                0x000a42e4                _wlan_scan_init
 *fill*         0x000a4372        0x2 00
 .ex_init_text  0x000a4374       0x6d protocol/src/roam/.output/AR6320/hw.3/lib/libroam.a(wlan_roam.o)
                0x000a4374                _wlan_roam_module_init
 *fill*         0x000a43e1        0x3 00
 .ex_init_text  0x000a43e4       0x1d protocol/src/roam/.output/AR6320/hw.3/lib/libroam.a(wlan_roam_wmi.o)
                0x000a43e4                wlan_roam_offload_register
 *fill*         0x000a4401        0x3 00
 .ex_init_text  0x000a4404       0xcd protocol/src/pps/.output/AR6320/hw.3/lib/libpps.a(wlan_pps.o)
                0x000a4404                _wlan_pps_register
                0x000a4418                _wlan_pps_init
 *fill*         0x000a44d1        0x3 00
 .ex_init_text  0x000a44d4       0x63 protocol/src/stats/.output/AR6320/hw.3/lib/libstats.a(wlan_stats.o)
                0x000a44d4                _wlan_stats_module_init
 *fill*         0x000a4537        0x1 00
 .ex_init_text  0x000a4538       0xf6 mac_core/src/soc/pcielp/.output/AR6320/hw.3/lib/libpcielp.a(pcielp_core.o)
                                 0xfe (size before relaxing)
                0x000a4538                _pcielp_init
 *fill*         0x000a462e        0x2 00
 .ex_init_text  0x000a4630       0x5b mac_core/src/soc/pcielp/.output/AR6320/hw.3/lib/libpcielp.a(pcielp_ltr.o)
                0x000a4630                pcielp_ltr_init
 *fill*         0x000a468b        0x1 00
 .ex_init_text  0x000a468c       0x3e mac_core/src/soc/pcielp/.output/AR6320/hw.3/lib/libpcielp.a(pcielp_dsleep.o)
                0x000a468c                pcielp_dsleep_init
 *fill*         0x000a46ca        0x2 00
 .ex_init_text  0x000a46cc       0x48 mac_core/src/soc/pcielp/.output/AR6320/hw.3/lib/libpcielp.a(pcielp_l1ss.o)
                0x000a46cc                pcielp_l1ss_init
 .ex_init_text  0x000a4714       0x49 mac_core/src/pktlog/.output/AR6320/hw.3/lib/libpktlog.a(pktlog.o)
                0x000a4714                _pktlog_init
 *fill*         0x000a475d        0x3 00
 .ex_init_text  0x000a4760       0x21 protocol/src/tbd/.output/AR6320/hw.3/lib/libtbd.a(tbd.o)
                0x000a4760                _tbd_init
 *fill*         0x000a4781        0x3 00
 .ex_init_text  0x000a4784       0x6a protocol/src/p2p/.output/AR6320/hw.3/lib/libp2p.a(p2p_main.o)
                0x000a4784                _p2p_init
                0x000a47c8                _p2p_wmi_register
                0x000a47dc                p2p_module_install
 *fill*         0x000a47ee        0x2 00
 .ex_init_text  0x000a47f0      0x10c protocol/src/chatter/.output/AR6320/hw.3/lib/libchatter.a(wlan_chatter.o)
                                0x110 (size before relaxing)
                0x000a47f0                wlan_chatter_module_register
                0x000a4810                wlan_chatter_module_init
 .ex_init_text  0x000a48fc       0xf1 protocol/src/chatter/.output/AR6320/hw.3/lib/libchatter.a(wlan_coalescing.o)
                0x000a48fc                wlan_pkt_coalescing_attach
 *fill*         0x000a49ed        0x3 00
 .ex_init_text  0x000a49f0       0x4a mac_core/src/retention/.output/AR6320/hw.3/lib/libretention.a(wlan_retention.o)
                0x000a49f0                wlan_retention_init
 *fill*         0x000a4a3a        0x2 00
 .ex_init_text  0x000a4a3c       0x37 mac_core/src/utils/buf_chunk/.output/AR6320/hw.3/lib/libbufchunk.a(buf_chunk_api.o)
                0x000a4a3c                _buf_chunk_init
 *fill*         0x000a4a73        0x1 00
 .ex_init_text  0x000a4a74       0x56 protocol/src/txbf/.output/AR6320/hw.3/lib/libtxbf.a(wlan_txbf.o)
                0x000a4a74                _wlan_txbf_init
 *fill*         0x000a4aca        0x2 00
 .ex_init_text  0x000a4acc       0xbc protocol/src/tdls/.output/AR6320/hw.3/lib/libtdls.a(wlan_tdls.o)
                0x000a4acc                _wlan_tdls_init
                0x000a4b50                _wlan_tdls_register
 .ex_init_text  0x000a4b88       0xde mac_core/src/misc/extend_alloc/.output/AR6320/hw.3/lib/libextendalloc.a(extend_allocate.o)
                0x000a4b88                _extend_allocram_init
                0x000a4c0c                _extend_allocram_register_handle
 *fill*         0x000a4c66        0x2 00
 .ex_init_text  0x000a4c68       0x48 protocol/src/thermal_mgr/.output/AR6320/hw.3/lib/libthermalmgr.a(wlan_thermal_mgr.o)
                0x000a4c68                wlan_thermal_mgr_init
 .ex_init_text  0x000a4cb0        0xd mac_core/src/hostif/hif/hif_dbguart/.output/AR6320/hw.3/lib/lib_hif_dbguart.a(hif_dbguart_install.o)
                                 0x10 (size before relaxing)
                0x000a4cb0                hif_duart_module_install
 *fill*         0x000a4cbd        0x3 00
 .ex_init_text  0x000a4cc0       0x12 mac_core/src/hostif/hif/hif_dbguart/.output/AR6320/hw.3/lib/lib_hif_dbguart.a(hif_dbguart.o)
                0x000a4cc0                hif_duart_module_install_internal
 *fill*         0x000a4cd2        0x2 00
 .ex_init_text  0x000a4cd4       0xe0 protocol/src/lpi/.output/AR6320/hw.3/lib/liblpi.a(wlan_lpi.o)
                0x000a4d84                _wlan_lpi_register
 .ex_init_text  0x000a4db4       0x25 protocol/src/profile/.output/AR6320/hw.3/lib/libwlanprofile.a(wlan_profile.o)
                0x000a4db4                _wlan_profile_init
 *fill*         0x000a4dd9        0x3 00
 .ex_init_text  0x000a4ddc       0x8f protocol/src/offload/.output/AR6320/hw.3/lib/liboffload.a(wlan_arp_ns_offload.o)
                0x000a4ddc                _arp_ns_offload_init
                0x000a4dfc                _arp_ns_offload_register
                0x000a4e1c                _wlan_proact_arp_resp_keepalive_init
 *fill*         0x000a4e6b        0x1 00
 .ex_init_text  0x000a4e6c       0xa4 protocol/src/offload/.output/AR6320/hw.3/lib/liboffload.a(wlan_beacon_tx_offload.o)
                0x000a4e6c                _wlan_beacon_tx_offload_init
                0x000a4ef0                _wlan_beacon_tx_offload_register
 .ex_init_text  0x000a4f10       0x79 protocol/src/offload/.output/AR6320/hw.3/lib/liboffload.a(wlan_network_list_offload.o)
                0x000a4f10                _wlan_nlo_init
                0x000a4f6c                _wlan_nlo_register
 *fill*         0x000a4f89        0x3 00
 .ex_init_text  0x000a4f8c       0x79 protocol/src/offload/.output/AR6320/hw.3/lib/liboffload.a(wlan_swbmiss_offload.o)
                0x000a4f8c                _wlan_swbmiss_init
                0x000a4ff4                _wlan_bcn_miss_offload_register
 *fill*         0x000a5005        0x3 00
 .ex_init_text  0x000a5008       0x82 protocol/src/blockack/.output/AR6320/hw.3/lib/libblockack.a(wlan_blockack.o)
                0x000a5008                _wlan_ba_register
                0x000a5028                _wlan_ba_init
 *fill*         0x000a508a        0x2 00
 .ex_init_text  0x000a508c      0x18d mac_core/src/wal/whal/reset/.output/AR6320/hw.3/lib/ar6000_cal.a(ar6320_cal.o)
                0x000a508c                ar6000InitCalStruct
 *fill*         0x000a5219        0x3 00
 .ex_init_text  0x000a521c       0x2c protocol/src/unit_test/.output/AR6320/hw.3/lib/libunittest.a(unit_test.o)
                0x000a521c                _unit_test_init
                0x000a5224                _unit_test_wmi_register
 .ex_init_text  0x000a5248       0x59 protocol/src/nan/.output/AR6320/hw.3/lib/libnanwlan.a(wlan_nan.o)
                0x000a5248                _NAN_Init
 *fill*         0x000a52a1        0x3 00
 .ex_init_text  0x000a52a4       0x38 protocol/src/extscan/.output/AR6320/hw.3/lib/libextscan.a(wlan_extscan_main.o)
                0x000a52a4                _wlan_extscan_init
 .ex_init_text  0x000a52dc       0x1d protocol/src/extscan/.output/AR6320/hw.3/lib/libextscan.a(wlan_extscan_wmi.o)
                0x000a52dc                _wlan_extscan_register
 *fill*         0x000a52f9        0x3 00
 .ex_init_text  0x000a52fc       0x5e mac_core/src/wal/AR/rtt/.output/AR6320/hw.3/lib/ar_wal_rtt.a(wal_rtt.o)
                0x000a52fc                _wal_rtt_init
 *fill*         0x000a535a        0x2 00
 .ex_init_text  0x000a535c       0x7a mac_core/patch/AR6320/v3/.output/AR6320/hw.3/lib/lib_maccore_patches.a(install_patches.o)
                                 0x9d (size before relaxing)
                0x000a535c                install_phase0_patches
                0x000a5380                install_patches
 *fill*         0x000a53d6        0x2 00
 .ex_init_text  0x000a53d8       0x56 mac_core/patch/AR6320/v3/.output/AR6320/hw.3/lib/lib_maccore_patches.a(whal_install_patches.o)
                                 0x72 (size before relaxing)
                0x000a53d8                whal_install_patches
                0x000a5424                whal_pre_init_callback
 *fill*         0x000a542e        0x2 00
 .ex_init_text  0x000a5430       0x4d mac_core/patch/AR6320/v3/.output/AR6320/hw.3/lib/lib_maccore_patches.a(wal_install_patches.o)
                                 0x8f (size before relaxing)
                0x000a5430                wal_install_patches
 *fill*         0x000a547d        0x3 00
 .ex_init_text  0x000a5480       0x36 mac_core/patch/AR6320/v3/.output/AR6320/hw.3/lib/lib_maccore_patches.a(ar_wal_connection_pause_patch.o)
                0x000a5480                ar_wal_connection_pause_patch_install
 *fill*         0x000a54b6        0x2 00
 .ex_init_text  0x000a54b8      0x586 mac_core/patch/AR6320/v3/.output/AR6320/hw.3/lib/lib_maccore_patches.a(ar_wal_phy_dev_patch.o)
                0x000a54b8                patch_wal_dev_attach
                0x000a59f4                ar_wal_phy_dev_install_patch
 *fill*         0x000a5a3e        0x2 00
 .ex_init_text  0x000a5a40      0x152 mac_core/patch/AR6320/v3/.output/AR6320/hw.3/lib/lib_maccore_patches.a(cmnos_retention_patch.o)
                0x000a5a40                patch_cmnos_retention_hwinit
                0x000a5b24                patch_cmnos_retention_init
                0x000a5b60                patch_cmnos_retention_module_install
 *fill*         0x000a5b92        0x2 00
 .ex_init_text  0x000a5b94       0x2c mac_core/patch/AR6320/v3/.output/AR6320/hw.3/lib/lib_maccore_patches.a(ar_wal_tx_de_patch.o)
                0x000a5b94                ar_wal_tx_de_patch_install
 .ex_init_text  0x000a5bc0       0x2b mac_core/patch/AR6320/v3/.output/AR6320/hw.3/lib/lib_maccore_patches.a(ar_wal_local_frames_wifi_ip01_patch.o)
                0x000a5bc0                ar_wal_local_frames_wifi_ip01_install_patch
 *fill*         0x000a5beb        0x1 00
 .ex_init_text  0x000a5bec       0xa5 mac_core/patch/AR6320/v3/.output/AR6320/hw.3/lib/lib_maccore_patches.a(ar_wal_rx_patch.o)
                0x000a5bec                ar_wal_rx_patch_install
 *fill*         0x000a5c91        0x3 00
 .ex_init_text  0x000a5c94       0x28 mac_core/patch/AR6320/v3/.output/AR6320/hw.3/lib/lib_maccore_patches.a(ar_wal_rx_offload_patch.o)
                0x000a5c94                ar_wal_rx_offload_patch_install
 .ex_init_text  0x000a5cbc       0x26 mac_core/patch/AR6320/v3/.output/AR6320/hw.3/lib/lib_maccore_patches.a(ar_wal_rx_common_patch.o)
                0x000a5cbc                ar_wal_rx_common_patch_install
 *fill*         0x000a5ce2        0x2 00
 .ex_init_text  0x000a5ce4       0x6d mac_core/patch/AR6320/v3/.output/AR6320/hw.3/lib/lib_maccore_patches.a(ar_wal_vdev_patch.o)
                0x000a5ce4                ar_wal_vdev_install_patch
 *fill*         0x000a5d51        0x3 00
 .ex_init_text  0x000a5d54       0x12 mac_core/patch/AR6320/v3/.output/AR6320/hw.3/lib/lib_maccore_patches.a(ar_tx_q_enque_patch.o)
                0x000a5d54                ar_tx_q_enque_install_patch
 *fill*         0x000a5d66        0x2 00
 .ex_init_text  0x000a5d68       0x54 mac_core/patch/AR6320/v3/.output/AR6320/hw.3/lib/lib_maccore_patches.a(tx_sched_patch.o)
                0x000a5d68                tx_sched_install_patch
 .ex_init_text  0x000a5dbc      0x393 mac_core/patch/AR6320/v3/.output/AR6320/hw.3/lib/lib_maccore_patches.a(ar_wal_tx_send_patch.o)
                0x000a5dbc                init_wal_tx_hwq_ext
                0x000a5de0                patch_tx_send_attach
                0x000a60b0                ar_wal_tx_send_patch_install
 *fill*         0x000a614f        0x1 00
 .ex_init_text  0x000a6150       0x21 mac_core/patch/AR6320/v3/.output/AR6320/hw.3/lib/lib_maccore_patches.a(ar_wal_chain_mgmt_patch.o)
                0x000a6150                patch_wal_chain_mgmt_api_module_install
 *fill*         0x000a6171        0x3 00
 .ex_init_text  0x000a6174       0x8c mac_core/patch/AR6320/v3/.output/AR6320/hw.3/lib/lib_maccore_patches.a(ar_wal_peer_patch.o)
                0x000a6174                patch_wal_peer_api_module_install
 .ex_init_text  0x000a6200       0xce mac_core/patch/AR6320/v3/.output/AR6320/hw.3/lib/lib_maccore_patches.a(ar600P_txbf_patch.o)
                0x000a6200                patch_ar6000TxbfeeInit
                0x000a6270                ar600P_txbf_patch_install
                0x000a62c0                patch_ar6000TxbfAttach
 *fill*         0x000a62ce        0x2 00
 .ex_init_text  0x000a62d0       0x4d mac_core/patch/AR6320/v3/.output/AR6320/hw.3/lib/lib_maccore_patches.a(ar_xmit_wifi_ip01_patch.o)
                0x000a62d0                ar_xmit_wifi_ip01_patch_install
 *fill*         0x000a631d        0x3 00
 .ex_init_text  0x000a6320       0x26 mac_core/patch/AR6320/v3/.output/AR6320/hw.3/lib/lib_maccore_patches.a(ar_wal_channel_change_patch.o)
                0x000a6320                patch_wal_channel_change_api_module_install
 *fill*         0x000a6346        0x2 00
 .ex_init_text  0x000a6348       0x4a mac_core/patch/AR6320/v3/.output/AR6320/hw.3/lib/lib_maccore_patches.a(ar_wal_rc_patch.o)
                0x000a6348                ar_wal_rc_patch_install
 *fill*         0x000a6392        0x2 00
 .ex_init_text  0x000a6394       0x16 mac_core/patch/AR6320/v3/.output/AR6320/hw.3/lib/lib_maccore_patches.a(wal_rtt_patch.o)
                0x000a6394                wal_rtt_patch_install
 *fill*         0x000a63aa        0x2 00
 .ex_init_text  0x000a63ac       0x16 mac_core/patch/AR6320/v3/.output/AR6320/hw.3/lib/lib_maccore_patches.a(whal_rtt_patch.o)
                0x000a63ac                whal_rtt_patch_install
 *fill*         0x000a63c2        0x2 00
 .ex_init_text  0x000a63c4       0x32 mac_core/patch/AR6320/v3/.output/AR6320/hw.3/lib/lib_maccore_patches.a(dbglog_patch.o)
                0x000a63c4                patch_dbglog_module_install
 *fill*         0x000a63f6        0x2 00
 .ex_init_text  0x000a63f8       0x1a mac_core/patch/AR6320/v3/.output/AR6320/hw.3/lib/lib_maccore_patches.a(ar600p_beacon_patch.o)
                0x000a63f8                ar600P_beacon_patch_install
 *fill*         0x000a6412        0x2 00
 .ex_init_text  0x000a6414       0x62 mac_core/patch/AR6320/v3/.output/AR6320/hw.3/lib/lib_maccore_patches.a(ar6000_power_patch.o)
                0x000a6414                ar6000_power_patch_install
 *fill*         0x000a6476        0x2 00
 .ex_init_text  0x000a6478       0x51 mac_core/patch/AR6320/v3/.output/AR6320/hw.3/lib/lib_maccore_patches.a(cmnos_intrinf_patch.o)
                0x000a6478                cmnos_intrinf_install_patch
 *fill*         0x000a64c9        0x3 00
 .ex_init_text  0x000a64cc       0x1c mac_core/patch/AR6320/v3/.output/AR6320/hw.3/lib/lib_maccore_patches.a(wal_beacon_patch.o)
                0x000a64cc                wal_beacon_patch_install
 .ex_init_text  0x000a64e8        0xd mac_core/patch/AR6320/v3/.output/AR6320/hw.3/lib/lib_maccore_patches.a(wal_swba_patch.o)
                0x000a64e8                wal_swba_install_patch
 *fill*         0x000a64f5        0x3 00
 .ex_init_text  0x000a64f8       0x6e mac_core/patch/AR6320/v3/.output/AR6320/hw.3/lib/lib_maccore_patches.a(ar600P_retention_patch.o)
                0x000a64f8                ar600P_retention_patch_install
 *fill*         0x000a6566        0x2 00
 .ex_init_text  0x000a6568      0x135 mac_core/patch/AR6320/v3/.output/AR6320/hw.3/lib/lib_maccore_patches.a(ar_wal_tx_dm_patch.o)
                0x000a6568                patch_tx_dm_init
                0x000a6684                ar_wal_tx_dm_patch_install
 *fill*         0x000a669d        0x3 00
 .ex_init_text  0x000a66a0       0x68 mac_core/patch/AR6320/v3/.output/AR6320/hw.3/lib/lib_maccore_patches.a(patch_copy_engine.o)
                0x000a66a0                patch_copy_engine
 .ex_init_text  0x000a6708       0x1e mac_core/patch/AR6320/v3/.output/AR6320/hw.3/lib/lib_maccore_patches.a(wal_concurrency_patch.o)
                0x000a6708                wal_concurrency_install_patch
 *fill*         0x000a6726        0x2 00
 .ex_init_text  0x000a6728       0x2a mac_core/patch/AR6320/v3/.output/AR6320/hw.3/lib/lib_maccore_patches.a(ar_wal_tdls_patch.o)
                0x000a6728                ar_wal_tdls_patch_install
 *fill*         0x000a6752        0x2 00
 .ex_init_text  0x000a6754        0xe mac_core/patch/AR6320/v3/.output/AR6320/hw.3/lib/lib_maccore_patches.a(cmnos_timer_patch.o)
                0x000a6754                patch_cmnos_timer_module_install
 *fill*         0x000a6762        0x2 00
 .ex_init_text  0x000a6764       0x2a mac_core/patch/AR6320/v3/.output/AR6320/hw.3/lib/lib_maccore_patches.a(ar_wal_tx_hcm_patch.o)
                0x000a6764                patch_tx_hcm_attach
                0x000a677c                ar_wal_tx_hcm_patch_install
 *fill*         0x000a678e        0x2 00
 .ex_init_text  0x000a6790       0x31 mac_core/patch/AR6320/v3/.output/AR6320/hw.3/lib/lib_maccore_patches.a(ar_wal_tdls_conn_table_patch.o)
                0x000a6790                ar_wal_tdls_conn_table_patch_install
 *fill*         0x000a67c1        0x3 00
 .ex_init_text  0x000a67c4       0x35 mac_core/patch/AR6320/v3/.output/AR6320/hw.3/lib/lib_maccore_patches.a(ar600P_recv_patch.o)
                0x000a67c4                ar600P_recv_patch_install
                0x000a67ec                ar6320_recv_size_patch_install
 *fill*         0x000a67f9        0x3 00
 .ex_init_text  0x000a67fc       0x53 mac_core/patch/AR6320/v3/.output/AR6320/hw.3/lib/lib_maccore_patches.a(os_install_wlan_extra_memory_patches.o)
                0x000a67fc                patch_CE_fini
                0x000a681c                os_install_wlan_extra_memory_patches
 *fill*         0x000a684f        0x1 00
 .ex_init_text  0x000a6850       0x12 mac_core/patch/AR6320/v3/.output/AR6320/hw.3/lib/lib_maccore_patches.a(sha1_patch.o)
                0x000a6850                sha1_install_patch
 *fill*         0x000a6862        0x2 00
 .ex_init_text  0x000a6864       0x65 mac_core/patch/AR6320/v3/.output/AR6320/hw.3/lib/lib_maccore_patches.a(ar_wal_txbf_patch.o)
                0x000a6864                patch_wal_txbfee_init
                0x000a68bc                ar_wal_txbf_patch_install
 *fill*         0x000a68c9        0x3 00
 .ex_init_text  0x000a68cc       0x17 mac_core/patch/AR6320/v3/.output/AR6320/hw.3/lib/lib_maccore_patches.a(cmnos_allocram_patch.o)
                0x000a68cc                patch_cmnos_allocram_module_install
 *fill*         0x000a68e3        0x1 00
 .ex_init_text  0x000a68e4       0x21 protocol/src/extwow/.output/AR6320/hw.3/lib/libextwow.a(wlan_extwow.o)
                0x000a68e4                _wlan_extwow_init
 *fill*         0x000a6905        0x3 00
 .ex_init_text  0x000a6908       0x32 halphy/patch/AR6320/v3/.output/AR6320/hw.3/lib/lib_halphy_patches.a(halphy_install_patches.o)
                                 0x46 (size before relaxing)
                0x000a6908                halphy_install_patches
 *fill*         0x000a693a        0x2 00
 .ex_init_text  0x000a693c       0x2c halphy/patch/AR6320/v3/.output/AR6320/hw.3/lib/lib_halphy_patches.a(ar6000_ani_patch.o)
                0x000a693c                ar6000_ani_patch_install
 .ex_init_text  0x000a6968       0x9f halphy/patch/AR6320/v3/.output/AR6320/hw.3/lib/lib_halphy_patches.a(ar6320_ini_patch.o)
                0x000a6968                ar6320_ini_patch_install
 *fill*         0x000a6a07        0x1 00
 .ex_init_text  0x000a6a08       0x42 halphy/patch/AR6320/v3/.output/AR6320/hw.3/lib/lib_halphy_patches.a(ar6320_tpc_config_patch.o)
                0x000a6a08                ar6320_tpc_config_patch_install
 *fill*         0x000a6a4a        0x2 00
 .ex_init_text  0x000a6a4c       0x8a halphy/patch/AR6320/v3/.output/AR6320/hw.3/lib/lib_halphy_patches.a(ar6320_eeprom_patch.o)
                0x000a6a4c                ar6000_eeprom_patch_install
 *fill*         0x000a6ad6        0x2 00
 .ex_init_text  0x000a6ad8       0xb0 halphy/patch/AR6320/v3/.output/AR6320/hw.3/lib/lib_halphy_patches.a(ar600P_reset_patch.o)
                0x000a6ad8                hal_ar600P_reset_patch_install
 .ex_init_text  0x000a6b88      0x11f halphy/patch/AR6320/v3/.output/AR6320/hw.3/lib/lib_halphy_patches.a(ar6000_paprd_patch.o)
                0x000a6b88                ar6000_paprd_patch_install
 *fill*         0x000a6ca7        0x1 00
 .ex_init_text  0x000a6ca8       0x16 halphy/patch/AR6320/v3/.output/AR6320/hw.3/lib/lib_halphy_patches.a(ar6000_phy_patch.o)
                0x000a6ca8                ar6000_phy_patch_install
 *fill*         0x000a6cbe        0x2 00
 .ex_init_text  0x000a6cc0       0x2f mac_core/src/wal/whal/rtt/.output/AR6320/hw.3/lib/whal_rtt.a(whal_rtt.o)
                0x000a6cc0                rtt_init
                0x000a6cd8                whal_rtt_attach
 *fill*         0x000a6cef        0x0 00
 *fill*         0x000a6cef        0x0 00
 *fill*         0x000a6cef        0x0 00
 *fill*         0x000a6cef        0x0 00
 *fill*         0x000a6cef        0x0 00
 *fill*         0x000a6cef        0x0 00
 *fill*         0x000a6cef        0x0 00
 *fill*         0x000a6cef        0x0 00
 *fill*         0x000a6cef        0x0 00
 *fill*         0x000a6cef        0x0 00
 *fill*         0x000a6cef        0x0 00
 *fill*         0x000a6cef        0x0 00
 *fill*         0x000a6cef        0x0 00
 *fill*         0x000a6cef        0x0 00
 *fill*         0x000a6cef        0x0 00
 *fill*         0x000a6cef        0x0 00
 *fill*         0x000a6cef        0x0 00
 *fill*         0x000a6cef        0x0 00
 *fill*         0x000a6cef        0x0 00
 *fill*         0x000a6cef        0x0 00
 *fill*         0x000a6cef        0x0 00
 *fill*         0x000a6cef        0x0 00
 *fill*         0x000a6cef        0x1 00
 .ex_init_text  0x000a6cf0        0x5 protocol/src/wmi/.output/AR6320/hw.3/lib/libumacwmi.a(umac_wmi_events.o)
                0x000a6cf0                umac_wmi_events_module_install
 *fill*         0x000a6cf5        0x0 00
 *fill*         0x000a6cf5        0x0 00
 *fill*         0x000a6cf5        0x0 00
 *fill*         0x000a6cf5        0x0 00
 *fill*         0x000a6cf5        0x0 00
 *fill*         0x000a6cf5        0x0 00
 *fill*         0x000a6cf5        0x0 00
 *fill*         0x000a6cf5        0x0 00
 *fill*         0x000a6cf5        0x0 00
 *fill*         0x000a6cf5        0x0 00
 *fill*         0x000a6cf5        0x0 00
 *fill*         0x000a6cf5        0x0 00
 *fill*         0x000a6cf5        0x0 00
 *fill*         0x000a6cf5        0x0 00
 *fill*         0x000a6cf5        0x0 00
 *fill*         0x000a6cf5        0x0 00
 *fill*         0x000a6cf5        0x0 00
 *fill*         0x000a6cf5        0x0 00
 *fill*         0x000a6cf5        0x0 00
 *fill*         0x000a6cf5        0x0 00
 *fill*         0x000a6cf5        0x0 00
 *fill*         0x000a6cf5        0x0 00
 *fill*         0x000a6cf5        0x0 00
 *fill*         0x000a6cf5        0x0 00
 *fill*         0x000a6cf5        0x0 00
 *fill*         0x000a6cf5        0x0 00
 *fill*         0x000a6cf5        0x0 00
 *fill*         0x000a6cf5        0x0 00
 *fill*         0x000a6cf5        0x0 00
 *fill*         0x000a6cf5        0x0 00
 *fill*         0x000a6cf5        0x0 00
 *fill*         0x000a6cf5        0x0 00
 *fill*         0x000a6cf5        0x0 00
 *fill*         0x000a6cf5        0x0 00
 *fill*         0x000a6cf5        0x0 00
 *fill*         0x000a6cf5        0x0 00
 *fill*         0x000a6cf5        0x0 00
 *fill*         0x000a6cf5        0x0 00
 *fill*         0x000a6cf5        0x0 00
 *fill*         0x000a6cf5        0x0 00
 *fill*         0x000a6cf5        0x0 00
 *fill*         0x000a6cf5        0x0 00
 *fill*         0x000a6cf5        0x0 00
 *fill*         0x000a6cf5        0x0 00
 *fill*         0x000a6cf5        0x0 00
 *fill*         0x000a6cf5        0x0 00
 *fill*         0x000a6cf5        0x0 00
 *fill*         0x000a6cf5        0x0 00
 *fill*         0x000a6cf5        0x0 00
 *fill*         0x000a6cf5        0x0 00
 *fill*         0x000a6cf5        0x0 00
 *fill*         0x000a6cf5        0x0 00
 *fill*         0x000a6cf5        0x0 00
 *fill*         0x000a6cf5        0x0 00
 *fill*         0x000a6cf5        0x0 00
 *fill*         0x000a6cf5        0x0 00
 *fill*         0x000a6cf5        0x0 00
 *fill*         0x000a6cf5        0x0 00
 *fill*         0x000a6cf5        0x0 00
 *fill*         0x000a6cf5        0x0 00
 *fill*         0x000a6cf5        0x0 00
 *fill*         0x000a6cf5        0x0 00
 *fill*         0x000a6cf5        0x0 00
 *fill*         0x000a6cf5        0x0 00
 *fill*         0x000a6cf5        0x0 00
 *fill*         0x000a6cf5        0x0 00
 *fill*         0x000a6cf5        0x0 00
 *fill*         0x000a6cf5        0x0 00
 *fill*         0x000a6cf5        0x0 00
 *fill*         0x000a6cf5        0x0 00
 *fill*         0x000a6cf5        0x0 00
 *fill*         0x000a6cf5        0x0 00
 *fill*         0x000a6cf5        0x0 00
 *fill*         0x000a6cf5        0x0 00
 *fill*         0x000a6cf5        0x0 00
 *fill*         0x000a6cf5        0x0 00
 *fill*         0x000a6cf5        0x0 00
 *fill*         0x000a6cf5        0x0 00
 *fill*         0x000a6cf5        0x3 00
 .ex_init_text  0x000a6cf8        0x5 mac_core/patch/AR6320/v3/.output/AR6320/hw.3/lib/lib_maccore_patches.a(ar_wal_rmc_patch.o)
                0x000a6cf8                ar_wal_rmc_patch_install
 *fill*         0x000a6cfd        0x0 00
 *fill*         0x000a6cfd        0x0 00
 *fill*         0x000a6cfd        0x0 00
 *fill*         0x000a6cfd        0x0 00
 *fill*         0x000a6cfd        0x0 00
 *fill*         0x000a6cfd        0x0 00
 *fill*         0x000a6cfd        0x0 00
 *fill*         0x000a6cfd        0x0 00
 *fill*         0x000a6cfd        0x0 00
 *fill*         0x000a6cfd        0x0 00
 *fill*         0x000a6cfd        0x0 00
 *fill*         0x000a6cfd        0x0 00
 *fill*         0x000a6cfd        0x0 00
 *fill*         0x000a6cfd        0x0 00
 *fill*         0x000a6cfd        0x0 00
 *fill*         0x000a6cfd        0x0 00
 *fill*         0x000a6cfd        0x0 00
 *fill*         0x000a6cfd        0x0 00
 *fill*         0x000a6cfd        0x0 00
                0x000a6cfd                _ex_init_text_end = ABSOLUTE (.)

.evictable_text
                0x0a000000        0x7
                0x0a000000                . = ALIGN (0x4)
                0x0a000000                _evict_text_start = ABSOLUTE (.)
 *(.evictable_text)
 .evictable_text
                0x0a000000        0x7 mac_core/src/misc/codeswap/.output/AR6320/hw.3/lib/libcodeswap.a(codeswap.o)
                0x0a000000                __CODESWAP_EVICTED__codeswap_nonres_fn
                0x0a000007                _evict_text_end = ABSOLUTE (.)

.alt_text       0x000a6f00     0xf115
                0x000a6f00                _s_alt_text = .
                0x000a6f00                _alt_text_start = ABSOLUTE (.)
 mac_core/src/wal/whal/rtt/.output/AR6320/hw.3/lib/whal_rtt.a(.text)
 .text          0x000a6f00      0xcfb mac_core/src/wal/whal/rtt/.output/AR6320/hw.3/lib/whal_rtt.a(whal_rtt.o)
                0x000a6f00                get_mac_clock_freq
                0x000a6f24                rtt_send_sta_get_rxbw
                0x000a6f34                rtt_send_sta_get_txbw
                0x000a6f7c                _rtt_get_rx_frame_len
                0x000a6f8c                rtt_recv_sta_get_rxbw
                0x000a6fec                rtt_get_rx_chain_mask
                0x000a7050                rtt_read_channel_dump
                0x000a71ac                _rtt_reg_setting
                0x000a720c                rtt_frame_prepare
                0x000a7414                rtt_frame_recover
                0x000a74d0                _rtt_rx_frame_time
                0x000a7630                _rtt_ack_rx_time
                0x000a76c8                _rtt_get_txrx_delay
                0x000a77b4                rtt_get_toda
                0x000a7994                rtt_send_sta_get_rssi
                0x000a7a30                rtt_recv_sta_get_rssi
                0x000a7acc                rtt_recv_sta_get_CFR_sta
                0x000a7af8                rtt_recv_sta_do_CFR_capture
                0x000a7b5c                _rtt_get_hw_corr_value
                0x000a7bcc                rtt_fac_handler
 mac_core/src/misc/profile/.output/AR6320/hw.3/lib/libprofile.a(.text)
 protocol/src/rtt/.output/AR6320/hw.3/lib/librtt.a(.text)
 *fill*         0x000a7bfb        0x1 00
 .text          0x000a7bfc     0x2bbf protocol/src/rtt/.output/AR6320/hw.3/lib/librtt.a(wlan_rtt.o)
                0x000a7bfc                wlan_rtt_schedule
                0x000a7cc8                wlan_rtt_sche_req
                0x000a7d78                wlan_rtt_sche_delete
                0x000a7df4                wlan_rtt_sche_release
                0x000a8354                wlan_rtt_exit_clean
                0x000a83d8                wlan_rtt_resp_exit_clean
                0x000a8814                wlan_set_rtt_rate_info
                0x000a8b3c                wlan_rtt_resp_init
                0x000a90d4                wlan_rtt_set_report_header
                0x000a9204                wmi_send_rtt_error_report_event
                0x000a92b8                wmi_rtt_report_complete
                0x000a9440                wlan_rtt_chan_switch_hdl
                0x000a9540                wlan_rtt_duration_estimate
                0x000a95ac                wlan_rtt_do_chnl_switch
                0x000a96a8                wlan_rtt_local_send
                0x000aa664                wlan_rtt_new_ftm_session
                0x000aa6e4                wlan_rtt_abort_chnl_switch
                0x000aa734                wlan_rtt_abort_curr_ftm_session
 *fill*         0x000aa7bb        0x0 00
 protocol/src/framegen/.output/AR6320/hw.3/lib/libframegen.a(.text)
 *fill*         0x000aa7bb        0x1 00
 .text          0x000aa7bc     0x19e9 protocol/src/framegen/.output/AR6320/hw.3/lib/libframegen.a(wlan_framegen.o)
                0x000aa808                _wlan_frmgen_get_pspoll
                0x000aa898                _wlan_frmgen_get_nullfunc
                0x000aaaa0                _wlan_frmgen_get_cts2self
                0x000aab20                _wlan_frmgen_get_action_ba
                0x000aaee4                _wlan_frmgen_get_bar
                0x000aaf94                wlan_add_rates
                0x000aafbc                wlan_add_ssid
                0x000aafe0                _wlan_frmgen_get_probe_req
                0x000ab1e0                _wlan_frmgen_get_action_tmr
                0x000ab2f8                _wlan_frmgen_get_action_tm
                0x000ab44c                _wlan_frmgen_get_cfend
                0x000ab4d8                _wlan_frmgen_get_probe_resp
                0x000ab674                _wlan_frmgen_get_action_smps
                0x000ab7a0                _wlan_frmgen_get_iapp
                0x000ab810                _wlan_frmgen_get_action_rmc_ldr_inform
                0x000ab818                _wlan_frmgen_get_deauth_disassoc
                0x000ab90c                _wlan_frmgen_get_noa_action
                0x000ab9dc                _wlan_frmgen_get_mgmt_atim
                0x000abacc                _wlan_frmgen_get_tdls_action_pti
                0x000abd00                _wlan_frmgen_get_tdls_action_channel_switch_req
                0x000abf64                _wlan_frmgen_get_tdls_action_channel_switch_resp
 *fill*         0x000ac1a5        0x0 00
 protocol/src/offload/.output/AR6320/hw.3/lib/liboffload.a(.text)
 *fill*         0x000ac1a5        0x3 00
 .text          0x000ac1a8      0xf0d protocol/src/offload/.output/AR6320/hw.3/lib/liboffload.a(wlan_arp_ns_offload.o)
                0x000ac208                _arp_validate
                0x000ac344                _arp_construct_reply
                0x000ac3f0                _arp_ns_offload_get_stats
                0x000ac408                _arp_ns_offload_clear_stats
                0x000ac420                _arp_ns_offload_process_local_arpreq
                0x000ac53c                _ns_validate
                0x000ac688                _ns_construct_reply
                0x000ac788                _arp_ns_offload_get_payload
                0x000ac7f8                _arp_ns_offload_proc_frame
                0x000acc68                dispatch_arp_ns_offload_cmds
                0x000acdf4                send_proct_arprs_keep_alive
                0x000ace64                keep_alive_function_handler
                0x000ace9c                wlan_keep_alive_notif_handler
                0x000acf14                _wmi_del_proc_arp_rsp_keepalive
                0x000acf8c                _wmi_set_proc_arp_rsp_keepalive
                0x000ad034                _arp_ns_offload_set_mode
                0x000ad064                _arp_ns_offload_vdev_init
                0x000ad094                _arp_ns_offload_vdev_deinit
 *fill*         0x000ad0b5        0x3 00
 .text          0x000ad0b8      0xcbc protocol/src/offload/.output/AR6320/hw.3/lib/liboffload.a(wlan_beacon_tx_offload.o)
                0x000ad0b8                beacon_tx_offload_ctxt_init
                0x000ad100                beacon_tx_offload_alloc_bcn_buf
                0x000ad164                beacon_tx_offload_alloc_prob_resp_buf
                0x000ad1a8                update_prb_rsp_templ_by_bcn
                0x000ad208                _wmi_beacon_tx_offload_hdlr
                0x000ad3c8                wlan_beacon_tx_done_to_host
                0x000ad424                _wlan_beacon_tx_offload_beacon_done
                0x000ad4c8                _wlan_beacon_tx_offload_handle_beacon
                0x000ad538                _wlan_beacon_tx_module_vdev_deinit
                0x000ad5cc                wlan_tx_beacon_offload_scan_evt_handler
                0x000ad610                _wlan_beacon_tx_offload_enable
                0x000ad618                wlan_append_timie
                0x000ad63c                _wlan_beacon_tx_offload_form_beacon
                0x000ad7a0                _wlan_beacon_tx_offload_get_DTIMCnt
                0x000ad7b8                _wlan_beacon_tx_offload_update_DTIMCnt
                0x000ad7d8                wlan_prb_rsp_tx_done_to_host
                0x000ad834                _wlan_probrsp_tx_offload_done
                0x000ad878                _wlan_beacon_tx_offload_vdev_enable
                0x000ad888                wlan_vdev_generate_probe_rsp
                0x000ada7c                ssid_contains_p2p_wild
                0x000adaa4                ssid_is_wild
                0x000adab4                ssid_is_same
                0x000adad8                _wlan_probe_req_handler
                0x000adccc                _wlan_probe_response_tx_offload_enabled
                0x000adcd4                wlan_beacon_tx_offload_find_txdone_hanlder
                0x000adcf4                _wlan_beacon_tx_offload_unregister_txdone_notification
                0x000add48                _wlan_beacon_tx_offload_register_txdone_notification
 .text          0x000add74      0xc63 protocol/src/offload/.output/AR6320/hw.3/lib/liboffload.a(wlan_network_list_offload.o)
                0x000add74                nlo_send_wmi_event
                0x000addb4                _wlan_nlo_scan
                0x000ade78                nlo_ssid_match
                0x000adea0                nlo_auth_match
                0x000adecc                nlo_enc_match
                0x000adefc                nlo_get_wpa_info
                0x000ae03c                nlo_get_rsn_info
                0x000ae16c                nlo_find_sec_enable
                0x000ae174                nlo_get_noisefloor
                0x000ae17c                _nlo_probe_rsp_beacon_handler
                0x000ae3dc                _wlan_nlo_scan_evt_handler
                0x000ae5d4                _wlan_nlo_scan_cycle_start
                0x000ae654                _wlan_nlo_scan_cycle_stop
                0x000ae9b4                _wlan_nlo_in_progress
 *fill*         0x000ae9d7        0x1 00
 .text          0x000ae9d8      0x881 protocol/src/offload/.output/AR6320/hw.3/lib/liboffload.a(wlan_swbmiss_offload.o)
                0x000ae9d8                get_current_listen_period
                0x000aea20                _wlan_swbmiss_vdev_init
                0x000aeac0                _wlan_swbmiss_vdev_free
                0x000aeb24                _wlan_swbmiss_enable
                0x000aebcc                _wlan_swbmiss_disable
                0x000aec4c                _wlan_swbmiss_timer_restart
                0x000aecac                _wlan_swbmiss_timer_set
                0x000aed10                _wlan_swbmiss_bcn_evt_register
                0x000aed54                _wlan_swbmiss_bcn_evt_unregister
                0x000aeda8                _wlan_swbmiss_bcn_evt_update_evt_filt
                0x000aedc8                _wlan_swbmiss_param_set
                0x000aee90                _wlan_swbmiss_param_get
                0x000aeea8                _wlan_swbmiss_bcn_rssi_avg
                0x000aeec8                _wlan_swbmiss_calc_rssi_avg
                0x000aeeec                _wlan_swbmiss_update_rssi
                0x000aef48                _wlan_swbmiss_bmiss_tmr_fn
                0x000af088                _wlan_swbmiss_post_bmiss
                0x000af0b8                _wlan_swbmiss_deliver_evt
                0x000af0d8                _wlan_swbmiss_vdev_evt_handler
                0x000af150                _wlan_swbmiss_offload_handler
 *fill*         0x000af259        0x0 00
 *fill*         0x000af259        0x0 00
 *fill*         0x000af259        0x0 00
 protocol/src/offload_mgr/.output/AR6320/hw.3/lib/liboffload_mgr.a(.text)
 *fill*         0x000af259        0x3 00
 .text          0x000af25c      0x3fa protocol/src/offload_mgr/.output/AR6320/hw.3/lib/liboffload_mgr.a(beacon_filter.o)
                0x000af25c                _bcnfilter_can_deliver_beacon_tohost
                0x000af2e0                _bcnfilter_get_cksum
                0x000af360                _bcnfilter_filter_own_bcn
                0x000af424                _bcnfilter_vdev_evt_handler
                0x000af44c                _bcnfilter_add_bcn_filter
                0x000af4e4                _bcnfilter_rmv_bcn_filter
                0x000af558                _bcnfilter_get_stats
                0x000af5dc                reflect
                0x000af610                crc32
 *fill*         0x000af656        0x2 00
 .text          0x000af658      0x7fb protocol/src/offload_mgr/.output/AR6320/hw.3/lib/liboffload_mgr.a(csa_offload_main.o)
                0x000af658                _csa_channel_change_recv
                0x000af714                _csa_timer_handler
                0x000afbb0                _csa_handler
                0x000afc6c                _csa_vdev_notif_handler
                0x000afd24                _csa_dev_init
                0x000afda4                _csa_dev_cleanup
                0x000afe00                _wlan_csa_offload_enable
                0x000afe14                _wmi_csa_offload_cmd_hdlr
 *fill*         0x000afe53        0x1 00
 .text          0x000afe54      0x84f protocol/src/offload_mgr/.output/AR6320/hw.3/lib/liboffload_mgr.a(offload_mgr.o)
                0x000afe54                _offldmgr_register_offload
                0x000afebc                _offldmgr_deregister_offload
                0x000b0128                _offldmgr_non_data_handler
                0x000b0304                _offldmgr_can_deliver_event_to_host
                0x000b0344                _offldmgr_data_store
                0x000b03e8                _offldmgr_data_flush
                0x000b0428                _offldmgr_offload_enter
                0x000b0468                _offldmgr_offload_exit
                0x000b0504                _offldmgr_store_mgmt
                0x000b0560                _offldmgr_flush_mgmt
                0x000b05d4                _offldmgr_send_htt_event_to_host
                0x000b060c                _offldmgr_htt_evt_store
                0x000b0654                _offldmgr_htt_evt_flush
 *fill*         0x000b06a3        0x1 00
 .text          0x000b06a4      0x199 protocol/src/offload_mgr/.output/AR6320/hw.3/lib/liboffload_mgr.a(wlan_d0wow.o)
                0x000b06a4                _d0wow_send_wmi_event_to_host
                0x000b070c                _d0wow_can_deliver_mgmt_tohost
                0x000b0714                _d0wow_wmi_cmd_handler
 *fill*         0x000b083d        0x3 00
 .text          0x000b0840      0xd9e protocol/src/offload_mgr/.output/AR6320/hw.3/lib/liboffload_mgr.a(wlan_gtk_offload.o)
                0x000b0840                _gtk_offload_tx_completion_callback
                0x000b0848                _gtk_offload_deferred_m2_callback
                0x000b0908                _gtk_offload_compute_mic
                0x000b09bc                _gtk_offload_build_m2_frame
                0x000b0b4c                _gtk_offload_verify_mic
                0x000b0bcc                _gtk_offload_decrypt_key
                0x000b0ddc                _gtk_offload_build_key_cmd
                0x000b0edc                _gtk_offload_process_rekey
                0x000b102c                _gtk_offload_check_rekey
                0x000b1178                _gtk_offload_send_rekey_failure_event
                0x000b11b4                _gtk_offload_can_deliver_rxdata_tohost
                0x000b12a4                _gtk_offload_fill_satus_event
                0x000b130c                _gtk_offload_send_status
                0x000b134c                _gtk_offload_get_ctx_by_dev_id
                0x000b13b8                _gtk_offload_dispatch_wmi_cmd
 *fill*         0x000b15de        0x2 00
 .text          0x000b15e0     0x13eb protocol/src/offload_mgr/.output/AR6320/hw.3/lib/liboffload_mgr.a(wlan_wow.o)
                0x000b15e0                _wlan_wow_timestamp_update
                0x000b1660                _wow_send_htt_evt_to_host
                0x000b16b4                _wow_send_wmi_event_to_host
                0x000b17c0                _wow_can_deliver_mgmt_tohost
                0x000b18ec                _wow_can_deliver_rxdata_tohost
                0x000b1ad4                _wow_wakeup_host
                0x000b1b6c                _wow_check_duplicate_bitmap_filter_entry
                0x000b1be0                _wow_add_bitmap_pattern
                0x000b1c70                _wow_del_bitmap_pattern
                0x000b1cd4                _wow_does_packet_match_bitmap_pattern
                0x000b1d2c                _wow_check_eapol4way
                0x000b1d7c                _wow_check_eapol
                0x000b1e64                _wow_does_magic_pattern_match
                0x000b1f34                _wow_update_ra_cache
                0x000b20ac                _wow_does_ipv6_ra_match
                0x000b2148                _wow_event_vdev_notif_handler
                0x000b21a8                _wow_host_wake_timer
                0x000b21d0                _wow_setup_wakeup_event
                0x000b2388                wow_vdev_allow
                0x000b2458                wow_allowed
                0x000b2490                ani_allowed
                0x000b24c4                wow_setup_loglvl_for_suspend
                0x000b24e8                wow_restore_loglvl_from_suspend
                0x000b2504                _wow_wmi_cmd_handler
                0x000b2864                _wow_get_payload
                0x000b2900                wow_wmi_register_dispatchtbl
                0x000b2914                _wow_set_mgt
                0x000b2928                _wow_clear_mgt
                0x000b293c                _wow_hold_mgt
                0x000b2954                _wow_get_state
                0x000b2964                _wow_is_evt_enabled
                0x000b2984                _wow_set_block_mode
                0x000b299c                _wow_create_vdev_instance
                0x000b29b4                _wow_delete_vdev_instance
 *fill*         0x000b29cb        0x0 00
 *fill*         0x000b29cb        0x0 00
 *fill*         0x000b29cb        0x0 00
 *fill*         0x000b29cb        0x0 00
 *fill*         0x000b29cb        0x0 00
 *fill*         0x000b29cb        0x0 00
 protocol/src/chatter/.output/AR6320/hw.3/lib/libchatter.a(.text)
 *fill*         0x000b29cb        0x1 00
 .text          0x000b29cc      0x61f protocol/src/chatter/.output/AR6320/hw.3/lib/libchatter.a(wlan_chatter.o)
                                0x623 (size before relaxing)
                0x000b2b70                wlan_chatter_set_mode
                0x000b2f0c                wlan_chatter_wmi_dispatch_cmds
                0x000b2f68                wlan_chatter_create_vdev_instance
                0x000b2f80                wlan_chatter_delete_vdev_instance
                0x000b2f98                wlan_chatter_set_blocked_mode
 *fill*         0x000b2feb        0x1 00
 .text          0x000b2fec      0x709 protocol/src/chatter/.output/AR6320/hw.3/lib/libchatter.a(wlan_coalescing.o)
                0x000b3410                wlan_pkt_coalescing_filter_cnt
                0x000b3418                wlan_pkt_coalescing_flush_done
                0x000b3450                wlan_pkt_coalescing_apply_rules
                0x000b3548                wlan_pkt_coalescing_del_filter
                0x000b356c                wlan_pkt_coalescing_query_resp
                0x000b3598                wlan_pkt_coalescing_add_filter
 *fill*         0x000b36f5        0x0 00
 *fill*         0x000b36f5        0x0 00
 protocol/src/phyerr/.output/AR6320/hw.3/lib/libphyerr.a(.text)
 *fill*         0x000b36f5        0x3 00
 .text          0x000b36f8      0x4fb protocol/src/phyerr/.output/AR6320/hw.3/lib/libphyerr.a(wlan_dfs_phyerr_filter.o)
                0x000b3b28                _wlan_dfs_ap_update_radar_phyerr_status
                0x000b3b78                _wlan_dfs_check_radar_phyerr_status
                0x000b3bb4                _wlan_dfs_validate_and_send_radar_event
 *fill*         0x000b3bf3        0x1 00
 .text          0x000b3bf4      0x506 protocol/src/phyerr/.output/AR6320/hw.3/lib/libphyerr.a(wlan_phyerr.o)
                0x000b3bf4                _wlan_set_phyerr_state
                0x000b3cb0                _wlan_send_phyerr_to_host
                0x000b3e40                _wmi_send_phyerr_rx_event
 *fill*         0x000b40fa        0x0 00
 *fill*         0x000b40fa        0x0 00
 protocol/src/power/smps/.output/AR6320/hw.3/lib/libsmps.a(.text)
 *fill*         0x000b40fa        0x2 00
 .text          0x000b40fc      0xcfb protocol/src/power/smps/.output/AR6320/hw.3/lib/libsmps.a(wlan_smps.o)
                0x000b4118                wlan_smps_virtual_chan_is_smps_supported
                0x000b4134                wlan_smps_virtual_chan_set_host_forced_mode
                0x000b417c                wlan_smps_virtual_chan_set_fw_forced_mode
                0x000b41c8                wlan_smps_virtual_chan_start
                0x000b4230                wlan_smps_virtual_chan_stop
                0x000b4260                wlan_smps_chainmask_timeout
                0x000b4284                wlan_smps_virtual_chan_rssi_sampling_timeout
                0x000b431c                wlan_smps_sta_is_rssi_above_thresh
                0x000b4330                wlan_smps_sta_update_rssi_values
                0x000b4380                wlan_smps_sta_send_cts2self_frame
                0x000b4404                wlan_smps_virtual_chan_send_cts2self_frame
                0x000b4454                wlan_smps_sta_wal_peer_rx_event
                0x000b4480                wlan_smps_virtual_chan_action_frame_tx_completion
                0x000b458c                wlan_smps_sta_send_action_frame
                0x000b45cc                wlan_smps_virtual_chan_enable_stats
                0x000b4608                wlan_smps_sta_get_dtim_rx_chainmask
                0x000b4618                wlan_smps_sta_set_dtim_rx_chainmask
                0x000b4634                wlan_smps_virtual_chan_set_arb_dtim_chainmask
                0x000b46d0                wlan_smps_wal_vdev_event_handler
                0x000b4718                wlan_smps_virtual_chan_update_dtim_chmask
                0x000b4770                wlan_smps_offload_handler
                0x000b4838                wlan_smps_virtual_chan_register_beacon_rx
                0x000b4864                wlan_smps_resume
                0x000b4980                wlan_smps_pdev_update_dtim_chmask_on_sleep
                0x000b49f4                wlan_smps_pdev_update_dtim_chmask_on_awake
                0x000b4a58                wlan_smps_set_param
                0x000b4ab8                wlan_smps_sta_create_instance
                0x000b4b34                wlan_smps_sta_attach_virtual_chan_ctxt
                0x000b4b48                wlan_smps_sta_delete_instance
                0x000b4b8c                wlan_smps_virtual_chan_create_instance
                0x000b4c50                wlan_smps_virtual_chan_delete_instance
                0x000b4c9c                wlan_smps_wmi_sta_smps_force_mode_cmd
                0x000b4cc0                wlan_smps_wmi_sta_smps_param_cmd
                0x000b4cfc                wlan_smps_vdev_set_fw_forced_mode
                0x000b4d10                wlan_smps_chan_change_setup_smps_attributes
                0x000b4dc4                wlan_smps_disable_smps
                0x000b4dd4                wlan_smps_set_reduced_dtim_rx_chainmask
 *fill*         0x000b4df7        0x1 00
 .text          0x000b4df8      0x43b protocol/src/power/smps/.output/AR6320/hw.3/lib/libsmps.a(wlan_smps_sm.o)
                0x000b4e14                wlan_smps_rssi_threshold_update
                0x000b4e4c                wlan_smps_state_inactive_entry
                0x000b4e5c                wlan_smps_state_inactive_exit
                0x000b4e64                wlan_smps_state_inactive_event
                0x000b4ee0                wlan_smps_state_static_entry
                0x000b4ef0                wlan_smps_state_static_exit
                0x000b4ef8                wlan_smps_state_static_event
                0x000b4f50                wlan_smps_state_dynamic_entry
                0x000b4f70                wlan_smps_state_dynamic_exit
                0x000b4f88                wlan_smps_state_dynamic_event
                0x000b4ff0                wlan_smps_state_stalled_entry
                0x000b5000                wlan_smps_state_stalled_exit
                0x000b5008                wlan_smps_state_stalled_event
                0x000b5074                wlan_smps_state_inactive_wait_entry
                0x000b5084                wlan_smps_state_inactive_wait_exit
                0x000b508c                wlan_smps_state_inactive_wait_event
                0x000b50e4                wlan_smps_state_static_wait_entry
                0x000b50f4                wlan_smps_state_static_wait_exit
                0x000b50fc                wlan_smps_state_static_wait_event
                0x000b515c                wlan_smps_state_dynamic_wait_entry
                0x000b516c                wlan_smps_state_dynamic_wait_exit
                0x000b5174                wlan_smps_state_dynamic_wait_event
                0x000b51d4                wlan_smps_sm_init
                0x000b51e8                wlan_smps_sm_debug_print
                0x000b51f0                wlan_smps_sm_get_dbglog_data
                0x000b5208                wlan_smps_sm_shared_create
 *fill*         0x000b5233        0x0 00
 *fill*         0x000b5233        0x0 00
 mac_core/src/wal/whal/ini/.output/AR6320/hw.3/lib/libwhalini.a(.text)
 *fill*         0x000b5233        0x1 00
 .text          0x000b5234       0xc3 mac_core/src/wal/whal/ini/.output/AR6320/hw.3/lib/libwhalini.a(whalini.o)
                0x000b5234                whal_ini_setup_id
                0x000b5270                _whal_ini_fetch_data
 *fill*         0x000b52f7        0x0 00
 protocol/src/profile/.output/AR6320/hw.3/lib/libwlanprofile.a(.text)
 *fill*         0x000b52f7        0x1 00
 .text          0x000b52f8      0x249 protocol/src/profile/.output/AR6320/hw.3/lib/libwlanprofile.a(wlan_profile.o)
                0x000b52f8                _wlan_profile_report_event
                0x000b53fc                _wlan_profile_start_cmd
                0x000b545c                _wlan_profile_stop_cmd
                0x000b54bc                _wlan_profile_enable_profile_cmd
                0x000b54d0                _wlan_profile_set_profile_histogram_intvl_cmd
                0x000b54e4                wlan_profile_wmi_unified_disptach_cmds
 *fill*         0x000b5541        0x0 00
 protocol/src/key_mgmt/.output/AR6320/hw.3/lib/libkeymgmt.a(.text)
 *fill*         0x000b5541        0x3 00
 .text          0x000b5544      0x22f protocol/src/key_mgmt/.output/AR6320/hw.3/lib/libkeymgmt.a(wlan_key_mgmt.o)
                0x000b5544                _keymgmt_add_peer_entry
 *fill*         0x000b5773        0x0 00
 protocol/src/cfg/.output/AR6320/hw.3/lib/libcfg.a(.text)
 *fill*         0x000b5773        0x1 00
 .text          0x000b5774       0x13 protocol/src/cfg/.output/AR6320/hw.3/lib/libcfg.a(cfg.o)
                0x000b5774                _cfg_vdev_init
 *fill*         0x000b5787        0x0 00
 mac_core/src/hostif/wmisvc/.output/AR6320/hw.3/lib/libwmisvc.a(.text)
 *fill*         0x000b5787        0x1 00
 .text          0x000b5788      0x88d mac_core/src/hostif/wmisvc/.output/AR6320/hw.3/lib/libwmisvc.a(wmi_svc.o)
 *fill*         0x000b6015        0x0 00
 *(.ext_iram)
                0x000b6015                _alt_text_end = ABSOLUTE (.)
                0x000b6015                _e_alt_text = .

.lit4           0x0097b000     0x5000
                0x0097b000                _lit4_start = ABSOLUTE (.)
                0x0097b000                _lit4_end = ABSOLUTE (.)
                0x0097b000                _rom_literal_start = ABSOLUTE (.)
                0x00980000                . = (. + 0x5000)
 *fill*         0x0097b000     0x5000 00
                0x00980000                _rom_literal_end = ABSOLUTE (.)

.dport0.literal
                0x00980000        0x0
                0x00980000                _dport0_literal_start = ABSOLUTE (.)
 *(.dport0.literal)
 *(.dport.literal)
                0x00980000                _dport0_literal_end = ABSOLUTE (.)

.literals       0x00980000     0x4234
                0x00980000                _literals_start = ABSOLUTE (.)
 *(*.lit4)
 .ex_init_text.lit4
                0x00980000       0x9c mac_core/patch/AR6320/v3/.output/AR6320/hw.3/obj/app_start.o
                                 0xd8 (size before relaxing)
 .lit4          0x0098009c       0x10 protocol/src/init/.output/AR6320/hw.3/lib/libwlaninit.a(wlan_init.o)
                                 0x24 (size before relaxing)
 .ex_init_text.lit4
                0x009800ac      0x134 protocol/src/init/.output/AR6320/hw.3/lib/libwlaninit.a(wlan_init.o)
                                0x22c (size before relaxing)
 .lit4          0x009801e0       0xb4 protocol/src/init/.output/AR6320/hw.3/lib/libwlaninit.a(wlan_peer.o)
                                0x184 (size before relaxing)
 .ex_init_text.lit4
                0x00980294        0x8 protocol/src/init/.output/AR6320/hw.3/lib/libwlaninit.a(wlan_peer.o)
                                 0x10 (size before relaxing)
 .ex_init_text.lit4
                0x0098029c       0x14 protocol/src/init/.output/AR6320/hw.3/lib/libwlaninit.a(umac_init.o)
                                 0x70 (size before relaxing)
 .ex_init_text.lit4
                0x009802b0        0x8 protocol/src/init/.output/AR6320/hw.3/lib/libwlaninit.a(wlan_bss.o)
                                  0xc (size before relaxing)
 .lit4          0x009802b8        0x4 protocol/src/init/.output/AR6320/hw.3/lib/libwlaninit.a(wlan_bss.o)
                                  0x8 (size before relaxing)
 .ex_init_text.lit4
                0x009802bc       0x50 protocol/src/init/.output/AR6320/hw.3/lib/libwlaninit.a(wlan_buf.o)
                                 0xd0 (size before relaxing)
 .lit4          0x0098030c        0xc protocol/src/init/.output/AR6320/hw.3/lib/libwlaninit.a(wlan_buf.o)
                                 0x88 (size before relaxing)
 .ex_init_text.lit4
                0x00980318       0x5c protocol/src/init/.output/AR6320/hw.3/lib/libwlaninit.a(wlan_dev.o)
                                 0xc0 (size before relaxing)
 .lit4          0x00980374       0xb0 protocol/src/init/.output/AR6320/hw.3/lib/libwlaninit.a(wlan_dev.o)
                                0x19c (size before relaxing)
 .lit4          0x00980424       0xac mac_core/src/mac_core_init/.output/AR6320/hw.3/lib/libmaccoreinit.a(mac_core_init.o)
                                 0xf8 (size before relaxing)
 .ex_init_text.lit4
                0x009804d0        0x0 protocol/src/cfg/.output/AR6320/hw.3/lib/libcfg.a(cfg.o)
                                  0x4 (size before relaxing)
 .lit4          0x009804d0        0x0 protocol/src/cfg/.output/AR6320/hw.3/lib/libcfg.a(cfg.o)
                                  0x4 (size before relaxing)
 .lit4          0x009804d0      0x164 mac_core/src/wal/AR/coex/.output/AR6320/hw.3/lib/wal_coex.a(wal_coex.o)
                                0xb6c (size before relaxing)
 .ex_init_text.lit4
                0x00980634       0x50 mac_core/src/wal/AR/coex/.output/AR6320/hw.3/lib/wal_coex.a(wal_coex.o)
                                 0xc0 (size before relaxing)
 .lit4          0x00980684       0x7c mac_core/src/wal/AR/coex/.output/AR6320/hw.3/lib/wal_coex.a(wal_btcoex.o)
                                0x408 (size before relaxing)
 .ex_init_text.lit4
                0x00980700       0x2c mac_core/src/wal/AR/coex/.output/AR6320/hw.3/lib/wal_coex.a(wal_btcoex.o)
                                 0x60 (size before relaxing)
 .lit4          0x0098072c       0xb0 mac_core/src/wal/AR/coex/.output/AR6320/hw.3/lib/wal_coex.a(wal_mwscoex.o)
                                0x334 (size before relaxing)
 .ex_init_text.lit4
                0x009807dc       0x1c mac_core/src/wal/AR/coex/.output/AR6320/hw.3/lib/wal_coex.a(wal_mwscoex.o)
                                 0x58 (size before relaxing)
 .lit4          0x009807f8       0x10 mac_core/src/wal/AR/coex/.output/AR6320/hw.3/lib/wal_coex.a(wal_mwscoex_crc.o)
                                 0x38 (size before relaxing)
 .lit4          0x00980808       0x14 mac_core/src/wal/AR/coex/.output/AR6320/hw.3/lib/wal_coex.a(qmi_idl_lib.o)
                                 0x5c (size before relaxing)
 .lit4          0x0098081c        0x0 mac_core/src/wal/AR/coex/.output/AR6320/hw.3/lib/wal_coex.a(qmi_idl_accessor.o)
                                  0x4 (size before relaxing)
 .lit4          0x0098081c        0x4 mac_core/src/wal/AR/coex/.output/AR6320/hw.3/lib/wal_coex.a(coexistence_service_v02.o)
 .lit4          0x00980820        0xc mac_core/src/wal/whal/ini/.output/AR6320/hw.3/lib/libwhalini.a(whalini.o)
                                 0x20 (size before relaxing)
 .ex_init_text.lit4
                0x0098082c        0xc mac_core/src/wal/whal/ini/.output/AR6320/hw.3/lib/libwhalini.a(whalini.o)
                                 0x18 (size before relaxing)
 .ex_init_text.lit4
                0x00980838        0x0 mac_core/src/data_txrx/.output/AR6320/hw.3/lib/libdatatxrx.a(data_txrx.o)
                                  0x8 (size before relaxing)
 .lit4          0x00980838       0x24 mac_core/src/data_txrx/.output/AR6320/hw.3/lib/libdatatxrx.a(data_txrx.o)
                                 0xac (size before relaxing)
 .lit4          0x0098085c        0x8 mac_core/src/data_txrx/.output/AR6320/hw.3/lib/libdatatxrx.a(ieee80211_hdr.o)
                                  0xc (size before relaxing)
 .ex_init_text.lit4
                0x00980864        0xc mac_core/src/data_txrx/.output/AR6320/hw.3/lib/libdatatxrx.a(ieee80211_hdr.o)
                                 0x10 (size before relaxing)
 .lit4          0x00980870       0x78 mac_core/src/data_txrx/.output/AR6320/hw.3/lib/libdatatxrx.a(data_rx.o)
                                0x278 (size before relaxing)
 .ex_init_text.lit4
                0x009808e8       0x18 mac_core/src/data_txrx/.output/AR6320/hw.3/lib/libdatatxrx.a(data_rx.o)
                                 0x48 (size before relaxing)
 .lit4          0x00980900       0x54 mac_core/src/data_txrx/.output/AR6320/hw.3/lib/libdatatxrx.a(data_rx_peer.o)
                                 0xc8 (size before relaxing)
 .ex_init_text.lit4
                0x00980954       0x10 mac_core/src/data_txrx/.output/AR6320/hw.3/lib/libdatatxrx.a(data_rx_peer.o)
                                 0x1c (size before relaxing)
 .lit4          0x00980964       0x14 mac_core/src/data_txrx/.output/AR6320/hw.3/lib/libdatatxrx.a(data_rx_pn.o)
                                 0x28 (size before relaxing)
 .lit4          0x00980978       0x2c mac_core/src/data_txrx/.output/AR6320/hw.3/lib/libdatatxrx.a(data_rx_reorder.o)
                                0x1c0 (size before relaxing)
 .ex_init_text.lit4
                0x009809a4       0x28 mac_core/src/data_txrx/.output/AR6320/hw.3/lib/libdatatxrx.a(data_rx_reorder.o)
                                 0x4c (size before relaxing)
 .lit4          0x009809cc       0x10 protocol/src/mgmt_txrx/.output/AR6320/hw.3/lib/libmgmttxrx.a(ieee_mgmt_rx.o)
                                 0x38 (size before relaxing)
 .ex_init_text.lit4
                0x009809dc        0x4 protocol/src/mgmt_txrx/.output/AR6320/hw.3/lib/libmgmttxrx.a(ieee_mgmt_rx.o)
 .lit4          0x009809e0       0x24 protocol/src/mgmt_txrx/.output/AR6320/hw.3/lib/libmgmttxrx.a(wlan_mgmt_local_txrx.o)
                                 0xd8 (size before relaxing)
 .ex_init_text.lit4
                0x00980a04        0x4 protocol/src/mgmt_txrx/.output/AR6320/hw.3/lib/libmgmttxrx.a(wlan_mgmt_local_txrx.o)
                                  0x8 (size before relaxing)
 .lit4          0x00980a08       0x20 protocol/src/mgmt_txrx/.output/AR6320/hw.3/lib/libmgmttxrx.a(wlan_mgmt_txrx.o)
                                0x104 (size before relaxing)
 .ex_init_text.lit4
                0x00980a28        0x4 protocol/src/mgmt_txrx/.output/AR6320/hw.3/lib/libmgmttxrx.a(wlan_mgmt_txrx.o)
                                  0xc (size before relaxing)
 .ex_init_text.lit4
                0x00980a2c       0x24 protocol/src/vdev_mgr/.output/AR6320/hw.3/lib/libvdevmgr.a(wlan_vdev.o)
                                 0x48 (size before relaxing)
 .lit4          0x00980a50       0xfc protocol/src/vdev_mgr/.output/AR6320/hw.3/lib/libvdevmgr.a(wlan_vdev.o)
                                0x5b0 (size before relaxing)
 .lit4          0x00980b4c        0x8 protocol/src/vdev_mgr/.output/AR6320/hw.3/lib/libvdevmgr.a(wlan_vdev_keepalive.o)
                                0x104 (size before relaxing)
 .lit4          0x00980b54       0x28 protocol/src/vdev_mgr/.output/AR6320/hw.3/lib/libvdevmgr.a(wlan_vdev_misc.o)
                                0x160 (size before relaxing)
 .lit4          0x00980b7c       0x14 protocol/src/vdev_mgr/.output/AR6320/hw.3/lib/libvdevmgr.a(wlan_vdev_pause.o)
                                0x178 (size before relaxing)
 .lit4          0x00980b90       0x4c protocol/src/vdev_mgr/.output/AR6320/hw.3/lib/libvdevmgr.a(wlan_vdev_schedule.o)
                                0x27c (size before relaxing)
 .lit4          0x00980bdc        0x4 protocol/src/key_mgmt/.output/AR6320/hw.3/lib/libkeymgmt.a(wlan_key_mgmt.o)
                                 0x18 (size before relaxing)
 .lit4          0x00980be0       0x4c mac_core/src/ratectrl/.output/AR6320/hw.3/lib/libratectrl_11ac.a(ratectrl_11ac.o)
                                0x2c0 (size before relaxing)
 .lit4          0x00980c2c       0x18 mac_core/src/ratectrl/.output/AR6320/hw.3/lib/libratectrl_11ac.a(ratectrl_11ac_if.o)
                                 0xd0 (size before relaxing)
 .ex_init_text.lit4
                0x00980c44       0x10 mac_core/src/ratectrl/.output/AR6320/hw.3/lib/libratectrl_11ac.a(ratectrl_11ac_if.o)
                                 0x28 (size before relaxing)
 .ex_init_text.lit4
                0x00980c54        0x4 mac_core/src/ratectrl/.output/AR6320/hw.3/lib/libratectrl_11ac.a(ratectrl_peer_state.o)
                                  0x8 (size before relaxing)
 .lit4          0x00980c58        0x0 mac_core/src/ratectrl/.output/AR6320/hw.3/lib/libratectrl_11ac.a(ratectrl_peer_state.o)
                                  0x8 (size before relaxing)
 .lit4          0x00980c58       0xf4 protocol/src/rtt/.output/AR6320/hw.3/lib/librtt.a(wlan_rtt.o)
                                0x488 (size before relaxing)
 .ex_init_text.lit4
                0x00980d4c       0x30 protocol/src/rtt/.output/AR6320/hw.3/lib/librtt.a(wlan_rtt.o)
                                 0x58 (size before relaxing)
 .lit4          0x00980d7c       0x1c protocol/src/phyerr/.output/AR6320/hw.3/lib/libphyerr.a(wlan_dfs_phyerr_filter.o)
                                 0x78 (size before relaxing)
 .lit4          0x00980d98       0x28 protocol/src/phyerr/.output/AR6320/hw.3/lib/libphyerr.a(wlan_phyerr.o)
                                 0xa0 (size before relaxing)
 .ex_init_text.lit4
                0x00980dc0        0x4 protocol/src/phyerr/.output/AR6320/hw.3/lib/libphyerr.a(wlan_phyerr.o)
                                  0xc (size before relaxing)
 .lit4          0x00980dc4       0x20 protocol/src/rfkill/.output/AR6320/hw.3/lib/librfkill.a(wlan_rfkill.o)
                                 0x60 (size before relaxing)
 .ex_init_text.lit4
                0x00980de4       0x1c protocol/src/rfkill/.output/AR6320/hw.3/lib/librfkill.a(wlan_rfkill.o)
                                 0x28 (size before relaxing)
 .lit4          0x00980e00       0x34 protocol/src/wmi/.output/AR6320/hw.3/lib/libumacwmi.a(umac_wmi_events.o)
                                 0xbc (size before relaxing)
 .ex_init_text.lit4
                0x00980e34       0x2c protocol/src/wmi/.output/AR6320/hw.3/lib/libumacwmi.a(wlan_wmi.o)
                                 0x64 (size before relaxing)
 .lit4          0x00980e60       0x14 protocol/src/wmi/.output/AR6320/hw.3/lib/libumacwmi.a(wlan_wmi.o)
                                 0x7c (size before relaxing)
 .ex_init_text.lit4
                0x00980e74       0x24 protocol/src/wmi/.output/AR6320/hw.3/lib/libumacwmi.a(wlan_wmi_events.o)
                                 0x68 (size before relaxing)
 .lit4          0x00980e98       0x24 protocol/src/wmi/.output/AR6320/hw.3/lib/libumacwmi.a(wlan_wmi_events.o)
                                 0x7c (size before relaxing)
 .lit4          0x00980ebc       0x1c protocol/src/wmi/.output/AR6320/hw.3/lib/libumacwmi.a(wmi_gpiohook.o)
                                 0x2c (size before relaxing)
 .ex_init_text.lit4
                0x00980ed8        0x4 protocol/src/wmi/.output/AR6320/hw.3/lib/libumacwmi.a(wmi_gpiohook.o)
                                 0x10 (size before relaxing)
 .lit4          0x00980edc        0xc protocol/src/wmi/.output/AR6320/hw.3/lib/libumacwmi.a(wmi_tlv_helper.o)
                                 0x44 (size before relaxing)
 .ex_init_text.lit4
                0x00980ee8        0x0 protocol/src/wmi/.output/AR6320/hw.3/lib/libumacwmi.a(wmi_tlv_helper.o)
                                 0x14 (size before relaxing)
 .lit4          0x00980ee8        0x8 protocol/src/wmi/.output/AR6320/hw.3/lib/libumacwmi.a(umac_wmi.o)
                                 0x14 (size before relaxing)
 .lit4          0x00980ef0       0x34 protocol/src/offload_mgr/.output/AR6320/hw.3/lib/liboffload_mgr.a(beacon_filter.o)
                                 0x78 (size before relaxing)
 .ex_init_text.lit4
                0x00980f24        0xc protocol/src/offload_mgr/.output/AR6320/hw.3/lib/liboffload_mgr.a(beacon_filter.o)
                                 0x20 (size before relaxing)
 .lit4          0x00980f30       0x24 protocol/src/offload_mgr/.output/AR6320/hw.3/lib/liboffload_mgr.a(csa_offload_main.o)
                                 0xdc (size before relaxing)
 .ex_init_text.lit4
                0x00980f54        0xc protocol/src/offload_mgr/.output/AR6320/hw.3/lib/liboffload_mgr.a(csa_offload_main.o)
                                 0x28 (size before relaxing)
 .ex_init_text.lit4
                0x00980f60       0x20 protocol/src/offload_mgr/.output/AR6320/hw.3/lib/liboffload_mgr.a(offload_mgr.o)
                                 0x38 (size before relaxing)
 .lit4          0x00980f80       0x30 protocol/src/offload_mgr/.output/AR6320/hw.3/lib/liboffload_mgr.a(offload_mgr.o)
                                0x11c (size before relaxing)
 .lit4          0x00980fb0       0x18 protocol/src/offload_mgr/.output/AR6320/hw.3/lib/liboffload_mgr.a(wlan_d0wow.o)
                                 0x4c (size before relaxing)
 .ex_init_text.lit4
                0x00980fc8        0x4 protocol/src/offload_mgr/.output/AR6320/hw.3/lib/liboffload_mgr.a(wlan_d0wow.o)
                                  0xc (size before relaxing)
 .lit4          0x00980fcc       0x60 protocol/src/offload_mgr/.output/AR6320/hw.3/lib/liboffload_mgr.a(wlan_gtk_offload.o)
                                0x160 (size before relaxing)
 .ex_init_text.lit4
                0x0098102c        0x4 protocol/src/offload_mgr/.output/AR6320/hw.3/lib/liboffload_mgr.a(wlan_gtk_offload.o)
                                 0x2c (size before relaxing)
 .lit4          0x00981030       0xb4 protocol/src/offload_mgr/.output/AR6320/hw.3/lib/liboffload_mgr.a(wlan_wow.o)
                                0x2c4 (size before relaxing)
 .ex_init_text.lit4
                0x009810e4        0xc protocol/src/offload_mgr/.output/AR6320/hw.3/lib/liboffload_mgr.a(wlan_wow.o)
                                 0x44 (size before relaxing)
 .lit4          0x009810f0       0x30 protocol/src/mgmt/.output/AR6320/hw.3/lib/libmgmt.a(wlan_beacon.o)
                                0x20c (size before relaxing)
 .ex_init_text.lit4
                0x00981120       0x14 protocol/src/mgmt/.output/AR6320/hw.3/lib/libmgmt.a(wlan_beacon.o)
                                 0x38 (size before relaxing)
 .lit4          0x00981134       0x14 protocol/src/mgmt/.output/AR6320/hw.3/lib/libmgmt.a(wlan_early_rx_sm.o)
                                0x140 (size before relaxing)
 .ex_init_text.lit4
                0x00981148       0x14 protocol/src/mgmt/.output/AR6320/hw.3/lib/libmgmt.a(wlan_early_rx_sm.o)
                                 0x34 (size before relaxing)
 .ex_init_text.lit4
                0x0098115c        0x4 protocol/src/mgmt/.output/AR6320/hw.3/lib/libmgmt.a(wlan_ie_utils.o)
 .lit4          0x00981160        0x8 protocol/src/mgmt/.output/AR6320/hw.3/lib/libmgmt.a(wlan_wnm.o)
                                 0x1c (size before relaxing)
 .ex_init_text.lit4
                0x00981168        0x8 protocol/src/power/.output/AR6320/hw.3/lib/libpower.a(wlan_pm_arbiter.o)
                                 0x10 (size before relaxing)