Archive member included because of file (symbol)

mac_core/apps/utf/commonUTF/.output/AR6320/hw.3/lib/libcommonutf.a(main.o)
                              (app_start)
mac_core/apps/utf/commonUTF/.output/AR6320/hw.3/lib/libcommonutf.a(utf.o)
                              mac_core/apps/utf/commonUTF/.output/AR6320/hw.3/lib/libcommonutf.a(main.o) (utf_main)
mac_core/apps/utf/commonUTF/.output/AR6320/hw.3/lib/libcommonutf.a(cmdEvtProcEngine.o)
                              mac_core/apps/utf/commonUTF/.output/AR6320/hw.3/lib/libcommonutf.a(utf.o) (cmdProcessingEntry)
mac_core/apps/utf/commonUTF/.output/AR6320/hw.3/lib/libcommonutf.a(cmdProcessing.o)
                              mac_core/apps/utf/commonUTF/.output/AR6320/hw.3/lib/libcommonutf.a(cmdEvtProcEngine.o) (CmdHandlers)
mac_core/apps/utf/commonUTF/.output/AR6320/hw.3/lib/libcommonutf.a(cmdProcessingSM.o)
                              mac_core/apps/utf/commonUTF/.output/AR6320/hw.3/lib/libcommonutf.a(cmdEvtProcEngine.o) (Op2StateEvt)
mac_core/apps/utf/commonUTF/.output/AR6320/hw.3/lib/libcommonutf.a(genTxBinCmdTlv.o)
                              mac_core/apps/utf/commonUTF/.output/AR6320/hw.3/lib/libcommonutf.a(cmdProcessing.o) (createCommand)
mac_core/apps/utf/commonUTF/.output/AR6320/hw.3/lib/libcommonutf.a(parseBinCmdStream.o)
                              mac_core/apps/utf/commonUTF/.output/AR6320/hw.3/lib/libcommonutf.a(cmdEvtProcEngine.o) (CmdStreamInfo)
mac_core/apps/utf/commonUTF/.output/AR6320/hw.3/lib/libcommonutf.a(testUtil.o)
                              mac_core/apps/utf/commonUTF/.output/AR6320/hw.3/lib/libcommonutf.a(parseBinCmdStream.o) (verifyChecksum)
mac_core/apps/utf/commonUTF/.output/AR6320/hw.3/lib/libcommonutf.a(whalExtensionGeneric.o)
                              mac_core/apps/utf/commonUTF/.output/AR6320/hw.3/lib/libcommonutf.a(cmdProcessing.o) (_PostWhalResetSettings)
mac_core/apps/utf/commonUTF/.output/AR6320/hw.3/lib/libcommonutf.a(_cmd_calParmBinTemplate.o)
                              mac_core/apps/utf/commonUTF/.output/AR6320/hw.3/lib/libcommonutf.a(cmdProcessing.o) (_calParm_bin_template)
mac_core/apps/utf/commonUTF/.output/AR6320/hw.3/lib/libcommonutf.a(_cmd_nartCmdParmBinTemplate.o)
                              mac_core/apps/utf/commonUTF/.output/AR6320/hw.3/lib/libcommonutf.a(cmdProcessing.o) (_nartCmdParm_bin_template)
mac_core/apps/utf/commonUTF/.output/AR6320/hw.3/lib/libcommonutf.a(_cmd_pmParmBinTemplate.o)
                              mac_core/apps/utf/commonUTF/.output/AR6320/hw.3/lib/libcommonutf.a(cmdProcessing.o) (_pmParm_bin_template)
mac_core/apps/utf/commonUTF/.output/AR6320/hw.3/lib/libcommonutf.a(_cmd_rxParmBinTemplate.o)
                              mac_core/apps/utf/commonUTF/.output/AR6320/hw.3/lib/libcommonutf.a(cmdProcessing.o) (_rxParm_bin_template)
mac_core/apps/utf/commonUTF/.output/AR6320/hw.3/lib/libcommonutf.a(_cmd_txParmBinTemplate.o)
                              mac_core/apps/utf/commonUTF/.output/AR6320/hw.3/lib/libcommonutf.a(cmdProcessing.o) (_txParm_bin_template)
mac_core/apps/utf/commonUTF/.output/AR6320/hw.3/lib/libcommonutf.a(cmdParmsTemplate.o)
                              mac_core/apps/utf/commonUTF/.output/AR6320/hw.3/lib/libcommonutf.a(genTxBinCmdTlv.o) (TestFlowCmd2ParmTemplate)
mac_core/apps/utf/commonUTF/.output/AR6320/hw.3/lib/libcommonutf.a(_cmd_nartRspParmTxtTemplate.o)
                              mac_core/apps/utf/commonUTF/.output/AR6320/hw.3/lib/libcommonutf.a(cmdParmsTemplate.o) (_nartRspParm_txt_template)
mac_core/apps/utf/commonUTF/.output/AR6320/hw.3/lib/libcommonutf.a(_cmd_rspGenericParmTxtTemplate.o)
                              mac_core/apps/utf/commonUTF/.output/AR6320/hw.3/lib/libcommonutf.a(cmdParmsTemplate.o) (_rspGenericParm_txt_template)
mac_core/apps/utf/commonUTF/.output/AR6320/hw.3/lib/libcommonutf.a(_cmd_rxStatusParmTxtTemplate.o)
                              mac_core/apps/utf/commonUTF/.output/AR6320/hw.3/lib/libcommonutf.a(cmdParmsTemplate.o) (_rxStatusParm_txt_template)
mac_core/apps/utf/commonUTF/.output/AR6320/hw.3/lib/libcommonutf.a(_cmd_submitreportParmTxtTemplate.o)
                              mac_core/apps/utf/commonUTF/.output/AR6320/hw.3/lib/libcommonutf.a(cmdParmsTemplate.o) (_submitreportParm_txt_template)
mac_core/apps/utf/commonUTF/.output/AR6320/hw.3/lib/libcommonutf.a(_cmd_txStatusParmTxtTemplate.o)
                              mac_core/apps/utf/commonUTF/.output/AR6320/hw.3/lib/libcommonutf.a(cmdParmsTemplate.o) (_txStatusParm_txt_template)
mac_core/apps/utf/AR6320/.output/AR6320/hw.3/lib/libar6320.a(ar6320Register.o)
                              mac_core/apps/utf/commonUTF/.output/AR6320/hw.3/lib/libcommonutf.a(utf.o) (registerOneChip)
mac_core/apps/utf/AR6320/.output/AR6320/hw.3/lib/libar6320.a(whal_tcmd.o)
                              mac_core/apps/utf/commonUTF/.output/AR6320/hw.3/lib/libcommonutf.a(cmdProcessing.o) (ar6000PostResetRegOverwrite)
mac_core/apps/utf/tcmd_utf/.output/AR6320/hw.3/lib/libtcmdutf.a(tcmd.o)
[...]
Memory Configuration

Name             Origin             Length             Attributes
ex_init_seg      0x000a0400         0x00006b00
ext_iram_seg     0x000a6f00         0x00011100
ext_laddr_seg    0x0a000000         0x00010000
lit_seg          0x0097b000         0x0000a000
iram_seg         0x00985000         0x00093000
dram_seg         0x004144d0         0x0003bb30
strip_seg        0x01000000         0x00100000
*default*        0x00000000         0xffffffff

Linker script and memory map

START GROUP
LOAD /cad/tensilica/chips/peregrine/RE-2013.3-linux/peregrine/xtensa-elf/lib/xcc//libgcc.a
LOAD mac_core/apps/lib/.output/AR6320/hw.3/lib/libapp.a
LOAD mac_core/apps/utf/commonUTF/.output/AR6320/hw.3/lib/libcommonutf.a
LOAD mac_core/src/wal/whal/init/.output/AR6320/hw.3/lib/libwhal_init.a
LOAD mac_core/apps/utf/AR6320/.output/AR6320/hw.3/lib/libar6320.a
LOAD mac_core/apps/utf/AR6004/.output/AR6320/hw.3/lib/libar6004utf.a
LOAD mac_core/src/misc/extend_alloc/.output/AR6320/hw.3/lib/libextendalloc.a
LOAD mac_core/src/hostif/htc/.output/AR6320/hw.3/lib/libhtc.a
LOAD mac_core/src/misc/module_id/.output/AR6320/hw.3/lib/libmodule_id.a
LOAD mac_core/src/wal/whal/ini/.output/AR6320/hw.3/lib/libwhalini.a
LOAD mac_core/src/utils/sm/.output/AR6320/hw.3/lib/libsm.a
LOAD mac_core/src/wal/AR/coex/.output/AR6320/hw.3/lib/wal_coex.a
LOAD mac_core/src/wal/whal/coex/.output/AR6320/hw.3/lib/whal_ar_coex.a
LOAD mac_core/src/bufpool/.output/AR6320/hw.3/lib/libbufpool.a
LOAD mac_core/apps/utf/tcmd_utf/.output/AR6320/hw.3/lib/libtcmdutf.a
LOAD mac_core/apps/utf/testScriptIF/.output/AR6320/hw.3/lib/libtestscriptif.a
LOAD mac_core/apps/utf/wmiHostIF/.output/AR6320/hw.3/lib/libwmihostif.a
LOAD mac_core/src/wal/whal/reset/.output/AR6320/hw.3/lib/ar6000_cal.a
LOAD mac_core/patch/AR6320/v3/.output/AR6320/hw.3/lib/lib_maccore_patches.a
LOAD mac_core/src/wal/whal/rtt/.output/AR6320/hw.3/lib/whal_rtt.a
LOAD halphy/patch/AR6320/v3/.output/AR6320/hw.3/lib/lib_halphy_patches.a
LOAD mac_core/src/wal/AR/ere/.output/AR6320/hw.3/lib/ar_wal_ere.a
LOAD mac_core/src/wal/AR/supplicant/.output/AR6320/hw.3/lib/ar_wal_suppl.a
LOAD mac_core/src/tgt_rx2tx/.output/AR6320/hw.3/lib/libtgtrx2tx.a
LOAD mac_core/src/wal/AR/rtt/.output/AR6320/hw.3/lib/ar_wal_rtt.a
LOAD mac_core/src/wal/AR/nan/.output/AR6320/hw.3/lib/ar_wal_nan.a
LOAD mac_core/src/wal/AR/rtt/.output/AR6320/hw.3/lib/ar_wal_rtt.a
END GROUP

.ex_init_text   0x000a0400     0x27a9
                0x000a0400                _ex_init_text_start = ABSOLUTE (.)
 *(.ex_init_text)
 .ex_init_text  0x000a0400      0x18d mac_core/src/wal/whal/reset/.output/AR6320/hw.3/lib/ar6000_cal.a(ar6320_cal.o)
                0x000a0400                ar6000InitCalStruct
 *fill*         0x000a058d        0x3 00
 .ex_init_text  0x000a0590       0x7a mac_core/patch/AR6320/v3/.output/AR6320/hw.3/lib/lib_maccore_patches.a(install_patches.o)
                                 0x9d (size before relaxing)
                0x000a0590                install_phase0_patches
                0x000a05b4                install_patches
 *fill*         0x000a060a        0x2 00
 .ex_init_text  0x000a060c       0x56 mac_core/patch/AR6320/v3/.output/AR6320/hw.3/lib/lib_maccore_patches.a(whal_install_patches.o)
                                 0x72 (size before relaxing)
                0x000a060c                whal_install_patches
                0x000a0658                whal_pre_init_callback
 *fill*         0x000a0662        0x2 00
 .ex_init_text  0x000a0664       0x4d mac_core/patch/AR6320/v3/.output/AR6320/hw.3/lib/lib_maccore_patches.a(wal_install_patches.o)
                                 0x8f (size before relaxing)
                0x000a0664                wal_install_patches
 *fill*         0x000a06b1        0x3 00
 .ex_init_text  0x000a06b4       0x36 mac_core/patch/AR6320/v3/.output/AR6320/hw.3/lib/lib_maccore_patches.a(ar_wal_connection_pause_patch.o)
                0x000a06b4                ar_wal_connection_pause_patch_install
 *fill*         0x000a06ea        0x2 00
 .ex_init_text  0x000a06ec      0x586 mac_core/patch/AR6320/v3/.output/AR6320/hw.3/lib/lib_maccore_patches.a(ar_wal_phy_dev_patch.o)
                0x000a06ec                patch_wal_dev_attach
                0x000a0c28                ar_wal_phy_dev_install_patch
 *fill*         0x000a0c72        0x2 00
 .ex_init_text  0x000a0c74      0x152 mac_core/patch/AR6320/v3/.output/AR6320/hw.3/lib/lib_maccore_patches.a(cmnos_retention_patch.o)
                0x000a0c74                patch_cmnos_retention_hwinit
                0x000a0d58                patch_cmnos_retention_init
                0x000a0d94                patch_cmnos_retention_module_install
 *fill*         0x000a0dc6        0x2 00
 .ex_init_text  0x000a0dc8       0x2c mac_core/patch/AR6320/v3/.output/AR6320/hw.3/lib/lib_maccore_patches.a(ar_wal_tx_de_patch.o)
                0x000a0dc8                ar_wal_tx_de_patch_install
 .ex_init_text  0x000a0df4       0x2b mac_core/patch/AR6320/v3/.output/AR6320/hw.3/lib/lib_maccore_patches.a(ar_wal_local_frames_wifi_ip01_patch.o)
                0x000a0df4                ar_wal_local_frames_wifi_ip01_install_patch
 *fill*         0x000a0e1f        0x1 00
 .ex_init_text  0x000a0e20       0xa5 mac_core/patch/AR6320/v3/.output/AR6320/hw.3/lib/lib_maccore_patches.a(ar_wal_rx_patch.o)
                0x000a0e20                ar_wal_rx_patch_install
 *fill*         0x000a0ec5        0x3 00
 .ex_init_text  0x000a0ec8       0x28 mac_core/patch/AR6320/v3/.output/AR6320/hw.3/lib/lib_maccore_patches.a(ar_wal_rx_offload_patch.o)
                0x000a0ec8                ar_wal_rx_offload_patch_install
 .ex_init_text  0x000a0ef0       0x26 mac_core/patch/AR6320/v3/.output/AR6320/hw.3/lib/lib_maccore_patches.a(ar_wal_rx_common_patch.o)
                0x000a0ef0                ar_wal_rx_common_patch_install
 *fill*         0x000a0f16        0x2 00
 .ex_init_text  0x000a0f18       0x6d mac_core/patch/AR6320/v3/.output/AR6320/hw.3/lib/lib_maccore_patches.a(ar_wal_vdev_patch.o)
                0x000a0f18                ar_wal_vdev_install_patch
 *fill*         0x000a0f85        0x3 00
 .ex_init_text  0x000a0f88       0x12 mac_core/patch/AR6320/v3/.output/AR6320/hw.3/lib/lib_maccore_patches.a(ar_tx_q_enque_patch.o)
                0x000a0f88                ar_tx_q_enque_install_patch
 *fill*         0x000a0f9a        0x2 00
 .ex_init_text  0x000a0f9c       0x54 mac_core/patch/AR6320/v3/.output/AR6320/hw.3/lib/lib_maccore_patches.a(tx_sched_patch.o)
                0x000a0f9c                tx_sched_install_patch
 .ex_init_text  0x000a0ff0      0x393 mac_core/patch/AR6320/v3/.output/AR6320/hw.3/lib/lib_maccore_patches.a(ar_wal_tx_send_patch.o)
                0x000a0ff0                init_wal_tx_hwq_ext
                0x000a1014                patch_tx_send_attach
                0x000a12e4                ar_wal_tx_send_patch_install
 *fill*         0x000a1383        0x1 00
 .ex_init_text  0x000a1384       0x21 mac_core/patch/AR6320/v3/.output/AR6320/hw.3/lib/lib_maccore_patches.a(ar_wal_chain_mgmt_patch.o)
                0x000a1384                patch_wal_chain_mgmt_api_module_install
 *fill*         0x000a13a5        0x3 00
 .ex_init_text  0x000a13a8       0x8c mac_core/patch/AR6320/v3/.output/AR6320/hw.3/lib/lib_maccore_patches.a(ar_wal_peer_patch.o)
                0x000a13a8                patch_wal_peer_api_module_install
 .ex_init_text  0x000a1434       0xce mac_core/patch/AR6320/v3/.output/AR6320/hw.3/lib/lib_maccore_patches.a(ar600P_txbf_patch.o)
                0x000a1434                patch_ar6000TxbfeeInit
                0x000a14a4                ar600P_txbf_patch_install
                0x000a14f4                patch_ar6000TxbfAttach
 *fill*         0x000a1502        0x2 00
 .ex_init_text  0x000a1504       0x4d mac_core/patch/AR6320/v3/.output/AR6320/hw.3/lib/lib_maccore_patches.a(ar_xmit_wifi_ip01_patch.o)
                0x000a1504                ar_xmit_wifi_ip01_patch_install
 *fill*         0x000a1551        0x3 00
 .ex_init_text  0x000a1554       0x26 mac_core/patch/AR6320/v3/.output/AR6320/hw.3/lib/lib_maccore_patches.a(ar_wal_channel_change_patch.o)
                0x000a1554                patch_wal_channel_change_api_module_install
 *fill*         0x000a157a        0x2 00
 .ex_init_text  0x000a157c       0x4a mac_core/patch/AR6320/v3/.output/AR6320/hw.3/lib/lib_maccore_patches.a(ar_wal_rc_patch.o)
                0x000a157c                ar_wal_rc_patch_install
 *fill*         0x000a15c6        0x2 00
 .ex_init_text  0x000a15c8       0x16 mac_core/patch/AR6320/v3/.output/AR6320/hw.3/lib/lib_maccore_patches.a(wal_rtt_patch.o)
                0x000a15c8                wal_rtt_patch_install
 *fill*         0x000a15de        0x2 00
 .ex_init_text  0x000a15e0       0x16 mac_core/patch/AR6320/v3/.output/AR6320/hw.3/lib/lib_maccore_patches.a(whal_rtt_patch.o)
                0x000a15e0                whal_rtt_patch_install
 *fill*         0x000a15f6        0x2 00
 .ex_init_text  0x000a15f8       0x32 mac_core/patch/AR6320/v3/.output/AR6320/hw.3/lib/lib_maccore_patches.a(dbglog_patch.o)
                0x000a15f8                patch_dbglog_module_install
 *fill*         0x000a162a        0x2 00
 .ex_init_text  0x000a162c       0x1a mac_core/patch/AR6320/v3/.output/AR6320/hw.3/lib/lib_maccore_patches.a(ar600p_beacon_patch.o)
                0x000a162c                ar600P_beacon_patch_install
 *fill*         0x000a1646        0x2 00
 .ex_init_text  0x000a1648       0x62 mac_core/patch/AR6320/v3/.output/AR6320/hw.3/lib/lib_maccore_patches.a(ar6000_power_patch.o)
                0x000a1648                ar6000_power_patch_install
 *fill*         0x000a16aa        0x2 00
 .ex_init_text  0x000a16ac       0x51 mac_core/patch/AR6320/v3/.output/AR6320/hw.3/lib/lib_maccore_patches.a(cmnos_intrinf_patch.o)
                0x000a16ac                cmnos_intrinf_install_patch
 *fill*         0x000a16fd        0x3 00
 .ex_init_text  0x000a1700       0x1c mac_core/patch/AR6320/v3/.output/AR6320/hw.3/lib/lib_maccore_patches.a(wal_beacon_patch.o)
                0x000a1700                wal_beacon_patch_install
 .ex_init_text  0x000a171c        0xd mac_core/patch/AR6320/v3/.output/AR6320/hw.3/lib/lib_maccore_patches.a(wal_swba_patch.o)
                0x000a171c                wal_swba_install_patch
 *fill*         0x000a1729        0x3 00
 .ex_init_text  0x000a172c       0x6e mac_core/patch/AR6320/v3/.output/AR6320/hw.3/lib/lib_maccore_patches.a(ar600P_retention_patch.o)
                0x000a172c                ar600P_retention_patch_install
 *fill*         0x000a179a        0x2 00
 .ex_init_text  0x000a179c      0x135 mac_core/patch/AR6320/v3/.output/AR6320/hw.3/lib/lib_maccore_patches.a(ar_wal_tx_dm_patch.o)
                0x000a179c                patch_tx_dm_init
                0x000a18b8                ar_wal_tx_dm_patch_install
 *fill*         0x000a18d1        0x3 00
 .ex_init_text  0x000a18d4       0x68 mac_core/patch/AR6320/v3/.output/AR6320/hw.3/lib/lib_maccore_patches.a(patch_copy_engine.o)
                0x000a18d4                patch_copy_engine
 .ex_init_text  0x000a193c       0x1e mac_core/patch/AR6320/v3/.output/AR6320/hw.3/lib/lib_maccore_patches.a(wal_concurrency_patch.o)
                0x000a193c                wal_concurrency_install_patch
 *fill*         0x000a195a        0x2 00
 .ex_init_text  0x000a195c       0x2a mac_core/patch/AR6320/v3/.output/AR6320/hw.3/lib/lib_maccore_patches.a(ar_wal_tdls_patch.o)
                0x000a195c                ar_wal_tdls_patch_install
 *fill*         0x000a1986        0x2 00
 .ex_init_text  0x000a1988        0xe mac_core/patch/AR6320/v3/.output/AR6320/hw.3/lib/lib_maccore_patches.a(cmnos_timer_patch.o)
                0x000a1988                patch_cmnos_timer_module_install
 *fill*         0x000a1996        0x2 00
 .ex_init_text  0x000a1998       0x2a mac_core/patch/AR6320/v3/.output/AR6320/hw.3/lib/lib_maccore_patches.a(ar_wal_tx_hcm_patch.o)
                0x000a1998                patch_tx_hcm_attach
                0x000a19b0                ar_wal_tx_hcm_patch_install
 *fill*         0x000a19c2        0x2 00
 .ex_init_text  0x000a19c4       0x31 mac_core/patch/AR6320/v3/.output/AR6320/hw.3/lib/lib_maccore_patches.a(ar_wal_tdls_conn_table_patch.o)
                0x000a19c4                ar_wal_tdls_conn_table_patch_install
 *fill*         0x000a19f5        0x3 00
 .ex_init_text  0x000a19f8       0x35 mac_core/patch/AR6320/v3/.output/AR6320/hw.3/lib/lib_maccore_patches.a(ar600P_recv_patch.o)
                0x000a19f8                ar600P_recv_patch_install
                0x000a1a20                ar6320_recv_size_patch_install
 *fill*         0x000a1a2d        0x3 00
 .ex_init_text  0x000a1a30       0x53 mac_core/patch/AR6320/v3/.output/AR6320/hw.3/lib/lib_maccore_patches.a(os_install_wlan_extra_memory_patches.o)
                0x000a1a30                patch_CE_fini
                0x000a1a50                os_install_wlan_extra_memory_patches
 *fill*         0x000a1a83        0x1 00
 .ex_init_text  0x000a1a84       0x12 mac_core/patch/AR6320/v3/.output/AR6320/hw.3/lib/lib_maccore_patches.a(sha1_patch.o)
                0x000a1a84                sha1_install_patch
 *fill*         0x000a1a96        0x2 00
 .ex_init_text  0x000a1a98       0x65 mac_core/patch/AR6320/v3/.output/AR6320/hw.3/lib/lib_maccore_patches.a(ar_wal_txbf_patch.o)
                0x000a1a98                patch_wal_txbfee_init
                0x000a1af0                ar_wal_txbf_patch_install
 *fill*         0x000a1afd        0x3 00
 .ex_init_text  0x000a1b00       0x17 mac_core/patch/AR6320/v3/.output/AR6320/hw.3/lib/lib_maccore_patches.a(cmnos_allocram_patch.o)
                0x000a1b00                patch_cmnos_allocram_module_install
 *fill*         0x000a1b17        0x1 00
 .ex_init_text  0x000a1b18       0x2f mac_core/src/wal/whal/rtt/.output/AR6320/hw.3/lib/whal_rtt.a(whal_rtt.o)
                0x000a1b18                rtt_init
                0x000a1b30                whal_rtt_attach
 *fill*         0x000a1b47        0x1 00
 .ex_init_text  0x000a1b48       0x32 halphy/patch/AR6320/v3/.output/AR6320/hw.3/lib/lib_halphy_patches.a(halphy_install_patches.o)
                                 0x46 (size before relaxing)
                0x000a1b48                halphy_install_patches
 *fill*         0x000a1b7a        0x2 00
 .ex_init_text  0x000a1b7c       0x2c halphy/patch/AR6320/v3/.output/AR6320/hw.3/lib/lib_halphy_patches.a(ar6000_ani_patch.o)
                0x000a1b7c                ar6000_ani_patch_install
 .ex_init_text  0x000a1ba8       0x9f halphy/patch/AR6320/v3/.output/AR6320/hw.3/lib/lib_halphy_patches.a(ar6320_ini_patch.o)
                0x000a1ba8                ar6320_ini_patch_install
 *fill*         0x000a1c47        0x1 00
 .ex_init_text  0x000a1c48       0x42 halphy/patch/AR6320/v3/.output/AR6320/hw.3/lib/lib_halphy_patches.a(ar6320_tpc_config_patch.o)
                0x000a1c48                ar6320_tpc_config_patch_install
 *fill*         0x000a1c8a        0x2 00
 .ex_init_text  0x000a1c8c       0x8a halphy/patch/AR6320/v3/.output/AR6320/hw.3/lib/lib_halphy_patches.a(ar6320_eeprom_patch.o)
                0x000a1c8c                ar6000_eeprom_patch_install
 *fill*         0x000a1d16        0x2 00
 .ex_init_text  0x000a1d18       0xb0 halphy/patch/AR6320/v3/.output/AR6320/hw.3/lib/lib_halphy_patches.a(ar600P_reset_patch.o)
                0x000a1d18                hal_ar600P_reset_patch_install
 .ex_init_text  0x000a1dc8      0x11f halphy/patch/AR6320/v3/.output/AR6320/hw.3/lib/lib_halphy_patches.a(ar6000_paprd_patch.o)
                0x000a1dc8                ar6000_paprd_patch_install
 *fill*         0x000a1ee7        0x1 00
 .ex_init_text  0x000a1ee8       0x16 halphy/patch/AR6320/v3/.output/AR6320/hw.3/lib/lib_halphy_patches.a(ar6000_phy_patch.o)
                0x000a1ee8                ar6000_phy_patch_install
 *fill*         0x000a1efe        0x2 00
 .ex_init_text  0x000a1f00       0x5e mac_core/src/wal/AR/rtt/.output/AR6320/hw.3/lib/ar_wal_rtt.a(wal_rtt.o)
                0x000a1f00                _wal_rtt_init
 *fill*         0x000a1f5e        0x2 00
 .ex_init_text  0x000a1f60       0xde mac_core/src/misc/extend_alloc/.output/AR6320/hw.3/lib/libextendalloc.a(extend_allocate.o)
                0x000a1f60                _extend_allocram_init
                0x000a1fe4                _extend_allocram_register_handle
 *fill*         0x000a203e        0x2 00
 .ex_init_text  0x000a2040      0x1a5 mac_core/src/hostif/htc/.output/AR6320/hw.3/lib/libhtc.a(htc.o)
                0x000a2040                _HTCPipeAllocCtrlBuffers
                0x000a20a8                _HTCPipeInitProper
                0x000a2188                _HTC_PipeInit
                0x000a21a4                HTC_pipe_module_Install
 *fill*         0x000a21e5        0x3 00
 .ex_init_text  0x000a21e8       0x3f mac_core/src/wal/whal/ini/.output/AR6320/hw.3/lib/libwhalini.a(whalini.o)
                0x000a21e8                _whal_ini_init
                0x000a2218                whal_ini_module_install
 *fill*         0x000a2227        0x1 00
 .ex_init_text  0x000a2228       0x28 mac_core/src/utils/sm/.output/AR6320/hw.3/lib/libsm.a(sm.o)
                0x000a2228                sm_module_install
 .ex_init_text  0x000a2250      0x3b3 mac_core/src/wal/AR/coex/.output/AR6320/hw.3/lib/wal_coex.a(wal_coex.o)
                                0x3b7 (size before relaxing)
                0x000a2250                _wal_coex_wb_timer_init
                0x000a2258                _wal_coex_init
                0x000a2580                _wal_coex_complete_init
                0x000a25a0                _wal_coex_interrupt_init
                0x000a25f0                wal_coex_module_install
 *fill*         0x000a2603        0x1 00
 .ex_init_text  0x000a2604      0x24e mac_core/src/wal/AR/coex/.output/AR6320/hw.3/lib/wal_coex.a(wal_btcoex.o)
                0x000a2604                _wal_btcoex_init
                0x000a27f8                wal_btcoex_attach
 *fill*         0x000a2852        0x2 00
 .ex_init_text  0x000a2854      0x1f1 mac_core/src/wal/AR/coex/.output/AR6320/hw.3/lib/wal_coex.a(wal_mwscoex.o)
                0x000a2854                _wal_mwscoex_init
                0x000a2a20                wal_mws_attach
 *fill*         0x000a2a45        0x3 00
 .ex_init_text  0x000a2a48       0x7c mac_core/src/wal/whal/coex/.output/AR6320/hw.3/lib/whal_ar_coex.a(whal_coex.o)
                0x000a2a48                _whal_coex_attach
                0x000a2ab0                whal_coex_module_install
 .ex_init_text  0x000a2ac4       0xb5 mac_core/src/wal/whal/coex/.output/AR6320/hw.3/lib/whal_ar_coex.a(whal_mci.o)
                0x000a2ac4                _whal_mci_attach
 *fill*         0x000a2b79        0x3 00
 .ex_init_text  0x000a2b7c       0x26 mac_core/src/wal/whal/coex/.output/AR6320/hw.3/lib/whal_ar_coex.a(whal_mws.o)
                0x000a2b7c                _whal_mws_attach
 *fill*         0x000a2ba2        0x0 00
 *fill*         0x000a2ba2        0x0 00
 *fill*         0x000a2ba2        0x0 00
 *fill*         0x000a2ba2        0x0 00
 *fill*         0x000a2ba2        0x0 00
 *fill*         0x000a2ba2        0x0 00
 *fill*         0x000a2ba2        0x0 00
 *fill*         0x000a2ba2        0x0 00
 *fill*         0x000a2ba2        0x0 00
 *fill*         0x000a2ba2        0x0 00
 *fill*         0x000a2ba2        0x0 00
 *fill*         0x000a2ba2        0x0 00
 *fill*         0x000a2ba2        0x0 00
 *fill*         0x000a2ba2        0x0 00
 *fill*         0x000a2ba2        0x0 00
 *fill*         0x000a2ba2        0x0 00
 *fill*         0x000a2ba2        0x0 00
 *fill*         0x000a2ba2        0x0 00
 *fill*         0x000a2ba2        0x0 00
 *fill*         0x000a2ba2        0x0 00
 *fill*         0x000a2ba2        0x0 00
 *fill*         0x000a2ba2        0x0 00
 *fill*         0x000a2ba2        0x0 00
 *fill*         0x000a2ba2        0x0 00
 *fill*         0x000a2ba2        0x0 00
 *fill*         0x000a2ba2        0x2 00
 .ex_init_text  0x000a2ba4        0x5 mac_core/patch/AR6320/v3/.output/AR6320/hw.3/lib/lib_maccore_patches.a(ar_wal_rmc_patch.o)
                0x000a2ba4                ar_wal_rmc_patch_install
 *fill*         0x000a2ba9        0x0 00
 *fill*         0x000a2ba9        0x0 00
 *fill*         0x000a2ba9        0x0 00
 *fill*         0x000a2ba9        0x0 00
 *fill*         0x000a2ba9        0x0 00
 *fill*         0x000a2ba9        0x0 00
 *fill*         0x000a2ba9        0x0 00
 *fill*         0x000a2ba9        0x0 00
 *fill*         0x000a2ba9        0x0 00
 *fill*         0x000a2ba9        0x0 00
 *fill*         0x000a2ba9        0x0 00
 *fill*         0x000a2ba9        0x0 00
 *fill*         0x000a2ba9        0x0 00
 *fill*         0x000a2ba9        0x0 00
 *fill*         0x000a2ba9        0x0 00
 *fill*         0x000a2ba9        0x0 00
 *fill*         0x000a2ba9        0x0 00
 *fill*         0x000a2ba9        0x0 00
 *fill*         0x000a2ba9        0x0 00
 *fill*         0x000a2ba9        0x0 00
 *fill*         0x000a2ba9        0x0 00
 *fill*         0x000a2ba9        0x0 00
 *fill*         0x000a2ba9        0x0 00
 *fill*         0x000a2ba9        0x0 00
 *fill*         0x000a2ba9        0x0 00
 *fill*         0x000a2ba9        0x0 00
 *fill*         0x000a2ba9        0x0 00
                0x000a2ba9                _ex_init_text_end = ABSOLUTE (.)

.evictable_text
                0x0a000000        0x0
                0x0a000000                . = ALIGN (0x4)
                0x0a000000                _evict_text_start = ABSOLUTE (.)
 *(.evictable_text)
                0x0a000000                _evict_text_end = ABSOLUTE (.)

.alt_text       0x000a6f00      0xdbf
                0x000a6f00                _s_alt_text = .
                0x000a6f00                _alt_text_start = ABSOLUTE (.)
 mac_core/src/wal/whal/rtt/.output/AR6320/hw.3/lib/whal_rtt.a(.text)
 .text          0x000a6f00      0xcfb mac_core/src/wal/whal/rtt/.output/AR6320/hw.3/lib/whal_rtt.a(whal_rtt.o)
                0x000a6f00                get_mac_clock_freq
                0x000a6f24                rtt_send_sta_get_rxbw
                0x000a6f34                rtt_send_sta_get_txbw
                0x000a6f7c                _rtt_get_rx_frame_len
                0x000a6f8c                rtt_recv_sta_get_rxbw
                0x000a6fec                rtt_get_rx_chain_mask
                0x000a7050                rtt_read_channel_dump
                0x000a71ac                _rtt_reg_setting
                0x000a720c                rtt_frame_prepare
                0x000a7414                rtt_frame_recover
                0x000a74d0                _rtt_rx_frame_time
                0x000a7630                _rtt_ack_rx_time
                0x000a76c8                _rtt_get_txrx_delay
                0x000a77b4                rtt_get_toda
                0x000a7994                rtt_send_sta_get_rssi
                0x000a7a30                rtt_recv_sta_get_rssi
                0x000a7acc                rtt_recv_sta_get_CFR_sta
                0x000a7af8                rtt_recv_sta_do_CFR_capture
                0x000a7b5c                _rtt_get_hw_corr_value
                0x000a7bcc                rtt_fac_handler
 mac_core/src/misc/profile/.output/AR6320/hw.3/lib/libprofile.a(.text)
 protocol/src/rtt/.output/AR6320/hw.3/lib/librtt.a(.text)
 protocol/src/framegen/.output/AR6320/hw.3/lib/libframegen.a(.text)
 protocol/src/offload/.output/AR6320/hw.3/lib/liboffload.a(.text)
 protocol/src/offload_mgr/.output/AR6320/hw.3/lib/liboffload_mgr.a(.text)
 protocol/src/chatter/.output/AR6320/hw.3/lib/libchatter.a(.text)
 protocol/src/phyerr/.output/AR6320/hw.3/lib/libphyerr.a(.text)
 protocol/src/power/smps/.output/AR6320/hw.3/lib/libsmps.a(.text)
 mac_core/src/wal/whal/ini/.output/AR6320/hw.3/lib/libwhalini.a(.text)
 *fill*         0x000a7bfb        0x1 00
 .text          0x000a7bfc       0xc3 mac_core/src/wal/whal/ini/.output/AR6320/hw.3/lib/libwhalini.a(whalini.o)
                0x000a7bfc                whal_ini_setup_id
                0x000a7c38                _whal_ini_fetch_data
 *fill*         0x000a7cbf        0x0 00
 protocol/src/profile/.output/AR6320/hw.3/lib/libwlanprofile.a(.text)
 protocol/src/key_mgmt/.output/AR6320/hw.3/lib/libkeymgmt.a(.text)
 protocol/src/cfg/.output/AR6320/hw.3/lib/libcfg.a(.text)
 mac_core/src/hostif/wmisvc/.output/AR6320/hw.3/lib/libwmisvc.a(.text)
 *(.ext_iram)
                0x000a7cbf                _alt_text_end = ABSOLUTE (.)
                0x000a7cbf                _e_alt_text = .

.lit4           0x0097b000     0x5000
                0x0097b000                _lit4_start = ABSOLUTE (.)
                0x0097b000                _lit4_end = ABSOLUTE (.)
                0x0097b000                _rom_literal_start = ABSOLUTE (.)
                0x00980000                . = (. + 0x5000)
 *fill*         0x0097b000     0x5000 00
                0x00980000                _rom_literal_end = ABSOLUTE (.)

.dport0.literal
                0x00980000        0x0
                0x00980000                _dport0_literal_start = ABSOLUTE (.)
 *(.dport0.literal)
 *(.dport.literal)
                0x00980000                _dport0_literal_end = ABSOLUTE (.)

.literals       0x00980000     0x2e34
                0x00980000                _literals_start = ABSOLUTE (.)
 *(*.lit4)
 .lit4          0x00980000       0x18 mac_core/apps/utf/commonUTF/.output/AR6320/hw.3/lib/libcommonutf.a(main.o)
                                 0x1c (size before relaxing)
 .lit4          0x00980018        0x8 mac_core/apps/utf/commonUTF/.output/AR6320/hw.3/lib/libcommonutf.a(utf.o)
                                 0x28 (size before relaxing)
 .lit4          0x00980020       0x44 mac_core/apps/utf/commonUTF/.output/AR6320/hw.3/lib/libcommonutf.a(cmdEvtProcEngine.o)
                                 0x74 (size before relaxing)
 .lit4          0x00980064      0x108 mac_core/apps/utf/commonUTF/.output/AR6320/hw.3/lib/libcommonutf.a(cmdProcessing.o)
                                0x2f4 (size before relaxing)
 .lit4          0x0098016c        0x4 mac_core/apps/utf/commonUTF/.output/AR6320/hw.3/lib/libcommonutf.a(cmdProcessingSM.o)
                                 0x4c (size before relaxing)
 .lit4          0x00980170       0x6c mac_core/apps/utf/commonUTF/.output/AR6320/hw.3/lib/libcommonutf.a(genTxBinCmdTlv.o)
                                 0xac (size before relaxing)
 .lit4          0x009801dc       0x14 mac_core/apps/utf/commonUTF/.output/AR6320/hw.3/lib/libcommonutf.a(parseBinCmdStream.o)
                                 0x24 (size before relaxing)
 .lit4          0x009801f0        0x4 mac_core/apps/utf/commonUTF/.output/AR6320/hw.3/lib/libcommonutf.a(testUtil.o)
 .lit4          0x009801f4       0x1c mac_core/apps/utf/commonUTF/.output/AR6320/hw.3/lib/libcommonutf.a(whalExtensionGeneric.o)
                                 0x40 (size before relaxing)
 .lit4          0x00980210      0x364 mac_core/apps/utf/AR6320/.output/AR6320/hw.3/lib/libar6320.a(whal_tcmd.o)
                                0xe30 (size before relaxing)
 .lit4          0x00980574      0x16c mac_core/apps/utf/tcmd_utf/.output/AR6320/hw.3/lib/libtcmdutf.a(tcmd.o)
                                0x47c (size before relaxing)
 .lit4          0x009806e0       0xac mac_core/apps/utf/tcmd_utf/.output/AR6320/hw.3/lib/libtcmdutf.a(tcmd_rx.o)
                                0x1e4 (size before relaxing)
 .lit4          0x0098078c       0xb4 mac_core/apps/utf/tcmd_utf/.output/AR6320/hw.3/lib/libtcmdutf.a(tcmd_tx.o)
                                0x214 (size before relaxing)
 .lit4          0x00980840        0x4 mac_core/apps/utf/tcmd_utf/.output/AR6320/hw.3/lib/libtcmdutf.a(utfCallback.o)
                                 0x18 (size before relaxing)
 .lit4          0x00980844       0x7c mac_core/apps/utf/tcmd_utf/.output/AR6320/hw.3/lib/libtcmdutf.a(if_split.o)
                                0x134 (size before relaxing)
 .lit4          0x009808c0        0x0 mac_core/apps/utf/tcmd_utf/.output/AR6320/hw.3/lib/libtcmdutf.a(pn.o)
 .lit4          0x009808c0        0x4 mac_core/apps/utf/testScriptIF/.output/AR6320/hw.3/lib/libtestscriptif.a(testscriptIFRegister.o)
                                  0x8 (size before relaxing)
 .lit4          0x009808c4        0x0 mac_core/apps/utf/testScriptIF/.output/AR6320/hw.3/lib/libtestscriptif.a(testscriptIF.o)
                                  0x4 (size before relaxing)
 .lit4          0x009808c4      0x1b4 mac_core/apps/utf/wmiHostIF/.output/AR6320/hw.3/lib/libwmihostif.a(legHostIF.o)
                                0x5e4 (size before relaxing)
 .lit4          0x00980a78       0xcc mac_core/apps/utf/wmiHostIF/.output/AR6320/hw.3/lib/libwmihostif.a(wmi_tcmd.o)
                                0x1c4 (size before relaxing)
 .lit4          0x00980b44       0x18 mac_core/apps/utf/wmiHostIF/.output/AR6320/hw.3/lib/libwmihostif.a(htt_tgt_hif_svc.o)
                                 0x8c (size before relaxing)
 .lit4          0x00980b5c       0xd0 mac_core/src/wal/whal/reset/.output/AR6320/hw.3/lib/ar6000_cal.a(ar6320_cal.o)
                                0x8b0 (size before relaxing)
 .ex_init_text.lit4
                0x00980c2c       0x34 mac_core/src/wal/whal/reset/.output/AR6320/hw.3/lib/ar6000_cal.a(ar6320_cal.o)
                                 0x54 (size before relaxing)
 .lit4          0x00980c60      0x324 mac_core/src/wal/whal/reset/.output/AR6320/hw.3/lib/ar6000_cal.a(ar6320_rxdc_cal.o)
                                0xb44 (size before relaxing)
 .lit4          0x00980f84      0x1f4 mac_core/src/wal/whal/reset/.output/AR6320/hw.3/lib/ar6000_cal.a(ar6320_iq_cal.o)
                               0x1100 (size before relaxing)
 .lit4          0x00981178       0x94 mac_core/src/wal/whal/reset/.output/AR6320/hw.3/lib/ar6000_cal.a(ar6320_pef_cal.o)
                                0x30c (size before relaxing)
 .ex_init_text.lit4
                0x0098120c       0x2c mac_core/patch/AR6320/v3/.output/AR6320/hw.3/lib/lib_maccore_patches.a(install_patches.o)
                                 0x64 (size before relaxing)
 .ex_init_text.lit4
                0x00981238        0xc mac_core/patch/AR6320/v3/.output/AR6320/hw.3/lib/lib_maccore_patches.a(whal_install_patches.o)
                                 0x38 (size before relaxing)
 .ex_init_text.lit4
                0x00981244        0x4 mac_core/patch/AR6320/v3/.output/AR6320/hw.3/lib/lib_maccore_patches.a(wal_install_patches.o)
                                 0x5c (size before relaxing)
 .lit4          0x00981248       0x30 mac_core/patch/AR6320/v3/.output/AR6320/hw.3/lib/lib_maccore_patches.a(ar_wal_connection_pause_patch.o)
                                 0x78 (size before relaxing)
 .ex_init_text.lit4
                0x00981278       0x18 mac_core/patch/AR6320/v3/.output/AR6320/hw.3/lib/lib_maccore_patches.a(ar_wal_connection_pause_patch.o)
                                 0x20 (size before relaxing)
 .lit4          0x00981290       0x6c mac_core/patch/AR6320/v3/.output/AR6320/hw.3/lib/lib_maccore_patches.a(ar_wal_phy_dev_patch.o)
                                0x154 (size before relaxing)
 .ex_init_text.lit4
                0x009812fc       0x88 mac_core/patch/AR6320/v3/.output/AR6320/hw.3/lib/lib_maccore_patches.a(ar_wal_phy_dev_patch.o)
                                0x170 (size before relaxing)
 .lit4          0x00981384       0x88 mac_core/patch/AR6320/v3/.output/AR6320/hw.3/lib/lib_maccore_patches.a(cmnos_retention_patch.o)
                                0x1b4 (size before relaxing)
 .ex_init_text.lit4
                0x0098140c       0x3c mac_core/patch/AR6320/v3/.output/AR6320/hw.3/lib/lib_maccore_patches.a(cmnos_retention_patch.o)
                                 0x94 (size before relaxing)
 .lit4          0x00981448       0x54 mac_core/patch/AR6320/v3/.output/AR6320/hw.3/lib/lib_maccore_patches.a(ar_wal_tx_de_patch.o)
                                0x190 (size before relaxing)
 .ex_init_text.lit4
                0x0098149c       0x10 mac_core/patch/AR6320/v3/.output/AR6320/hw.3/lib/lib_maccore_patches.a(ar_wal_tx_de_patch.o)
                                 0x1c (size before relaxing)
 .lit4          0x009814ac       0x14 mac_core/patch/AR6320/v3/.output/AR6320/hw.3/lib/lib_maccore_patches.a(ar_wal_local_frames_wifi_ip01_patch.o)
                                 0xc4 (size before relaxing)
 .ex_init_text.lit4
                0x009814c0       0x14 mac_core/patch/AR6320/v3/.output/AR6320/hw.3/lib/lib_maccore_patches.a(ar_wal_local_frames_wifi_ip01_patch.o)
                                 0x20 (size before relaxing)
 .lit4          0x009814d4       0x40 mac_core/patch/AR6320/v3/.output/AR6320/hw.3/lib/lib_maccore_patches.a(pool_mgr_patch.o)
                                 0x88 (size before relaxing)
 .lit4          0x00981514      0x118 mac_core/patch/AR6320/v3/.output/AR6320/hw.3/lib/lib_maccore_patches.a(ar_wal_rx_patch.o)
                                0x6fc (size before relaxing)
 .ex_init_text.lit4
                0x0098162c       0x74 mac_core/patch/AR6320/v3/.output/AR6320/hw.3/lib/lib_maccore_patches.a(ar_wal_rx_patch.o)
                                 0x80 (size before relaxing)
 .lit4          0x009816a0       0x2c mac_core/patch/AR6320/v3/.output/AR6320/hw.3/lib/lib_maccore_patches.a(ar_wal_rx_offload_patch.o)
                                0x154 (size before relaxing)
 .ex_init_text.lit4
                0x009816cc       0x14 mac_core/patch/AR6320/v3/.output/AR6320/hw.3/lib/lib_maccore_patches.a(ar_wal_rx_offload_patch.o)
                                 0x1c (size before relaxing)
 .lit4          0x009816e0        0x0 mac_core/patch/AR6320/v3/.output/AR6320/hw.3/lib/lib_maccore_patches.a(ar_wal_rx_common_patch.o)
                                  0x4 (size before relaxing)
 .ex_init_text.lit4
                0x009816e0       0x18 mac_core/patch/AR6320/v3/.output/AR6320/hw.3/lib/lib_maccore_patches.a(ar_wal_rx_common_patch.o)
                                 0x1c (size before relaxing)
 .lit4          0x009816f8       0x34 mac_core/patch/AR6320/v3/.output/AR6320/hw.3/lib/lib_maccore_patches.a(ar_wal_vdev_patch.o)
                                0x168 (size before relaxing)
 .ex_init_text.lit4
                0x0098172c       0x30 mac_core/patch/AR6320/v3/.output/AR6320/hw.3/lib/lib_maccore_patches.a(ar_wal_vdev_patch.o)
                                 0x40 (size before relaxing)
 .lit4          0x0098175c       0x20 mac_core/patch/AR6320/v3/.output/AR6320/hw.3/lib/lib_maccore_patches.a(ar_tx_q_enque_patch.o)
                                 0xdc (size before relaxing)
 .ex_init_text.lit4
                0x0098177c        0x8 mac_core/patch/AR6320/v3/.output/AR6320/hw.3/lib/lib_maccore_patches.a(ar_tx_q_enque_patch.o)
                                  0xc (size before relaxing)
 .lit4          0x00981784       0x34 mac_core/patch/AR6320/v3/.output/AR6320/hw.3/lib/lib_maccore_patches.a(tx_sched_patch.o)
                                0x124 (size before relaxing)
 .ex_init_text.lit4
                0x009817b8       0x3c mac_core/patch/AR6320/v3/.output/AR6320/hw.3/lib/lib_maccore_patches.a(tx_sched_patch.o)
                                 0x44 (size before relaxing)
 .lit4          0x009817f4       0x98 mac_core/patch/AR6320/v3/.output/AR6320/hw.3/lib/lib_maccore_patches.a(ar_wal_tx_send_patch.o)
                                0x74c (size before relaxing)
 .ex_init_text.lit4
                0x0098188c       0x7c mac_core/patch/AR6320/v3/.output/AR6320/hw.3/lib/lib_maccore_patches.a(ar_wal_tx_send_patch.o)
                                 0xdc (size before relaxing)
 .lit4          0x00981908        0x4 mac_core/patch/AR6320/v3/.output/AR6320/hw.3/lib/lib_maccore_patches.a(ar_wal_chain_mgmt_patch.o)
                                 0x74 (size before relaxing)
 .ex_init_text.lit4
                0x0098190c       0x18 mac_core/patch/AR6320/v3/.output/AR6320/hw.3/lib/lib_maccore_patches.a(ar_wal_chain_mgmt_patch.o)
 .lit4          0x00981924       0x6c mac_core/patch/AR6320/v3/.output/AR6320/hw.3/lib/lib_maccore_patches.a(ar_wal_peer_patch.o)
                                0x340 (size before relaxing)
 .ex_init_text.lit4
                0x00981990       0x44 mac_core/patch/AR6320/v3/.output/AR6320/hw.3/lib/lib_maccore_patches.a(ar_wal_peer_patch.o)
                                 0x58 (size before relaxing)
 .lit4          0x009819d4       0x78 mac_core/patch/AR6320/v3/.output/AR6320/hw.3/lib/lib_maccore_patches.a(ar600P_txbf_patch.o)
                                0x274 (size before relaxing)
 .ex_init_text.lit4
                0x00981a4c       0x2c mac_core/patch/AR6320/v3/.output/AR6320/hw.3/lib/lib_maccore_patches.a(ar600P_txbf_patch.o)
                                 0x34 (size before relaxing)
 .lit4          0x00981a78       0x10 mac_core/patch/AR6320/v3/.output/AR6320/hw.3/lib/lib_maccore_patches.a(wal_pps_patch.o)
                                 0x34 (size before relaxing)
 .lit4          0x00981a88       0xcc mac_core/patch/AR6320/v3/.output/AR6320/hw.3/lib/lib_maccore_patches.a(ar_xmit_wifi_ip01_patch.o)
                                0x314 (size before relaxing)
 .ex_init_text.lit4
                0x00981b54       0x24 mac_core/patch/AR6320/v3/.output/AR6320/hw.3/lib/lib_maccore_patches.a(ar_xmit_wifi_ip01_patch.o)
                                 0x30 (size before relaxing)
 .lit4          0x00981b78       0x24 mac_core/patch/AR6320/v3/.output/AR6320/hw.3/lib/lib_maccore_patches.a(ar_wal_channel_change_patch.o)
                                 0xfc (size before relaxing)
 .ex_init_text.lit4
                0x00981b9c       0x18 mac_core/patch/AR6320/v3/.output/AR6320/hw.3/lib/lib_maccore_patches.a(ar_wal_channel_change_patch.o)
                                 0x1c (size before relaxing)
 .lit4          0x00981bb4       0x24 mac_core/patch/AR6320/v3/.output/AR6320/hw.3/lib/lib_maccore_patches.a(ar_wal_rc_patch.o)
                                 0xa8 (size before relaxing)
 .ex_init_text.lit4
                0x00981bd8       0x28 mac_core/patch/AR6320/v3/.output/AR6320/hw.3/lib/lib_maccore_patches.a(ar_wal_rc_patch.o)
                                 0x2c (size before relaxing)
 .ex_init_text.lit4
                0x00981c00        0x4 mac_core/patch/AR6320/v3/.output/AR6320/hw.3/lib/lib_maccore_patches.a(wal_rtt_patch.o)
                                  0xc (size before relaxing)
 .ex_init_text.lit4
                0x00981c04        0x8 mac_core/patch/AR6320/v3/.output/AR6320/hw.3/lib/lib_maccore_patches.a(whal_rtt_patch.o)
                                  0xc (size before relaxing)
 .lit4          0x00981c0c       0x34 mac_core/patch/AR6320/v3/.output/AR6320/hw.3/lib/lib_maccore_patches.a(dbglog_patch.o)
                                0x160 (size before relaxing)
 .ex_init_text.lit4
                0x00981c40       0x14 mac_core/patch/AR6320/v3/.output/AR6320/hw.3/lib/lib_maccore_patches.a(dbglog_patch.o)
                                 0x1c (size before relaxing)
 .lit4          0x00981c54       0x18 mac_core/patch/AR6320/v3/.output/AR6320/hw.3/lib/lib_maccore_patches.a(ar600p_beacon_patch.o)
                                 0x2c (size before relaxing)
 .ex_init_text.lit4
                0x00981c6c        0x4 mac_core/patch/AR6320/v3/.output/AR6320/hw.3/lib/lib_maccore_patches.a(ar600p_beacon_patch.o)
                                  0xc (size before relaxing)
 .lit4          0x00981c70       0x10 mac_core/patch/AR6320/v3/.output/AR6320/hw.3/lib/lib_maccore_patches.a(ar6000_power_patch.o)
                                 0xc0 (size before relaxing)
 .ex_init_text.lit4
                0x00981c80       0x28 mac_core/patch/AR6320/v3/.output/AR6320/hw.3/lib/lib_maccore_patches.a(ar6000_power_patch.o)
                                 0x40 (size before relaxing)
 .lit4          0x00981ca8       0x2c mac_core/patch/AR6320/v3/.output/AR6320/hw.3/lib/lib_maccore_patches.a(ar6000_interrupt_patch.o)
                                 0x8c (size before relaxing)
 .lit4          0x00981cd4       0x54 mac_core/patch/AR6320/v3/.output/AR6320/hw.3/lib/lib_maccore_patches.a(cmnos_intrinf_patch.o)
                                0x12c (size before relaxing)
 .ex_init_text.lit4
                0x00981d28       0x10 mac_core/patch/AR6320/v3/.output/AR6320/hw.3/lib/lib_maccore_patches.a(cmnos_intrinf_patch.o)
                                 0x24 (size before relaxing)
 .lit4          0x00981d38       0x98 mac_core/patch/AR6320/v3/.output/AR6320/hw.3/lib/lib_maccore_patches.a(patch_pcie.o)
                                0x170 (size before relaxing)
 .lit4          0x00981dd0       0x98 mac_core/patch/AR6320/v3/.output/AR6320/hw.3/lib/lib_maccore_patches.a(patch_usb.o)
                                0x17c (size before relaxing)
 .lit4          0x00981e68        0x4 mac_core/patch/AR6320/v3/.output/AR6320/hw.3/lib/lib_maccore_patches.a(wal_beacon_patch.o)
                                  0xc (size before relaxing)
 .ex_init_text.lit4
                0x00981e6c        0xc mac_core/patch/AR6320/v3/.output/AR6320/hw.3/lib/lib_maccore_patches.a(wal_beacon_patch.o)
                                 0x14 (size before relaxing)
 .lit4          0x00981e78        0x8 mac_core/patch/AR6320/v3/.output/AR6320/hw.3/lib/lib_maccore_patches.a(wal_swba_patch.o)
                                 0x34 (size before relaxing)
 .ex_init_text.lit4
                0x00981e80        0x4 mac_core/patch/AR6320/v3/.output/AR6320/hw.3/lib/lib_maccore_patches.a(wal_swba_patch.o)
                                  0x8 (size before relaxing)
 .lit4          0x00981e84       0x2c mac_core/patch/AR6320/v3/.output/AR6320/hw.3/lib/lib_maccore_patches.a(ar600P_retention_patch.o)
                                 0xd0 (size before relaxing)
 .ex_init_text.lit4
                0x00981eb0       0x28 mac_core/patch/AR6320/v3/.output/AR6320/hw.3/lib/lib_maccore_patches.a(ar600P_retention_patch.o)
                                 0x34 (size before relaxing)
 .lit4          0x00981ed8       0x18 mac_core/patch/AR6320/v3/.output/AR6320/hw.3/lib/lib_maccore_patches.a(patch_hif_ce.o)
                                 0x54 (size before relaxing)
 .lit4          0x00981ef0       0x48 mac_core/patch/AR6320/v3/.output/AR6320/hw.3/lib/lib_maccore_patches.a(patch_whal_coex.o)
                                 0xd0 (size before relaxing)
 .lit4          0x00981f38       0x1c mac_core/patch/AR6320/v3/.output/AR6320/hw.3/lib/lib_maccore_patches.a(patch_whal_mws.o)
                                 0x5c (size before relaxing)
 .lit4          0x00981f54       0x2c mac_core/patch/AR6320/v3/.output/AR6320/hw.3/lib/lib_maccore_patches.a(patch_whal_mci.o)
                                 0x84 (size before relaxing)
 .ex_init_text.lit4
                0x00981f80       0x10 mac_core/patch/AR6320/v3/.output/AR6320/hw.3/lib/lib_maccore_patches.a(ar_wal_tx_dm_patch.o)
                                 0x1c (size before relaxing)
 .lit4          0x00981f90        0x0 mac_core/patch/AR6320/v3/.output/AR6320/hw.3/lib/lib_maccore_patches.a(ar_wal_tx_dm_patch.o)
                                 0x24 (size before relaxing)
 .lit4          0x00981f90       0x2c mac_core/patch/AR6320/v3/.output/AR6320/hw.3/lib/lib_maccore_patches.a(patch_copy_engine.o)
                                 0xd0 (size before relaxing)
 .ex_init_text.lit4
                0x00981fbc       0x24 mac_core/patch/AR6320/v3/.output/AR6320/hw.3/lib/lib_maccore_patches.a(patch_copy_engine.o)
                                 0x38 (size before relaxing)
 .lit4          0x00981fe0        0x4 mac_core/patch/AR6320/v3/.output/AR6320/hw.3/lib/lib_maccore_patches.a(wal_concurrency_patch.o)
                                 0x1c (size before relaxing)
 .ex_init_text.lit4
                0x00981fe4        0xc mac_core/patch/AR6320/v3/.output/AR6320/hw.3/lib/lib_maccore_patches.a(wal_concurrency_patch.o)
                                 0x14 (size before relaxing)
 .lit4          0x00981ff0       0x1c mac_core/patch/AR6320/v3/.output/AR6320/hw.3/lib/lib_maccore_patches.a(ar_wal_tdls_patch.o)
                                 0x98 (size before relaxing)
 .ex_init_text.lit4
                0x0098200c       0x14 mac_core/patch/AR6320/v3/.output/AR6320/hw.3/lib/lib_maccore_patches.a(ar_wal_tdls_patch.o)
                                 0x1c (size before relaxing)
 .lit4          0x00982020       0x24 mac_core/patch/AR6320/v3/.output/AR6320/hw.3/lib/lib_maccore_patches.a(cmnos_timer_patch.o)
                                 0x30 (size before relaxing)
 .ex_init_text.lit4
                0x00982044        0x4 mac_core/patch/AR6320/v3/.output/AR6320/hw.3/lib/lib_maccore_patches.a(cmnos_timer_patch.o)
                                  0x8 (size before relaxing)
 .ex_init_text.lit4
                0x00982048        0xc mac_core/patch/AR6320/v3/.output/AR6320/hw.3/lib/lib_maccore_patches.a(ar_wal_tx_hcm_patch.o)
                                 0x10 (size before relaxing)
 .lit4          0x00982054        0x4 mac_core/patch/AR6320/v3/.output/AR6320/hw.3/lib/lib_maccore_patches.a(ar_wal_tx_hcm_patch.o)
 .lit4          0x00982058        0x8 mac_core/patch/AR6320/v3/.output/AR6320/hw.3/lib/lib_maccore_patches.a(ar_wal_tdls_conn_table_patch.o)
                                 0x88 (size before relaxing)
 .ex_init_text.lit4
                0x00982060       0x20 mac_core/patch/AR6320/v3/.output/AR6320/hw.3/lib/lib_maccore_patches.a(ar_wal_tdls_conn_table_patch.o)
                                 0x24 (size before relaxing)
 .lit4          0x00982080        0x8 mac_core/patch/AR6320/v3/.output/AR6320/hw.3/lib/lib_maccore_patches.a(ar600P_recv_patch.o)
                                 0x54 (size before relaxing)
 .ex_init_text.lit4
                0x00982088        0x8 mac_core/patch/AR6320/v3/.output/AR6320/hw.3/lib/lib_maccore_patches.a(ar600P_recv_patch.o)
                                 0x14 (size before relaxing)
 .ex_init_text.lit4
                0x00982090        0xc mac_core/patch/AR6320/v3/.output/AR6320/hw.3/lib/lib_maccore_patches.a(os_install_wlan_extra_memory_patches.o)
                                 0x1c (size before relaxing)
 .lit4          0x0098209c       0x14 mac_core/patch/AR6320/v3/.output/AR6320/hw.3/lib/lib_maccore_patches.a(patch_athos_main.o)
                                 0x58 (size before relaxing)
 .lit4          0x009820b0       0x20 mac_core/patch/AR6320/v3/.output/AR6320/hw.3/lib/lib_maccore_patches.a(cmnos_misc_patch.o)
                                 0x64 (size before relaxing)
 .lit4          0x009820d0       0x18 mac_core/patch/AR6320/v3/.output/AR6320/hw.3/lib/lib_maccore_patches.a(sha1_patch.o)
                                 0x24 (size before relaxing)
 .ex_init_text.lit4
                0x009820e8        0x8 mac_core/patch/AR6320/v3/.output/AR6320/hw.3/lib/lib_maccore_patches.a(sha1_patch.o)
                                  0xc (size before relaxing)
 .lit4          0x009820f0        0x8 mac_core/patch/AR6320/v3/.output/AR6320/hw.3/lib/lib_maccore_patches.a(patch_hif_sdio.o)
                                 0x14 (size before relaxing)
 .lit4          0x009820f8        0xc mac_core/patch/AR6320/v3/.output/AR6320/hw.3/lib/lib_maccore_patches.a(ar_wal_txbf_patch.o)
                                 0x2c (size before relaxing)
 .ex_init_text.lit4
                0x00982104        0xc mac_core/patch/AR6320/v3/.output/AR6320/hw.3/lib/lib_maccore_patches.a(ar_wal_txbf_patch.o)
                                 0x2c (size before relaxing)
 .lit4          0x00982110       0x10 mac_core/patch/AR6320/v3/.output/AR6320/hw.3/lib/lib_maccore_patches.a(wmi_dbgloghook_patch.o)
                                 0x20 (size before relaxing)
 .lit4          0x00982120       0x2c mac_core/patch/AR6320/v3/.output/AR6320/hw.3/lib/lib_maccore_patches.a(cmnos_allocram_patch.o)
                                 0x4c (size before relaxing)
 .ex_init_text.lit4
                0x0098214c        0xc mac_core/patch/AR6320/v3/.output/AR6320/hw.3/lib/lib_maccore_patches.a(cmnos_allocram_patch.o)
                                 0x10 (size before relaxing)
 .lit4          0x00982158       0x80 mac_core/src/wal/whal/rtt/.output/AR6320/hw.3/lib/whal_rtt.a(whal_rtt.o)
                                0x2dc (size before relaxing)
 .ex_init_text.lit4
                0x009821d8        0x4 mac_core/src/wal/whal/rtt/.output/AR6320/hw.3/lib/whal_rtt.a(whal_rtt.o)
                                 0x10 (size before relaxing)
 .ex_init_text.lit4
                0x009821dc        0x8 halphy/patch/AR6320/v3/.output/AR6320/hw.3/lib/lib_halphy_patches.a(halphy_install_patches.o)
                                 0x24 (size before relaxing)
 .lit4          0x009821e4       0x3c halphy/patch/AR6320/v3/.output/AR6320/hw.3/lib/lib_halphy_patches.a(ar6000_nf_cal_patch.o)
                                0x180 (size before relaxing)
 .lit4          0x00982220       0x50 halphy/patch/AR6320/v3/.output/AR6320/hw.3/lib/lib_halphy_patches.a(ar6000_ani_patch.o)
                                0x140 (size before relaxing)
 .ex_init_text.lit4
                0x00982270       0x10 halphy/patch/AR6320/v3/.output/AR6320/hw.3/lib/lib_halphy_patches.a(ar6000_ani_patch.o)
                                 0x1c (size before relaxing)
 .lit4          0x00982280       0x98 halphy/patch/AR6320/v3/.output/AR6320/hw.3/lib/lib_halphy_patches.a(ar6320_ini_patch.o)
                                0x178 (size before relaxing)
 .ex_init_text.lit4
                0x00982318       0x18 halphy/patch/AR6320/v3/.output/AR6320/hw.3/lib/lib_halphy_patches.a(ar6320_ini_patch.o)
                                 0x24 (size before relaxing)
 .lit4          0x00982330       0x60 halphy/patch/AR6320/v3/.output/AR6320/hw.3/lib/lib_halphy_patches.a(ar6320_tpc_config_patch.o)
                                0x370 (size before relaxing)
 .ex_init_text.lit4
                0x00982390       0x20 halphy/patch/AR6320/v3/.output/AR6320/hw.3/lib/lib_halphy_patches.a(ar6320_tpc_config_patch.o)
                                 0x28 (size before relaxing)
 .lit4          0x009823b0       0xd4 halphy/patch/AR6320/v3/.output/AR6320/hw.3/lib/lib_halphy_patches.a(ar6320_eeprom_patch.o)
                                0x388 (size before relaxing)
 .ex_init_text.lit4
                0x00982484       0x50 halphy/patch/AR6320/v3/.output/AR6320/hw.3/lib/lib_halphy_patches.a(ar6320_eeprom_patch.o)
                                 0x5c (size before relaxing)
 .lit4          0x009824d4       0x48 halphy/patch/AR6320/v3/.output/AR6320/hw.3/lib/lib_halphy_patches.a(ar600P_reset_patch.o)
                                0x254 (size before relaxing)
 .ex_init_text.lit4
                0x0098251c       0x2c halphy/patch/AR6320/v3/.output/AR6320/hw.3/lib/lib_halphy_patches.a(ar600P_reset_patch.o)
                                 0x40 (size before relaxing)
 .lit4          0x00982548       0xd8 halphy/patch/AR6320/v3/.output/AR6320/hw.3/lib/lib_halphy_patches.a(ar6000_paprd_patch.o)
                                0x538 (size before relaxing)
 .ex_init_text.lit4
                0x00982620       0x78 halphy/patch/AR6320/v3/.output/AR6320/hw.3/lib/lib_halphy_patches.a(ar6000_paprd_patch.o)
                                 0x94 (size before relaxing)
 .lit4          0x00982698        0x4 halphy/patch/AR6320/v3/.output/AR6320/hw.3/lib/lib_halphy_patches.a(ar6000_phy_patch.o)
                                 0x1c (size before relaxing)
 .ex_init_text.lit4
                0x0098269c        0x4 halphy/patch/AR6320/v3/.output/AR6320/hw.3/lib/lib_halphy_patches.a(ar6000_phy_patch.o)
                                  0xc (size before relaxing)
 .ex_init_text.lit4
                0x009826a0        0x4 mac_core/src/wal/AR/rtt/.output/AR6320/hw.3/lib/ar_wal_rtt.a(wal_rtt.o)
                                 0x18 (size before relaxing)
 .lit4          0x009826a4       0x1c mac_core/src/wal/AR/rtt/.output/AR6320/hw.3/lib/ar_wal_rtt.a(wal_rtt.o)
                                0x16c (size before relaxing)
 .lit4          0x009826c0       0x28 mac_core/src/wal/AR/nan/.output/AR6320/hw.3/lib/ar_wal_nan.a(wal_nan_mac.o)
                                 0xec (size before relaxing)
 .lit4          0x009826e8        0x0 /cad/tensilica/chips/peregrine/RE-2013.3-linux/peregrine/xtensa-elf/lib/xcc//libgcc.a(_udivdi3.o)
                                 0x44 (size before relaxing)
 .lit4          0x009826e8       0x10 mac_core/src/wal/whal/init/.output/AR6320/hw.3/lib/libwhal_init.a(whal_init.o)
                                 0x18 (size before relaxing)
 .lit4          0x009826f8       0x40 mac_core/apps/utf/AR6320/.output/AR6320/hw.3/lib/libar6320.a(whal_SCPC.o)
                                0x22c (size before relaxing)
 .lit4          0x00982738       0x64 mac_core/apps/utf/AR6004/.output/AR6320/hw.3/lib/libar6004utf.a(dkkernel.o)
                                 0xf4 (size before relaxing)
 .lit4          0x0098279c       0x28 mac_core/apps/utf/AR6004/.output/AR6320/hw.3/lib/libar6004utf.a(event.o)
                                 0x4c (size before relaxing)
 .lit4          0x009827c4       0x40 mac_core/apps/utf/AR6004/.output/AR6320/hw.3/lib/libar6004utf.a(hw.o)
                                 0xe0 (size before relaxing)
 .ex_init_text.lit4
                0x00982804        0xc mac_core/src/misc/extend_alloc/.output/AR6320/hw.3/lib/libextendalloc.a(extend_allocate.o)
                                 0x28 (size before relaxing)
 .lit4          0x00982810       0x14 mac_core/src/misc/extend_alloc/.output/AR6320/hw.3/lib/libextendalloc.a(extend_allocate.o)
                                 0x3c (size before relaxing)
 .ex_init_text.lit4
                0x00982824       0x48 mac_core/src/hostif/htc/.output/AR6320/hw.3/lib/libhtc.a(htc.o)
                                 0x74 (size before relaxing)
 .lit4          0x0098286c       0x28 mac_core/src/hostif/htc/.output/AR6320/hw.3/lib/libhtc.a(htc.o)
                                0x214 (size before relaxing)
 .lit4          0x00982894        0x8 mac_core/src/misc/module_id/.output/AR6320/hw.3/lib/libmodule_id.a(module_id.o)
                                 0x18 (size before relaxing)
 .lit4          0x0098289c        0xc mac_core/src/wal/whal/ini/.output/AR6320/hw.3/lib/libwhalini.a(whalini.o)
                                 0x20 (size before relaxing)
 .ex_init_text.lit4
                0x009828a8        0xc mac_core/src/wal/whal/ini/.output/AR6320/hw.3/lib/libwhalini.a(whalini.o)
                                 0x18 (size before relaxing)
 .lit4          0x009828b4        0xc mac_core/src/utils/sm/.output/AR6320/hw.3/lib/libsm.a(sm.o)
                                 0x6c (size before relaxing)
 .ex_init_text.lit4
                0x009828c0       0x1c mac_core/src/utils/sm/.output/AR6320/hw.3/lib/libsm.a(sm.o)
 .lit4          0x009828dc       0xf8 mac_core/src/wal/AR/coex/.output/AR6320/hw.3/lib/wal_coex.a(wal_coex.o)
                                0xb6c (size before relaxing)
 .ex_init_text.lit4
                0x009829d4       0x50 mac_core/src/wal/AR/coex/.output/AR6320/hw.3/lib/wal_coex.a(wal_coex.o)
                                 0xc0 (size before relaxing)
 .lit4          0x00982a24       0x70 mac_core/src/wal/AR/coex/.output/AR6320/hw.3/lib/wal_coex.a(wal_btcoex.o)
                                0x408 (size before relaxing)
 .ex_init_text.lit4
                0x00982a94       0x28 mac_core/src/wal/AR/coex/.output/AR6320/hw.3/lib/wal_coex.a(wal_btcoex.o)
                                 0x60 (size before relaxing)
 .lit4          0x00982abc       0xa4 mac_core/src/wal/AR/coex/.output/AR6320/hw.3/lib/wal_coex.a(wal_mwscoex.o)
                                0x334 (size before relaxing)
 .ex_init_text.lit4
                0x00982b60       0x1c mac_core/src/wal/AR/coex/.output/AR6320/hw.3/lib/wal_coex.a(wal_mwscoex.o)
                                 0x58 (size before relaxing)
 .lit4          0x00982b7c       0x10 mac_core/src/wal/AR/coex/.output/AR6320/hw.3/lib/wal_coex.a(wal_mwscoex_crc.o)
                                 0x38 (size before relaxing)
 .lit4          0x00982b8c        0xc mac_core/src/wal/AR/coex/.output/AR6320/hw.3/lib/wal_coex.a(qmi_idl_lib.o)
                                 0x5c (size before relaxing)
 .lit4          0x00982b98        0x0 mac_core/src/wal/AR/coex/.output/AR6320/hw.3/lib/wal_coex.a(qmi_idl_accessor.o)
                                  0x4 (size before relaxing)
 .lit4          0x00982b98        0x4 mac_core/src/wal/AR/coex/.output/AR6320/hw.3/lib/wal_coex.a(coexistence_service_v02.o)
 .lit4          0x00982b9c       0x64 mac_core/src/wal/whal/coex/.output/AR6320/hw.3/lib/whal_ar_coex.a(whal_coex.o)
                                0x340 (size before relaxing)
 .ex_init_text.lit4
                0x00982c00        0xc mac_core/src/wal/whal/coex/.output/AR6320/hw.3/lib/whal_ar_coex.a(whal_coex.o)
                                 0x1c (size before relaxing)
 .lit4          0x00982c0c       0xe4 mac_core/src/wal/whal/coex/.output/AR6320/hw.3/lib/whal_ar_coex.a(whal_mci.o)
                                0x64c (size before relaxing)
 .ex_init_text.lit4
                0x00982cf0       0x10 mac_core/src/wal/whal/coex/.output/AR6320/hw.3/lib/whal_ar_coex.a(whal_mci.o)
                                 0x2c (size before relaxing)
 .lit4          0x00982d00       0xb8 mac_core/src/wal/whal/coex/.output/AR6320/hw.3/lib/whal_ar_coex.a(whal_mws.o)
                                0x2a4 (size before relaxing)
 .ex_init_text.lit4
                0x00982db8        0x4 mac_core/src/wal/whal/coex/.output/AR6320/hw.3/lib/whal_ar_coex.a(whal_mws.o)
                                 0x10 (size before relaxing)
 .lit4          0x00982dbc       0x40 mac_core/apps/lib/.output/AR6320/hw.3/lib/libapp.a(efusew.o)
                                0x11c (size before relaxing)
 .lit4          0x00982dfc       0x38 mac_core/apps/lib/.output/AR6320/hw.3/lib/libapp.a(otpstreamw.o)
                                0x120 (size before relaxing)
 *(.gnu.linkonce.lit4.*)
                0x00982e34                _literals_end = ABSOLUTE (.)

.dram0.literal  0x00982e34        0x0
                0x00982e34                _dram0_literal_start = ABSOLUTE (.)
 *(.dram0.literal)
 *(.dram.literal)
                0x00982e34                _dram0_literal_end = ABSOLUTE (.)

.dport0.rodata  0x004144d0        0x0
                0x004144d0                _dport0_rodata_start = ABSOLUTE (.)
 *(.dport0.rodata)
 *(.dport.rodata)
                0x004144d0                _dport0_rodata_end = ABSOLUTE (.)

.dram0.rodata   0x004144d0        0x0
                0x004144d0                _dram0_rodata_start = ABSOLUTE (.)
 *(.dram0.rodata)
 *(.dram.rodata)
                0x004144d0                _dram0_rodata_end = ABSOLUTE (.)

.rodata         0x004144d0     0x2444
                0x004144d0                _rodata_start = ABSOLUTE (.)
 *(.rodata)
 .rodata        0x004144d0       0x18 mac_core/apps/utf/commonUTF/.output/AR6320/hw.3/lib/libcommonutf.a(cmdProcessing.o)
                0x004144d0                NumCALChannels2G
                0x004144d4                NumCALChannels5G
                0x004144d8                NumCALRates
                0x004144dc                NumCALChainMasks
                0x004144e0                NumCALGainIdxes
                0x004144e4                NumCALDACValues
 .rodata        0x004144e8       0x18 mac_core/apps/utf/AR6320/.output/AR6320/hw.3/lib/libar6320.a(whal_tcmd.o)
 .rodata        0x00414500       0xfa mac_core/apps/utf/tcmd_utf/.output/AR6320/hw.3/lib/libtcmdutf.a(tcmd.o)
                0x00414500                _mac_addr_table
 *fill*         0x004145fa        0x6 00
 .rodata        0x00414600       0x52 mac_core/apps/utf/tcmd_utf/.output/AR6320/hw.3/lib/libtcmdutf.a(tcmd_rx.o)
 *fill*         0x00414652        0x6 00
 .rodata        0x00414658       0x13 mac_core/apps/utf/tcmd_utf/.output/AR6320/hw.3/lib/libtcmdutf.a(tcmd_tx.o)
 *fill*         0x0041466b        0x1 00
 .rodata        0x0041466c        0xc mac_core/apps/utf/testScriptIF/.output/AR6320/hw.3/lib/libtestscriptif.a(testscriptIFRegister.o)
 *fill*         0x00414678        0x8 00
 .rodata        0x00414680      0x400 mac_core/apps/utf/wmiHostIF/.output/AR6320/hw.3/lib/libwmihostif.a(legHostIF.o)
 .rodata        0x00414a80        0x8 mac_core/apps/utf/wmiHostIF/.output/AR6320/hw.3/lib/libwmihostif.a(wmi_tcmd.o)
                0x00414a80                up_to_ac
 *fill*         0x00414a88        0x8 00
 .rodata        0x00414a90      0x400 mac_core/src/wal/whal/reset/.output/AR6320/hw.3/lib/ar6000_cal.a(ar6320_rxdc_cal.o)
 .rodata        0x00414e90      0x248 mac_core/src/wal/whal/reset/.output/AR6320/hw.3/lib/ar6000_cal.a(ar6320_iq_cal.o)
 *fill*         0x004150d8        0x8 00
 .rodata        0x004150e0      0x372 mac_core/src/wal/whal/reset/.output/AR6320/hw.3/lib/ar6000_cal.a(ar6320_pef_cal.o)
                0x004151e0                pefIQref
 *fill*         0x00415452        0x2 00
 .rodata        0x00415454       0x40 mac_core/patch/AR6320/v3/.output/AR6320/hw.3/lib/lib_maccore_patches.a(ar_wal_connection_pause_patch.o)
 *fill*         0x00415494        0xc 00
 .rodata        0x004154a0       0xb5 mac_core/patch/AR6320/v3/.output/AR6320/hw.3/lib/lib_maccore_patches.a(ar_wal_phy_dev_patch.o)
                0x004154a0                dump_reg_addr
 *fill*         0x00415555        0x3 00
 .rodata        0x00415558       0x24 mac_core/patch/AR6320/v3/.output/AR6320/hw.3/lib/lib_maccore_patches.a(ar_wal_tx_de_patch.o)
 *fill*         0x0041557c        0x4 00
 .rodata        0x00415580       0x40 mac_core/patch/AR6320/v3/.output/AR6320/hw.3/lib/lib_maccore_patches.a(ar_wal_rx_patch.o)
 .rodata        0x004155c0        0xc mac_core/patch/AR6320/v3/.output/AR6320/hw.3/lib/lib_maccore_patches.a(ar_wal_rx_offload_patch.o)
 *fill*         0x004155cc        0x4 00
 .rodata        0x004155d0        0x6 mac_core/patch/AR6320/v3/.output/AR6320/hw.3/lib/lib_maccore_patches.a(ar_wal_vdev_patch.o)
 *fill*         0x004155d6        0x2 00
 .rodata        0x004155d8       0x10 mac_core/patch/AR6320/v3/.output/AR6320/hw.3/lib/lib_maccore_patches.a(tx_sched_patch.o)
 *fill*         0x004155e8        0x8 00
 .rodata        0x004155f0       0xb8 mac_core/patch/AR6320/v3/.output/AR6320/hw.3/lib/lib_maccore_patches.a(ar_wal_tx_send_patch.o)
 *fill*         0x004156a8        0x8 00
 .rodata        0x004156b0       0x20 mac_core/patch/AR6320/v3/.output/AR6320/hw.3/lib/lib_maccore_patches.a(ar_wal_peer_patch.o)
 .rodata        0x004156d0       0x1e mac_core/patch/AR6320/v3/.output/AR6320/hw.3/lib/lib_maccore_patches.a(wal_pps_patch.o)
 *fill*         0x004156ee        0x2 00
 .rodata        0x004156f0       0x1a mac_core/patch/AR6320/v3/.output/AR6320/hw.3/lib/lib_maccore_patches.a(ar_xmit_wifi_ip01_patch.o)
 *fill*         0x0041570a        0x6 00
 .rodata        0x00415710       0x16 mac_core/patch/AR6320/v3/.output/AR6320/hw.3/lib/lib_maccore_patches.a(patch_pcie.o)
 *fill*         0x00415726        0xa 00
 .rodata        0x00415730       0x10 mac_core/patch/AR6320/v3/.output/AR6320/hw.3/lib/lib_maccore_patches.a(patch_whal_mci.o)
 .rodata        0x00415740        0xe mac_core/patch/AR6320/v3/.output/AR6320/hw.3/lib/lib_maccore_patches.a(patch_copy_engine.o)
 *fill*         0x0041574e        0x2 00
 .rodata        0x00415750        0xc mac_core/patch/AR6320/v3/.output/AR6320/hw.3/lib/lib_maccore_patches.a(ar_wal_tdls_conn_table_patch.o)
 *fill*         0x0041575c        0x4 00
 .rodata        0x00415760       0x28 mac_core/patch/AR6320/v3/.output/AR6320/hw.3/lib/lib_maccore_patches.a(wmi_dbgloghook_patch.o)
                0x00415760                dbglog_dispatch_entries
 *fill*         0x00415788        0x8 00
 .rodata        0x00415790       0x70 mac_core/src/wal/whal/rtt/.output/AR6320/hw.3/lib/whal_rtt.a(whal_rtt.o)
                0x00415790                whal_rtt_api_fn_tbl
                0x004157c8                map_bw_to_num_tones
                0x004157d0                map_bw_to_fft_size
 .rodata        0x00415800       0x50 halphy/patch/AR6320/v3/.output/AR6320/hw.3/lib/lib_halphy_patches.a(ar6000_nf_cal_patch.o)
 .rodata        0x00415850       0x10 halphy/patch/AR6320/v3/.output/AR6320/hw.3/lib/lib_halphy_patches.a(ar6320_ini_patch.o)
 .rodata        0x00415860       0x40 halphy/patch/AR6320/v3/.output/AR6320/hw.3/lib/lib_halphy_patches.a(ar6320_tpc_config_patch.o)
 .rodata        0x004158a0       0x9d halphy/patch/AR6320/v3/.output/AR6320/hw.3/lib/lib_halphy_patches.a(ar6320_eeprom_patch.o)
 *fill*         0x0041593d        0x3 00
 .rodata        0x00415940      0x101 halphy/patch/AR6320/v3/.output/AR6320/hw.3/lib/lib_halphy_patches.a(ar6000_paprd_patch.o)
 *fill*         0x00415a41        0x3 00
 .rodata        0x00415a44       0x3b /cad/tensilica/chips/peregrine/RE-2013.3-linux/peregrine/xtensa-elf/lib/xcc//libgcc.a(lib2funcs.o)
                0x00415a44                __xtensa_trampoline_template
 *fill*         0x00415a7f        0x1 00
 .rodata        0x00415a80        0x8 mac_core/apps/utf/AR6320/.output/AR6320/hw.3/lib/libar6320.a(whal_SCPC.o)
 .rodata        0x00415a88       0x18 mac_core/src/utils/sm/.output/AR6320/hw.3/lib/libsm.a(sm.o)
 .rodata        0x00415aa0        0x2 mac_core/src/wal/AR/coex/.output/AR6320/hw.3/lib/wal_coex.a(wal_coex.o)
 *fill*         0x00415aa2        0xe 00
 .rodata        0x00415ab0       0xdc mac_core/src/wal/AR/coex/.output/AR6320/hw.3/lib/wal_coex.a(wal_mwscoex.o)
 *fill*         0x00415b8c        0x4 00
 .rodata        0x00415b90      0x400 mac_core/src/wal/AR/coex/.output/AR6320/hw.3/lib/wal_coex.a(wal_mwscoex_crc.o)
                0x00415b90                crc16_table
                0x00415d90                crc_16_l_table
 .rodata        0x00415f90      0x37e mac_core/src/wal/AR/coex/.output/AR6320/hw.3/lib/wal_coex.a(coexistence_service_v02.o)
 *fill*         0x0041630e        0x2 00
 .rodata        0x00416310       0x90 mac_core/src/wal/whal/coex/.output/AR6320/hw.3/lib/whal_ar_coex.a(whal_coex.o)
 .rodata        0x004163a0      0x240 mac_core/src/wal/whal/coex/.output/AR6320/hw.3/lib/whal_ar_coex.a(whal_mci.o)
 .rodata        0x004165e0       0xa0 mac_core/src/wal/whal/coex/.output/AR6320/hw.3/lib/whal_ar_coex.a(whal_mws.o)
 *(.rodata.*)
 .rodata.str1.4
                0x00416680       0x8b mac_core/apps/utf/commonUTF/.output/AR6320/hw.3/lib/libcommonutf.a(cmdProcessing.o)
 *fill*         0x0041670b        0x1 00
 .rodata.str1.4
                0x0041670c       0x27 mac_core/apps/utf/commonUTF/.output/AR6320/hw.3/lib/libcommonutf.a(genTxBinCmdTlv.o)
 *fill*         0x00416733        0x1 00
 .rodata.str1.4
                0x00416734      0x1b9 mac_core/apps/utf/wmiHostIF/.output/AR6320/hw.3/lib/libwmihostif.a(legHostIF.o)
                                0x1c1 (size before relaxing)
 *fill*         0x004168ed        0x3 00
 .rodata.str1.4
                0x004168f0       0x12 mac_core/patch/AR6320/v3/.output/AR6320/hw.3/lib/lib_maccore_patches.a(patch_usb.o)
 .rodata.str1.4
                0x00000000       0x14 mac_core/patch/AR6320/v3/.output/AR6320/hw.3/lib/lib_maccore_patches.a(sha1_patch.o)
                                  0x1 (size before relaxing)
 *(.gnu.linkonce.r.*)
 *(.rodata1)
                0x00416902                __XT_EXCEPTION_TABLE__ = ABSOLUTE (.)
 *(.xt_except_table)
 *(.gcc_except_table)
 *(.gnu.linkonce.e.*)
 *(.gnu.version_r)
                0x00416904                . = ALIGN (0x4)
 *fill*         0x00416902        0x2 00
                0x00416904                _bss_table_start = ABSOLUTE (.)
                0x00416904        0x4 LONG 0x416918 _dport0_bss_start
                0x00416908        0x4 LONG 0x416918 _dport0_bss_end
                0x0041690c        0x4 LONG 0x41a7b0 _bss_start
                0x00416910        0x4 LONG 0x42ca40 _bss_end
                0x00416914                _bss_table_end = ABSOLUTE (.)
                0x00416914                _rodata_end = ABSOLUTE (.)

.dport0.data    0x00416914        0x0
                0x00416914                _dport0_data_start = ABSOLUTE (.)
 *(.dport0.data)
 *(.dport.data)
                0x00416914                _dport0_data_end = ABSOLUTE (.)

.dport0.bss     0x00416914        0x4
                0x00416918                . = ALIGN (0x8)
 *fill*         0x00416914        0x4 00
                0x00416918                _dport0_bss_start = ABSOLUTE (.)
 *(.dport0.bss)
                0x00416918                . = ALIGN (0x8)
                0x00416918                _dport0_bss_end = ABSOLUTE (.)

.dram0.data     0x00416918        0x0
                0x00416918                _dram0_data_start = ABSOLUTE (.)
 *(.dram0.data)
 *(.dram.data)
                0x00416918                _dram0_data_end = ABSOLUTE (.)

.data           0x00416920     0x3e90
                0x00416920                _data_start = ABSOLUTE (.)
 *(.data)
 .data          0x00416920        0x0 mac_core/apps/utf/commonUTF/.output/AR6320/hw.3/lib/libcommonutf.a(main.o)
 .data          0x00416920        0x0 mac_core/apps/utf/commonUTF/.output/AR6320/hw.3/lib/libcommonutf.a(utf.o)
 .data          0x00416920        0x0 mac_core/apps/utf/commonUTF/.output/AR6320/hw.3/lib/libcommonutf.a(cmdEvtProcEngine.o)
 .data          0x00416920      0xb70 mac_core/apps/utf/commonUTF/.output/AR6320/hw.3/lib/libcommonutf.a(cmdProcessing.o)
                0x00416c30                Mask2Rate
                0x00416f30                HT40_RateMask
                0x00416f50                Rate2MaskBitNo
                0x00417430                CmdHandlers
 .data          0x00417490      0x6e0 mac_core/apps/utf/commonUTF/.output/AR6320/hw.3/lib/libcommonutf.a(cmdProcessingSM.o)
                0x00417490                Op2StateEvt
                0x004174f0                CmdProcSM
 .data          0x00417b70        0x0 mac_core/apps/utf/commonUTF/.output/AR6320/hw.3/lib/libcommonutf.a(genTxBinCmdTlv.o)
 .data          0x00417b70        0x8 mac_core/apps/utf/commonUTF/.output/AR6320/hw.3/lib/libcommonutf.a(parseBinCmdStream.o)
                0x00417b70                binCmdStreamParser
 .data          0x00417b78        0x0 mac_core/apps/utf/commonUTF/.output/AR6320/hw.3/lib/libcommonutf.a(testUtil.o)
 .data          0x00417b78        0x0 mac_core/apps/utf/commonUTF/.output/AR6320/hw.3/lib/libcommonutf.a(whalExtensionGeneric.o)
 *fill*         0x00417b78        0x8 00
 .data          0x00417b80      0x180 mac_core/apps/utf/commonUTF/.output/AR6320/hw.3/lib/libcommonutf.a(_cmd_calParmBinTemplate.o)
                0x00417b80                _calParm_bin_template
 .data          0x00417d00       0x28 mac_core/apps/utf/commonUTF/.output/AR6320/hw.3/lib/libcommonutf.a(_cmd_nartCmdParmBinTemplate.o)
                0x00417d00                _nartCmdParm_bin_template
 .data          0x00417d28        0x8 mac_core/apps/utf/commonUTF/.output/AR6320/hw.3/lib/libcommonutf.a(_cmd_pmParmBinTemplate.o)
                0x00417d28                _pmParm_bin_template
 .data          0x00417d30       0xe8 mac_core/apps/utf/commonUTF/.output/AR6320/hw.3/lib/libcommonutf.a(_cmd_rxParmBinTemplate.o)
                0x00417d30                _rxParm_bin_template
 *fill*         0x00417e18        0x8 00
 .data          0x00417e20      0x498 mac_core/apps/utf/commonUTF/.output/AR6320/hw.3/lib/libcommonutf.a(_cmd_txParmBinTemplate.o)
                0x00417e20                _txParm_bin_template
 *fill*         0x004182b8        0x8 00
 .data          0x004182c0       0x60 mac_core/apps/utf/commonUTF/.output/AR6320/hw.3/lib/libcommonutf.a(cmdParmsTemplate.o)
                0x004182c0                TestFlowCmd2ParmTemplate
 .data          0x00418320       0x70 mac_core/apps/utf/commonUTF/.output/AR6320/hw.3/lib/libcommonutf.a(_cmd_nartRspParmTxtTemplate.o)
                0x00418320                _nartRspParm_txt_template
 .data          0x00418390       0x38 mac_core/apps/utf/commonUTF/.output/AR6320/hw.3/lib/libcommonutf.a(_cmd_rspGenericParmTxtTemplate.o)
                0x00418390                _rspGenericParm_txt_template
 *fill*         0x004183c8        0x8 00
 .data          0x004183d0      0x364 mac_core/apps/utf/commonUTF/.output/AR6320/hw.3/lib/libcommonutf.a(_cmd_rxStatusParmTxtTemplate.o)
                0x004183d0                _rxStatusParm_txt_template
 *fill*         0x00418734        0xc 00
 .data          0x00418740      0xad4 mac_core/apps/utf/commonUTF/.output/AR6320/hw.3/lib/libcommonutf.a(_cmd_submitreportParmTxtTemplate.o)
                0x00418740                _submitreportParm_txt_template
 *fill*         0x00419214        0xc 00
 .data          0x00419220      0x2bc mac_core/apps/utf/commonUTF/.output/AR6320/hw.3/lib/libcommonutf.a(_cmd_txStatusParmTxtTemplate.o)
                0x00419220                _txStatusParm_txt_template
 .data          0x004194dc        0x0 mac_core/apps/utf/AR6320/.output/AR6320/hw.3/lib/libar6320.a(ar6320Register.o)
 *fill*         0x004194dc        0x4 00
 .data          0x004194e0       0x2c mac_core/apps/utf/AR6320/.output/AR6320/hw.3/lib/libar6320.a(whal_tcmd.o)
 *fill*         0x0041950c        0x4 00
 .data          0x00419510       0x53 mac_core/apps/utf/tcmd_utf/.output/AR6320/hw.3/lib/libtcmdutf.a(tcmd.o)
                0x00419510                g_waltest_ast_config
                0x00419530                SA_ADDR
                0x00419538                DA_ADDR
                0x00419540                BSS_ADDR
                0x00419550                BCAST_ADDR
                0x00419558                WDS_DA_ADDR
 .data          0x00419563        0x0 mac_core/apps/utf/tcmd_utf/.output/AR6320/hw.3/lib/libtcmdutf.a(tcmd_rx.o)
 *fill*         0x00419563        0x1 00
 .data          0x00419564       0x10 mac_core/apps/utf/tcmd_utf/.output/AR6320/hw.3/lib/libtcmdutf.a(tcmd_tx.o)
                0x00419564                g_waltest_tx_pktlen
                0x00419568                g_frag_no
                0x0041956c                g_waltest_tx_amsdu_max_size
 .data          0x00419574        0x0 mac_core/apps/utf/tcmd_utf/.output/AR6320/hw.3/lib/libtcmdutf.a(utfCallback.o)
 .data          0x00419574        0x0 mac_core/apps/utf/tcmd_utf/.output/AR6320/hw.3/lib/libtcmdutf.a(if_split.o)
 .data          0x00419574        0x0 mac_core/apps/utf/tcmd_utf/.output/AR6320/hw.3/lib/libtcmdutf.a(pn.o)
 .data          0x00419574        0x0 mac_core/apps/utf/testScriptIF/.output/AR6320/hw.3/lib/libtestscriptif.a(testscriptIFRegister.o)
 .data          0x00419574        0x0 mac_core/apps/utf/testScriptIF/.output/AR6320/hw.3/lib/libtestscriptif.a(testscriptIF.o)
 .data          0x00419574        0x0 mac_core/apps/utf/wmiHostIF/.output/AR6320/hw.3/lib/libwmihostif.a(legHostIF.o)
 .data          0x00419574        0x4 mac_core/apps/utf/wmiHostIF/.output/AR6320/hw.3/lib/libwmihostif.a(wmi_tcmd.o)
 .data          0x00419578       0x58 mac_core/apps/utf/wmiHostIF/.output/AR6320/hw.3/lib/libwmihostif.a(htt_tgt_hif_svc.o)
                0x00419578                htt_tgt_hif_internal_indir_tbl
                0x00419590                htt_tgt_hif_svc_api_indir_tbl
 .data          0x004195d0       0x58 mac_core/src/wal/whal/reset/.output/AR6320/hw.3/lib/ar6000_cal.a(ar6320_cal.o)
 *fill*         0x00419628        0x8 00
 .data          0x00419630      0x120 mac_core/src/wal/whal/reset/.output/AR6320/hw.3/lib/ar6000_cal.a(ar6320_rxdc_cal.o)
                0x00419710                G_RATIO_BQ1_MAN
                0x00419720                G_RATIO_BQ1_EXP_NEG
                0x00419730                G_RATIO_TIA_MAN
                0x00419740                G_RATIO_TIA_EXP_NEG
 .data          0x00419750      0x430 mac_core/src/wal/whal/reset/.output/AR6320/hw.3/lib/ar6000_cal.a(ar6320_iq_cal.o)
                0x004197e0                ReverseSeq_128
                0x004199e0                sin_table
                0x00419af0                cl_gain_mod_limits
                0x00419b00                cl_dac_val_tab
 .data          0x00419b80       0xe4 mac_core/src/wal/whal/reset/.output/AR6320/hw.3/lib/ar6000_cal.a(ar6320_pef_cal.o)
                0x00419b80                whalPefCalIndirectionTable
                0x00419bb0                pefRefCoef
 .data          0x00419c64        0x0 mac_core/patch/AR6320/v3/.output/AR6320/hw.3/lib/lib_maccore_patches.a(install_patches.o)
 .data          0x00419c64        0x0 mac_core/patch/AR6320/v3/.output/AR6320/hw.3/lib/lib_maccore_patches.a(whal_install_patches.o)
 .data          0x00419c64        0x0 mac_core/patch/AR6320/v3/.output/AR6320/hw.3/lib/lib_maccore_patches.a(wal_install_patches.o)
 .data          0x00419c64        0x0 mac_core/patch/AR6320/v3/.output/AR6320/hw.3/lib/lib_maccore_patches.a(ar_wal_connection_pause_patch.o)
 .data          0x00419c64        0x0 mac_core/patch/AR6320/v3/.output/AR6320/hw.3/lib/lib_maccore_patches.a(ar_wal_phy_dev_patch.o)
 .data          0x00419c64        0x4 mac_core/patch/AR6320/v3/.output/AR6320/hw.3/lib/lib_maccore_patches.a(cmnos_retention_patch.o)
                0x00419c64                mem_deep_slp_en
 .data          0x00419c68        0x0 mac_core/patch/AR6320/v3/.output/AR6320/hw.3/lib/lib_maccore_patches.a(ar_wal_tx_de_patch.o)
 .data          0x00419c68        0x0 mac_core/patch/AR6320/v3/.output/AR6320/hw.3/lib/lib_maccore_patches.a(ar_wal_local_frames_wifi_ip01_patch.o)
 .data          0x00419c68        0x0 mac_core/patch/AR6320/v3/.output/AR6320/hw.3/lib/lib_maccore_patches.a(pool_mgr_patch.o)
 .data          0x00419c68        0xc mac_core/patch/AR6320/v3/.output/AR6320/hw.3/lib/lib_maccore_patches.a(ar_wal_rx_patch.o)
                0x00419c68                g_dbg_burst_vivo_time_period
                0x00419c6c                g_dbg_burst_vivo_thresh
                0x00419c70                g_dbg_local_bufs_min
 .data          0x00419c74        0x0 mac_core/patch/AR6320/v3/.output/AR6320/hw.3/lib/lib_maccore_patches.a(ar_wal_rx_offload_patch.o)
 .data          0x00419c74        0x0 mac_core/patch/AR6320/v3/.output/AR6320/hw.3/lib/lib_maccore_patches.a(ar_wal_rx_common_patch.o)
 .data          0x00419c74        0x8 mac_core/patch/AR6320/v3/.output/AR6320/hw.3/lib/lib_maccore_patches.a(ar_wal_vdev_patch.o)
                0x00419c74                g_sta_kickout_th
                0x00419c78                g_cmn_kickout_th
 .data          0x00419c7c        0x0 mac_core/patch/AR6320/v3/.output/AR6320/hw.3/lib/lib_maccore_patches.a(ar_tx_q_enque_patch.o)
 .data          0x00419c7c       0x14 mac_core/patch/AR6320/v3/.output/AR6320/hw.3/lib/lib_maccore_patches.a(tx_sched_patch.o)
                0x00419c7c                g_dbg_burst_duration
                0x00419c80                g_dbg_delay_ack
                0x00419c84                g_dbg_aggr_timeout
                0x00419c88                g_dbg_aggr_mpdu_limit
                0x00419c8c                g_dbg_aggr_mpdu_len
 .data          0x00419c90       0x30 mac_core/patch/AR6320/v3/.output/AR6320/hw.3/lib/lib_maccore_patches.a(ar_wal_tx_send_patch.o)
                0x00419c90                g_dbg_burstampdutime_auto
                0x00419c94                g_dbg_burst_txoplimit
                0x00419c98                g_dbg_legacy_bursting
                0x00419c9c                g_bb_rx_sounding_save_value
                0x00419ca0                g_tx_ba_size_check_ampdu_size
                0x00419ca4                g_dbg_set_msdu_retry_bit
                0x00419ca8                g_dbg_tbtt_prot_margin
                0x00419cac                g_dbg_burst_water_mark
                0x00419cb0                g_dbg_max_ppdu_airtime_89mcs
                0x00419cb4                g_dbg_max_ppdu_airtime_othermcs
                0x00419cb8                g_dbg_burst_txoplimit_per_bw
 .data          0x00419cc0        0x0 mac_core/patch/AR6320/v3/.output/AR6320/hw.3/lib/lib_maccore_patches.a(ar_wal_chain_mgmt_patch.o)
 .data          0x00419cc0        0x0 mac_core/patch/AR6320/v3/.output/AR6320/hw.3/lib/lib_maccore_patches.a(ar_wal_peer_patch.o)
 .data          0x00419cc0        0x0 mac_core/patch/AR6320/v3/.output/AR6320/hw.3/lib/lib_maccore_patches.a(ar600P_txbf_patch.o)
 .data          0x00419cc0        0x0 mac_core/patch/AR6320/v3/.output/AR6320/hw.3/lib/lib_maccore_patches.a(wal_pps_patch.o)
 .data          0x00419cc0        0xc mac_core/patch/AR6320/v3/.output/AR6320/hw.3/lib/lib_maccore_patches.a(ar_xmit_wifi_ip01_patch.o)
 .data          0x00419ccc        0x4 mac_core/patch/AR6320/v3/.output/AR6320/hw.3/lib/lib_maccore_patches.a(ar_wal_channel_change_patch.o)
                0x00419ccc                g_dbg_reset_enable
 .data          0x00419cd0        0x6 mac_core/patch/AR6320/v3/.output/AR6320/hw.3/lib/lib_maccore_patches.a(ar_wal_rc_patch.o)
                0x00419cd0                g_dbg_legacy_rate_retries
                0x00419cd4                g_rc_rate_thr_amsdu_low
                0x00419cd5                g_rc_rate_thr_no_amsdu
 .data          0x00419cd6        0x0 mac_core/patch/AR6320/v3/.output/AR6320/hw.3/lib/lib_maccore_patches.a(wal_rtt_patch.o)
 .data          0x00419cd6        0x0 mac_core/patch/AR6320/v3/.output/AR6320/hw.3/lib/lib_maccore_patches.a(whal_rtt_patch.o)
 *fill*         0x00419cd6        0x2 00
 .data          0x00419cd8        0x8 mac_core/patch/AR6320/v3/.output/AR6320/hw.3/lib/lib_maccore_patches.a(dbglog_patch.o)
                0x00419cd8                g_dbg_m_id_max
                0x00419cdc                wlanfw_diag_version
 .data          0x00419ce0        0x0 mac_core/patch/AR6320/v3/.output/AR6320/hw.3/lib/lib_maccore_patches.a(ar600p_beacon_patch.o)
 .data          0x00419ce0        0x4 mac_core/patch/AR6320/v3/.output/AR6320/hw.3/lib/lib_maccore_patches.a(ar6000_power_patch.o)
                0x00419ce0                g_dsrMacAwakeEnable
 .data          0x00419ce4        0x0 mac_core/patch/AR6320/v3/.output/AR6320/hw.3/lib/lib_maccore_patches.a(ar6000_interrupt_patch.o)
 .data          0x00419ce4        0x4 mac_core/patch/AR6320/v3/.output/AR6320/hw.3/lib/lib_maccore_patches.a(cmnos_intrinf_patch.o)
                0x00419ce4                g_pKernelStack
 .data          0x00419ce8        0x0 mac_core/patch/AR6320/v3/.output/AR6320/hw.3/lib/lib_maccore_patches.a(patch_pcie.o)
 *fill*         0x00419ce8        0x8 00
 .data          0x00419cf0       0x38 mac_core/patch/AR6320/v3/.output/AR6320/hw.3/lib/lib_maccore_patches.a(patch_usb.o)
                0x00419cf0                gpio_usb_vbus_intr
 .data          0x00419d28        0x0 mac_core/patch/AR6320/v3/.output/AR6320/hw.3/lib/lib_maccore_patches.a(wal_beacon_patch.o)
 .data          0x00419d28        0x0 mac_core/patch/AR6320/v3/.output/AR6320/hw.3/lib/lib_maccore_patches.a(wal_swba_patch.o)
 .data          0x00419d28        0xc mac_core/patch/AR6320/v3/.output/AR6320/hw.3/lib/lib_maccore_patches.a(ar600P_retention_patch.o)
                0x00419d28                g_dbg_reg_wr_track_enabled
                0x00419d2c                dyn_bw
                0x00419d30                g_dbg_reg_wr_track_max
 .data          0x00419d34        0x0 mac_core/patch/AR6320/v3/.output/AR6320/hw.3/lib/lib_maccore_patches.a(ar_wal_rmc_patch.o)
 .data          0x00419d34        0x0 mac_core/patch/AR6320/v3/.output/AR6320/hw.3/lib/lib_maccore_patches.a(whal_rgc_patch.o)
 .data          0x00419d34        0xc mac_core/patch/AR6320/v3/.output/AR6320/hw.3/lib/lib_maccore_patches.a(patch_hif_ce.o)
                0x00419d34                ce_large_pkt_size
                0x00419d38                g_dbg_ce_infinite_tries
                0x00419d3c                patch_HIF_CE_max_push_attempts
 .data          0x00419d40        0x0 mac_core/patch/AR6320/v3/.output/AR6320/hw.3/lib/lib_maccore_patches.a(patch_whal_coex.o)
 .data          0x00419d40        0x4 mac_core/patch/AR6320/v3/.output/AR6320/hw.3/lib/lib_maccore_patches.a(patch_whal_mws.o)
 .data          0x00419d44        0x0 mac_core/patch/AR6320/v3/.output/AR6320/hw.3/lib/lib_maccore_patches.a(patch_whal_mci.o)
 .data          0x00419d44        0x0 mac_core/patch/AR6320/v3/.output/AR6320/hw.3/lib/lib_maccore_patches.a(ar_wal_tx_dm_patch.o)
 .data          0x00419d44       0x14 mac_core/patch/AR6320/v3/.output/AR6320/hw.3/lib/lib_maccore_patches.a(patch_copy_engine.o)
                0x00419d44                patch_CE_per_engine_iteration_limit
                0x00419d48                patch_CE_per_engine_max_reap
 .data          0x00419d58        0x0 mac_core/patch/AR6320/v3/.output/AR6320/hw.3/lib/lib_maccore_patches.a(wal_concurrency_patch.o)
 .data          0x00419d58        0x0 mac_core/patch/AR6320/v3/.output/AR6320/hw.3/lib/lib_maccore_patches.a(ar_wal_tdls_patch.o)
 .data          0x00419d58        0x0 mac_core/patch/AR6320/v3/.output/AR6320/hw.3/lib/lib_maccore_patches.a(cmnos_timer_patch.o)
 .data          0x00419d58        0x0 mac_core/patch/AR6320/v3/.output/AR6320/hw.3/lib/lib_maccore_patches.a(ar_wal_tx_hcm_patch.o)
 .data          0x00419d58        0x0 mac_core/patch/AR6320/v3/.output/AR6320/hw.3/lib/lib_maccore_patches.a(ar_wal_tdls_conn_table_patch.o)
 .data          0x00419d58        0x0 mac_core/patch/AR6320/v3/.output/AR6320/hw.3/lib/lib_maccore_patches.a(ar600P_recv_patch.o)
 *fill*         0x00419d58        0x8 00
 .data          0x00419d60       0x30 mac_core/patch/AR6320/v3/.output/AR6320/hw.3/lib/lib_maccore_patches.a(os_install_wlan_extra_memory_patches.o)
                0x00419d60                g_patch_extra_dram_num
                0x00419d70                g_patch_extra_dram_arenas
 .data          0x00419d90        0x0 mac_core/patch/AR6320/v3/.output/AR6320/hw.3/lib/lib_maccore_patches.a(patch_athos_main.o)
 .data          0x00419d90        0x0 mac_core/patch/AR6320/v3/.output/AR6320/hw.3/lib/lib_maccore_patches.a(cmnos_misc_patch.o)
 .data          0x00419d90        0x0 mac_core/patch/AR6320/v3/.output/AR6320/hw.3/lib/lib_maccore_patches.a(sha1_patch.o)
 .data          0x00419d90        0x0 mac_core/patch/AR6320/v3/.output/AR6320/hw.3/lib/lib_maccore_patches.a(patch_hif_sdio.o)
 .data          0x00419d90        0x0 mac_core/patch/AR6320/v3/.output/AR6320/hw.3/lib/lib_maccore_patches.a(ar_wal_txbf_patch.o)
 .data          0x00419d90       0x14 mac_core/patch/AR6320/v3/.output/AR6320/hw.3/lib/lib_maccore_patches.a(wmi_dbgloghook_patch.o)
                0x00419d90                dbglog_dispatch_tbl
 .data          0x00419da4        0x0 mac_core/patch/AR6320/v3/.output/AR6320/hw.3/lib/lib_maccore_patches.a(cmnos_allocram_patch.o)
 *fill*         0x00419da4        0xc 00
 .data          0x00419db0      0x110 mac_core/src/wal/whal/rtt/.output/AR6320/hw.3/lib/whal_rtt.a(whal_rtt.o)
                0x00419db0                whal_rtt_internal_fn_tbl
                0x00419dc8                chain_info_tbl_addr
                0x00419dd0                chain_info_tbl_data
                0x00419de0                preamble_duration
                0x00419df0                legacy_tm_ack_rx_time
                0x00419e10                ACK_TIME_MCS_0
                0x00419e18                pre_bw_to_bw
                0x00419e20                ACK_TIME_MCS_1
                0x00419e28                ACK_TIME_MCS_3
                0x00419e30                rtt_tx_delay_wb294i
                0x00419e40                rtt_rx_delay_wb294i
                0x00419e60                rtt_rx_chain_0x1_5G_adjust
                0x00419e70                rtt_rx_chain_0x1_2G_adjust
                0x00419e80                rtt_rx_chain_0x2_5G_adjust
                0x00419e90                rtt_rx_chain_0x2_2G_adjust
                0x00419ea0                rtt_rx_spur_enable_adjust
                0x00419eb0                packet_length
 .data          0x00419ec0        0x0 halphy/patch/AR6320/v3/.output/AR6320/hw.3/lib/lib_halphy_patches.a(halphy_install_patches.o)
 .data          0x00419ec0        0x0 halphy/patch/AR6320/v3/.output/AR6320/hw.3/lib/lib_halphy_patches.a(ar6000_nf_cal_patch.o)
 .data          0x00419ec0      0x108 halphy/patch/AR6320/v3/.output/AR6320/hw.3/lib/lib_halphy_patches.a(ar6000_ani_patch.o)
                0x00419ec0                allow_ani
                0x00419ed0                firstep_table
                0x00419ef0                cycpwr_thr1_table
                0x00419f00                ofdm_level_table
                0x00419f80                cck_level_table
 .data          0x00419fc8        0x0 halphy/patch/AR6320/v3/.output/AR6320/hw.3/lib/lib_halphy_patches.a(ar6320_ini_patch.o)
 *fill*         0x00419fc8        0x8 00
 .data          0x00419fd0       0x7f halphy/patch/AR6320/v3/.output/AR6320/hw.3/lib/lib_halphy_patches.a(ar6320_tpc_config_patch.o)
                0x00419fd0                attenSettings
                0x00419ff0                attenSteps
                0x0041a010                atten_table_2g_chain0
                0x0041a020                atten_table_2g_chain1
                0x0041a030                atten_table_5g_chain0
                0x0041a040                atten_table_5g_chain1
 *fill*         0x0041a04f        0x1 00
 .data          0x0041a050       0x31 halphy/patch/AR6320/v3/.output/AR6320/hw.3/lib/lib_halphy_patches.a(ar6320_eeprom_patch.o)
                0x0041a050                PRI20_FIR2_ATTN
                0x0041a060                vmodeGpioSelect
 *fill*         0x0041a081        0xf 00
 .data          0x0041a090       0x5e halphy/patch/AR6320/v3/.output/AR6320/hw.3/lib/lib_halphy_patches.a(ar600P_reset_patch.o)
                0x0041a094                g_dbg_wait_reg_loop_count
                0x0041a098                g_dbg_wait_reg_mode
                0x0041a0a0                patch_rfModeArray
                0x0041a0e0                patch_bandArray
 *fill*         0x0041a0ee        0x2 00
 .data          0x0041a0f0        0x4 halphy/patch/AR6320/v3/.output/AR6320/hw.3/lib/lib_halphy_patches.a(ar6000_paprd_patch.o)
                0x0041a0f0                g_forced_dac_gain
                0x0041a0f2                dynamicsqLimit
                0x0041a0f3                first_DPD_call
 .data          0x0041a0f4        0x0 halphy/patch/AR6320/v3/.output/AR6320/hw.3/lib/lib_halphy_patches.a(ar6000_phy_patch.o)
 *fill*         0x0041a0f4        0xc 00
 .data          0x0041a100       0x78 mac_core/src/wal/AR/rtt/.output/AR6320/hw.3/lib/ar_wal_rtt.a(wal_rtt.o)
                0x0041a100                wal_rtt_int_fn_tbl
                0x0041a114                wal_rtt_api_fn_tbl
                0x0041a154                rtt_bw_wmi_bw
                0x0041a160                rtt_chain_to_no
                0x0041a170                bw_size
 .data          0x0041a178       0x88 mac_core/src/wal/AR/nan/.output/AR6320/hw.3/lib/ar_wal_nan.a(wal_nan_mac.o)
                0x0041a178                g_wal_nan_mac_ctxt
                0x0041a1c4                g_dbg_nan_mac_dwcm_en
                0x0041a1c8                _wal_nan_mac_fn
 .data          0x0041a200        0x0 /cad/tensilica/chips/peregrine/RE-2013.3-linux/peregrine/xtensa-elf/lib/xcc//libgcc.a(_divsi3.o)
 .data          0x0041a200        0x0 /cad/tensilica/chips/peregrine/RE-2013.3-linux/peregrine/xtensa-elf/lib/xcc//libgcc.a(_modsi3.o)
 .data          0x0041a200        0x0 /cad/tensilica/chips/peregrine/RE-2013.3-linux/peregrine/xtensa-elf/lib/xcc//libgcc.a(_udivsi3.o)
 .data          0x0041a200        0x0 /cad/tensilica/chips/peregrine/RE-2013.3-linux/peregrine/xtensa-elf/lib/xcc//libgcc.a(_umodsi3.o)
 .data          0x0041a200        0x0 /cad/tensilica/chips/peregrine/RE-2013.3-linux/peregrine/xtensa-elf/lib/xcc//libgcc.a(_ashrdi3.o)
 .data          0x0041a200        0x0 /cad/tensilica/chips/peregrine/RE-2013.3-linux/peregrine/xtensa-elf/lib/xcc//libgcc.a(_lshrdi3.o)
 .data          0x0041a200        0x0 /cad/tensilica/chips/peregrine/RE-2013.3-linux/peregrine/xtensa-elf/lib/xcc//libgcc.a(_muldi3.o)
 .data          0x0041a200        0x0 /cad/tensilica/chips/peregrine/RE-2013.3-linux/peregrine/xtensa-elf/lib/xcc//libgcc.a(_udivdi3.o)
 .data          0x0041a200        0x0 /cad/tensilica/chips/peregrine/RE-2013.3-linux/peregrine/xtensa-elf/lib/xcc//libgcc.a(lib2funcs.o)
 .data          0x0041a200        0x0 mac_core/src/wal/whal/init/.output/AR6320/hw.3/lib/libwhal_init.a(whal_init.o)
 .data          0x0041a200       0x30 mac_core/apps/utf/AR6320/.output/AR6320/hw.3/lib/libar6320.a(whal_SCPC.o)
                0x0041a200                Table
 .data          0x0041a230        0x0 mac_core/apps/utf/AR6004/.output/AR6320/hw.3/lib/libar6004utf.a(dkkernel.o)
 .data          0x0041a230        0x0 mac_core/apps/utf/AR6004/.output/AR6320/hw.3/lib/libar6004utf.a(event.o)
 .data          0x0041a230        0x0 mac_core/apps/utf/AR6004/.output/AR6320/hw.3/lib/libar6004utf.a(hw.o)
 .data          0x0041a230        0x0 mac_core/apps/utf/AR6004/.output/AR6320/hw.3/lib/libar6004utf.a(main.o)
 .data          0x0041a230       0x10 mac_core/src/misc/extend_alloc/.output/AR6320/hw.3/lib/libextendalloc.a(extend_allocate.o)
                0x0041a230                ExtendAllocateApis
 .data          0x0041a240       0x70 mac_core/src/hostif/htc/.output/AR6320/hw.3/lib/libhtc.a(htc.o)
                0x0041a240                g_HTCPipeIndirectionTable
 .data          0x0041a2b0        0xc mac_core/src/misc/module_id/.output/AR6320/hw.3/lib/libmodule_id.a(module_id.o)
                0x0041a2b0                module_id_api
                0x0041a2b4                module_id_fns
 .data          0x0041a2bc        0x0 mac_core/src/wal/whal/ini/.output/AR6320/hw.3/lib/libwhalini.a(whalini.o)
 .data          0x0041a2bc        0x0 mac_core/src/utils/sm/.output/AR6320/hw.3/lib/libsm.a(sm.o)
 *fill*         0x0041a2bc        0x4 00
 .data          0x0041a2c0      0x22c mac_core/src/wal/AR/coex/.output/AR6320/hw.3/lib/wal_coex.a(wal_coex.o)
                0x0041a2c0                walCoexApiTable
                0x0041a4d8                CoexConfigMgr2Chain
                0x0041a4dc                CoexConfigMgr1Chain
                0x0041a4e0                CoexConfigMgr3Chain
 .data          0x0041a4ec      0x148 mac_core/src/wal/AR/coex/.output/AR6320/hw.3/lib/wal_coex.a(wal_btcoex.o)
 *fill*         0x0041a634        0xc 00
 .data          0x0041a640      0x105 mac_core/src/wal/AR/coex/.output/AR6320/hw.3/lib/wal_coex.a(wal_mwscoex.o)
                0x0041a728                pn
                0x0041a730                tddcfgparam
 .data          0x0041a745        0x0 mac_core/src/wal/AR/coex/.output/AR6320/hw.3/lib/wal_coex.a(wal_mwscoex_crc.o)